{-# LANGUAGE PartialTypeSignatures #-}
module AddAndOr3 where

addAndOr3 :: _ -> _ -> _
addAndOr3 (a, b) (c, d) = (a `plus` d, b || c)
  where plus :: Int -> Int -> Int
        x `plus` y = x + y

==============
tests/examples/AddAndOr3.hs
==============
lengths:(196,196)

==============

({ tests/examples/AddAndOr3.hs:1:1 }
 Just (Ann (DP (0,0)) (ColDelta 1) DP (0,0) [] [((AnnComment DComment (DP (0,0),DP (0,38)) "{-# LANGUAGE PartialTypeSignatures #-}"),DP (0,0)),((G AnnModule),DP (1,1)),((G AnnVal),DP (0,1)),((G AnnWhere),DP (0,1)),((G AnnEofPos),DP (1,0))])
 (HsModule 
  (Just 
   ({ tests/examples/AddAndOr3.hs:2:8-16 }
    Nothing{ModuleName: AddAndOr3})) 
  (Nothing) 
  [] 
  [
   ({ tests/examples/AddAndOr3.hs:4:1-24 }
    Just (Ann (DP (2,1)) (ColDelta 1) DP (2,1) [] [((G AnnDcolon),DP (0,1))])
    (SigD 
     (TypeSig 
      [
       ({ tests/examples/AddAndOr3.hs:4:1-9 }
        Just (Ann (DP (0,0)) (ColDelta 1) DP (0,0) [] [((G AnnVal),DP (0,0))])
        (Unqual {OccName: addAndOr3}))] 
      ({ tests/examples/AddAndOr3.hs:4:14-24 }
       Just (Ann (DP (0,1)) (ColDelta 14) DP (0,1) [] [])
       (HsForAllTy 
        (Implicit) 
        (Nothing) 
        (HsQTvs 
         [] 
         []) 
        ({ <no location info> }
         Nothing
         []) 
        ({ tests/examples/AddAndOr3.hs:4:14-24 }
         Just (Ann (DP (0,0)) (ColDelta 14) DP (0,0) [] [((G AnnRarrow),DP (0,1))])
         (HsFunTy 
          ({ tests/examples/AddAndOr3.hs:4:14 }
           Just (Ann (DP (0,0)) (ColDelta 14) DP (0,0) [] [((G AnnVal),DP (0,0))])
           (HsWildcardTy)) 
          ({ tests/examples/AddAndOr3.hs:4:19-24 }
           Just (Ann (DP (0,1)) (ColDelta 19) DP (0,1) [] [((G AnnRarrow),DP (0,1))])
           (HsFunTy 
            ({ tests/examples/AddAndOr3.hs:4:19 }
             Just (Ann (DP (0,0)) (ColDelta 19) DP (0,0) [] [((G AnnVal),DP (0,0))])
             (HsWildcardTy)) 
            ({ tests/examples/AddAndOr3.hs:4:24 }
             Just (Ann (DP (0,1)) (ColDelta 24) DP (0,1) [] [((G AnnVal),DP (0,0))])
             (HsWildcardTy)))))))) 
      (PlaceHolder)))),
   ({ tests/examples/AddAndOr3.hs:(5,1)-(7,26) }
    Just (Ann (DP (1,1)) (ColDelta 1) DP (1,1) [] [])
    (ValD 
     (FunBind 
      ({ tests/examples/AddAndOr3.hs:5:1-9 }
       Just (Ann (DP (0,0)) (ColDelta 1) DP (0,0) [] [((G AnnVal),DP (0,0))])
       (Unqual {OccName: addAndOr3})) 
      (False) 
      (MG 
       [
        ({ tests/examples/AddAndOr3.hs:(5,1)-(7,26) }
         Just (Ann (DP (0,0)) (ColDelta 1) DP (0,0) [] [((G AnnEqual),DP (0,1)),((G AnnWhere),DP (1,3))])
         (Match 
          (Just 
           ((,) 
            ({ tests/examples/AddAndOr3.hs:5:1-9 }
             Just (Ann (DP (0,0)) (ColDelta 1) DP (0,0) [] [((G AnnVal),DP (0,0))])
             (Unqual {OccName: addAndOr3})) 
            (False))) 
          [
           ({ tests/examples/AddAndOr3.hs:5:11-16 }
            Just (Ann (DP (0,1)) (ColDelta 11) DP (0,1) [] [((G AnnOpenP),DP (0,0)),((G AnnCloseP),DP (0,0))])
            (TuplePat 
             [
              ({ tests/examples/AddAndOr3.hs:5:12 }
               Just (Ann (DP (0,0)) (ColDelta 12) DP (0,0) [] [((G AnnVal),DP (0,0)),((G AnnComma),DP (0,0))])
               (VarPat 
                (Unqual {OccName: a}))),
              ({ tests/examples/AddAndOr3.hs:5:15 }
               Just (Ann (DP (0,1)) (ColDelta 15) DP (0,1) [] [((G AnnVal),DP (0,0))])
               (VarPat 
                (Unqual {OccName: b})))] 
             (Boxed) 
             [])),
           ({ tests/examples/AddAndOr3.hs:5:18-23 }
            Just (Ann (DP (0,1)) (ColDelta 18) DP (0,1) [] [((G AnnOpenP),DP (0,0)),((G AnnCloseP),DP (0,0))])
            (TuplePat 
             [
              ({ tests/examples/AddAndOr3.hs:5:19 }
               Just (Ann (DP (0,0)) (ColDelta 19) DP (0,0) [] [((G AnnVal),DP (0,0)),((G AnnComma),DP (0,0))])
               (VarPat 
                (Unqual {OccName: c}))),
              ({ tests/examples/AddAndOr3.hs:5:22 }
               Just (Ann (DP (0,1)) (ColDelta 22) DP (0,1) [] [((G AnnVal),DP (0,0))])
               (VarPat 
                (Unqual {OccName: d})))] 
             (Boxed) 
             []))] 
          (Nothing) 
          (GRHSs 
           [
            ({ tests/examples/AddAndOr3.hs:(5,25)-(7,26) }
             Just (Ann (DP (0,-1)) (ColDelta 25) DP (0,-1) [] [])
             (GRHS 
              [] 
              ({ tests/examples/AddAndOr3.hs:5:27-46 }
               Just (Ann (DP (0,1)) (ColDelta 27) DP (0,1) [] [((G AnnOpenP),DP (0,0)),((G AnnCloseP),DP (0,0))])
               (ExplicitTuple 
                [
                 ({ tests/examples/AddAndOr3.hs:5:28-37 }
                  Just (Ann (DP (0,0)) (ColDelta 28) DP (0,0) [] [])
                  (Present 
                   ({ tests/examples/AddAndOr3.hs:5:28-37 }
                    Just (Ann (DP (0,0)) (ColDelta 28) DP (0,0) [] [((G AnnComma),DP (0,0))])
                    (OpApp 
                     ({ tests/examples/AddAndOr3.hs:5:28 }
                      Just (Ann (DP (0,0)) (ColDelta 28) DP (0,0) [] [((G AnnVal),DP (0,0))])
                      (HsVar 
                       (Unqual {OccName: a}))) 
                     ({ tests/examples/AddAndOr3.hs:5:30-35 }
                      Just (Ann (DP (0,1)) (ColDelta 30) DP (0,1) [] [((G AnnBackquote),DP (0,0)),((G AnnVal),DP (0,0)),((G AnnBackquote),DP (0,0))])
                      (HsVar 
                       (Unqual {OccName: plus}))) 
                     (PlaceHolder) 
                     ({ tests/examples/AddAndOr3.hs:5:37 }
                      Just (Ann (DP (0,1)) (ColDelta 37) DP (0,1) [] [((G AnnVal),DP (0,0))])
                      (HsVar 
                       (Unqual {OccName: d}))))))),
                 ({ tests/examples/AddAndOr3.hs:5:40-45 }
                  Just (Ann (DP (0,1)) (ColDelta 40) DP (0,1) [] [])
                  (Present 
                   ({ tests/examples/AddAndOr3.hs:5:40-45 }
                    Just (Ann (DP (0,0)) (ColDelta 40) DP (0,0) [] [])
                    (OpApp 
                     ({ tests/examples/AddAndOr3.hs:5:40 }
                      Just (Ann (DP (0,0)) (ColDelta 40) DP (0,0) [] [((G AnnVal),DP (0,0))])
                      (HsVar 
                       (Unqual {OccName: b}))) 
                     ({ tests/examples/AddAndOr3.hs:5:42-43 }
                      Just (Ann (DP (0,1)) (ColDelta 42) DP (0,1) [] [((G AnnVal),DP (0,0))])
                      (HsVar 
                       (Unqual {OccName: ||}))) 
                     (PlaceHolder) 
                     ({ tests/examples/AddAndOr3.hs:5:45 }
                      Just (Ann (DP (0,1)) (ColDelta 45) DP (0,1) [] [((G AnnVal),DP (0,0))])
                      (HsVar 
                       (Unqual {OccName: c})))))))] 
                (Boxed)))))] 
           (HsValBinds 
            (ValBindsIn {Bag(Located (HsBind RdrName)): 
             [
              ({ tests/examples/AddAndOr3.hs:7:9-26 }
               Just (Ann (DP (1,0)) (ColDelta 0) DP (1,0) [] [])
               (FunBind 
                ({ tests/examples/AddAndOr3.hs:7:11-16 }
                 Just (Ann (DP (0,1)) (ColDelta 2) DP (0,1) [] [((G AnnBackquote),DP (0,0)),((G AnnVal),DP (0,0)),((G AnnBackquote),DP (0,0))])
                 (Unqual {OccName: plus})) 
                (True) 
                (MG 
                 [
                  ({ tests/examples/AddAndOr3.hs:7:9-26 }
                   Just (Ann (DP (0,0)) (ColDelta 0) DP (0,0) [] [((G AnnEqual),DP (0,1))])
                   (Match 
                    (Just 
                     ((,) 
                      ({ tests/examples/AddAndOr3.hs:7:11-16 }
                       Just (Ann (DP (0,1)) (ColDelta 2) DP (0,1) [] [((G AnnBackquote),DP (0,0)),((G AnnVal),DP (0,0)),((G AnnBackquote),DP (0,0))])
                       (Unqual {OccName: plus})) 
                      (True))) 
                    [
                     ({ tests/examples/AddAndOr3.hs:7:9 }
                      Just (Ann (DP (0,0)) (ColDelta 0) DP (0,0) [] [((G AnnVal),DP (0,0))])
                      (VarPat 
                       (Unqual {OccName: x}))),
                     ({ tests/examples/AddAndOr3.hs:7:18 }
                      Just (Ann (DP (0,1)) (ColDelta 9) DP (0,1) [] [((G AnnVal),DP (0,0))])
                      (VarPat 
                       (Unqual {OccName: y})))] 
                    (Nothing) 
                    (GRHSs 
                     [
                      ({ tests/examples/AddAndOr3.hs:7:20-26 }
                       Just (Ann (DP (0,-1)) (ColDelta 11) DP (0,-1) [] [])
                       (GRHS 
                        [] 
                        ({ tests/examples/AddAndOr3.hs:7:22-26 }
                         Just (Ann (DP (0,1)) (ColDelta 13) DP (0,1) [] [])
                         (OpApp 
                          ({ tests/examples/AddAndOr3.hs:7:22 }
                           Just (Ann (DP (0,0)) (ColDelta 13) DP (0,0) [] [((G AnnVal),DP (0,0))])
                           (HsVar 
                            (Unqual {OccName: x}))) 
                          ({ tests/examples/AddAndOr3.hs:7:24 }
                           Just (Ann (DP (0,1)) (ColDelta 15) DP (0,1) [] [((G AnnVal),DP (0,0))])
                           (HsVar 
                            (Unqual {OccName: +}))) 
                          (PlaceHolder) 
                          ({ tests/examples/AddAndOr3.hs:7:26 }
                           Just (Ann (DP (0,1)) (ColDelta 17) DP (0,1) [] [((G AnnVal),DP (0,0))])
                           (HsVar 
                            (Unqual {OccName: y})))))))] 
                     (EmptyLocalBinds))))] 
                 [] 
                 (PlaceHolder) 
                 (FromSource)) 
                (WpHole) 
                (PlaceHolder) 
                []))]} 
             [
              ({ tests/examples/AddAndOr3.hs:6:9-33 }
               Just (Ann (DP (0,0)) (ColDelta 0) DP (0,0) [] [((G AnnDcolon),DP (0,1))])
               (TypeSig 
                [
                 ({ tests/examples/AddAndOr3.hs:6:9-12 }
                  Just (Ann (DP (0,0)) (ColDelta 0) DP (0,0) [] [((G AnnVal),DP (0,0))])
                  (Unqual {OccName: plus}))] 
                ({ tests/examples/AddAndOr3.hs:6:17-33 }
                 Just (Ann (DP (0,1)) (ColDelta 8) DP (0,1) [] [])
                 (HsForAllTy 
                  (Implicit) 
                  (Nothing) 
                  (HsQTvs 
                   [] 
                   []) 
                  ({ <no location info> }
                   Nothing
                   []) 
                  ({ tests/examples/AddAndOr3.hs:6:17-33 }
                   Just (Ann (DP (0,0)) (ColDelta 8) DP (0,0) [] [((G AnnRarrow),DP (0,1))])
                   (HsFunTy 
                    ({ tests/examples/AddAndOr3.hs:6:17-19 }
                     Just (Ann (DP (0,0)) (ColDelta 8) DP (0,0) [] [((G AnnVal),DP (0,0))])
                     (HsTyVar 
                      (Unqual {OccName: Int}))) 
                    ({ tests/examples/AddAndOr3.hs:6:24-33 }
                     Just (Ann (DP (0,1)) (ColDelta 15) DP (0,1) [] [((G AnnRarrow),DP (0,1))])
                     (HsFunTy 
                      ({ tests/examples/AddAndOr3.hs:6:24-26 }
                       Just (Ann (DP (0,0)) (ColDelta 15) DP (0,0) [] [((G AnnVal),DP (0,0))])
                       (HsTyVar 
                        (Unqual {OccName: Int}))) 
                      ({ tests/examples/AddAndOr3.hs:6:31-33 }
                       Just (Ann (DP (0,1)) (ColDelta 22) DP (0,1) [] [((G AnnVal),DP (0,0))])
                       (HsTyVar 
                        (Unqual {OccName: Int}))))))))) 
                (PlaceHolder)))])))))] 
       [] 
       (PlaceHolder) 
       (FromSource)) 
      (WpHole) 
      (PlaceHolder) 
      [])))] 
  (Nothing) 
  (Nothing)))
==============
[(AnnKey tests/examples/AddAndOr3.hs:1:1 CN "HsModule",
  (Ann (DP (0,0)) (ColDelta 1) DP (0,0) [] [((AnnComment DComment (DP (0,0),DP (0,38)) "{-# LANGUAGE PartialTypeSignatures #-}"),DP (0,0)),((G AnnModule),DP (1,1)),((G AnnVal),DP (0,1)),((G AnnWhere),DP (0,1)),((G AnnEofPos),DP (1,0))])),
 (AnnKey tests/examples/AddAndOr3.hs:4:1-9 CN "Unqual",
  (Ann (DP (0,0)) (ColDelta 1) DP (0,0) [] [((G AnnVal),DP (0,0))])),
 (AnnKey tests/examples/AddAndOr3.hs:4:1-24 CN "SigD",
  (Ann (DP (2,1)) (ColDelta 1) DP (2,1) [] [((G AnnDcolon),DP (0,1))])),
 (AnnKey tests/examples/AddAndOr3.hs:4:14 CN "HsWildcardTy",
  (Ann (DP (0,0)) (ColDelta 14) DP (0,0) [] [((G AnnVal),DP (0,0))])),
 (AnnKey tests/examples/AddAndOr3.hs:4:14-24 CN "HsForAllTy",
  (Ann (DP (0,1)) (ColDelta 14) DP (0,1) [] [])),
 (AnnKey tests/examples/AddAndOr3.hs:4:14-24 CN "HsFunTy",
  (Ann (DP (0,0)) (ColDelta 14) DP (0,0) [] [((G AnnRarrow),DP (0,1))])),
 (AnnKey tests/examples/AddAndOr3.hs:4:19 CN "HsWildcardTy",
  (Ann (DP (0,0)) (ColDelta 19) DP (0,0) [] [((G AnnVal),DP (0,0))])),
 (AnnKey tests/examples/AddAndOr3.hs:4:19-24 CN "HsFunTy",
  (Ann (DP (0,1)) (ColDelta 19) DP (0,1) [] [((G AnnRarrow),DP (0,1))])),
 (AnnKey tests/examples/AddAndOr3.hs:4:24 CN "HsWildcardTy",
  (Ann (DP (0,1)) (ColDelta 24) DP (0,1) [] [((G AnnVal),DP (0,0))])),
 (AnnKey tests/examples/AddAndOr3.hs:5:1-9 CN "Unqual",
  (Ann (DP (0,0)) (ColDelta 1) DP (0,0) [] [((G AnnVal),DP (0,0))])),
 (AnnKey tests/examples/AddAndOr3.hs:(5,1)-(7,26) CN "Match",
  (Ann (DP (0,0)) (ColDelta 1) DP (0,0) [] [((G AnnEqual),DP (0,1)),((G AnnWhere),DP (1,3))])),
 (AnnKey tests/examples/AddAndOr3.hs:(5,1)-(7,26) CN "ValD",
  (Ann (DP (1,1)) (ColDelta 1) DP (1,1) [] [])),
 (AnnKey tests/examples/AddAndOr3.hs:5:11-16 CN "TuplePat",
  (Ann (DP (0,1)) (ColDelta 11) DP (0,1) [] [((G AnnOpenP),DP (0,0)),((G AnnCloseP),DP (0,0))])),
 (AnnKey tests/examples/AddAndOr3.hs:5:12 CN "VarPat",
  (Ann (DP (0,0)) (ColDelta 12) DP (0,0) [] [((G AnnVal),DP (0,0)),((G AnnComma),DP (0,0))])),
 (AnnKey tests/examples/AddAndOr3.hs:5:15 CN "VarPat",
  (Ann (DP (0,1)) (ColDelta 15) DP (0,1) [] [((G AnnVal),DP (0,0))])),
 (AnnKey tests/examples/AddAndOr3.hs:5:18-23 CN "TuplePat",
  (Ann (DP (0,1)) (ColDelta 18) DP (0,1) [] [((G AnnOpenP),DP (0,0)),((G AnnCloseP),DP (0,0))])),
 (AnnKey tests/examples/AddAndOr3.hs:5:19 CN "VarPat",
  (Ann (DP (0,0)) (ColDelta 19) DP (0,0) [] [((G AnnVal),DP (0,0)),((G AnnComma),DP (0,0))])),
 (AnnKey tests/examples/AddAndOr3.hs:5:22 CN "VarPat",
  (Ann (DP (0,1)) (ColDelta 22) DP (0,1) [] [((G AnnVal),DP (0,0))])),
 (AnnKey tests/examples/AddAndOr3.hs:(5,25)-(7,26) CN "GRHS",
  (Ann (DP (0,-1)) (ColDelta 25) DP (0,-1) [] [])),
 (AnnKey tests/examples/AddAndOr3.hs:5:27-46 CN "ExplicitTuple",
  (Ann (DP (0,1)) (ColDelta 27) DP (0,1) [] [((G AnnOpenP),DP (0,0)),((G AnnCloseP),DP (0,0))])),
 (AnnKey tests/examples/AddAndOr3.hs:5:28 CN "HsVar",
  (Ann (DP (0,0)) (ColDelta 28) DP (0,0) [] [((G AnnVal),DP (0,0))])),
 (AnnKey tests/examples/AddAndOr3.hs:5:28-37 CN "OpApp",
  (Ann (DP (0,0)) (ColDelta 28) DP (0,0) [] [((G AnnComma),DP (0,0))])),
 (AnnKey tests/examples/AddAndOr3.hs:5:28-37 CN "Present",
  (Ann (DP (0,0)) (ColDelta 28) DP (0,0) [] [])),
 (AnnKey tests/examples/AddAndOr3.hs:5:30-35 CN "HsVar",
  (Ann (DP (0,1)) (ColDelta 30) DP (0,1) [] [((G AnnBackquote),DP (0,0)),((G AnnVal),DP (0,0)),((G AnnBackquote),DP (0,0))])),
 (AnnKey tests/examples/AddAndOr3.hs:5:37 CN "HsVar",
  (Ann (DP (0,1)) (ColDelta 37) DP (0,1) [] [((G AnnVal),DP (0,0))])),
 (AnnKey tests/examples/AddAndOr3.hs:5:40 CN "HsVar",
  (Ann (DP (0,0)) (ColDelta 40) DP (0,0) [] [((G AnnVal),DP (0,0))])),
 (AnnKey tests/examples/AddAndOr3.hs:5:40-45 CN "OpApp",
  (Ann (DP (0,0)) (ColDelta 40) DP (0,0) [] [])),
 (AnnKey tests/examples/AddAndOr3.hs:5:40-45 CN "Present",
  (Ann (DP (0,1)) (ColDelta 40) DP (0,1) [] [])),
 (AnnKey tests/examples/AddAndOr3.hs:5:42-43 CN "HsVar",
  (Ann (DP (0,1)) (ColDelta 42) DP (0,1) [] [((G AnnVal),DP (0,0))])),
 (AnnKey tests/examples/AddAndOr3.hs:5:45 CN "HsVar",
  (Ann (DP (0,1)) (ColDelta 45) DP (0,1) [] [((G AnnVal),DP (0,0))])),
 (AnnKey tests/examples/AddAndOr3.hs:6:9-12 CN "Unqual",
  (Ann (DP (0,0)) (ColDelta 0) DP (0,0) [] [((G AnnVal),DP (0,0))])),
 (AnnKey tests/examples/AddAndOr3.hs:6:9-33 CN "TypeSig",
  (Ann (DP (0,0)) (ColDelta 0) DP (0,0) [] [((G AnnDcolon),DP (0,1))])),
 (AnnKey tests/examples/AddAndOr3.hs:(6,9)-(7,26) CN "HsValBinds",
  (Ann (DP (0,1)) (ColDelta 9) DP (0,1) [] [])),
 (AnnKey tests/examples/AddAndOr3.hs:6:17-19 CN "HsTyVar",
  (Ann (DP (0,0)) (ColDelta 8) DP (0,0) [] [((G AnnVal),DP (0,0))])),
 (AnnKey tests/examples/AddAndOr3.hs:6:17-33 CN "HsForAllTy",
  (Ann (DP (0,1)) (ColDelta 8) DP (0,1) [] [])),
 (AnnKey tests/examples/AddAndOr3.hs:6:17-33 CN "HsFunTy",
  (Ann (DP (0,0)) (ColDelta 8) DP (0,0) [] [((G AnnRarrow),DP (0,1))])),
 (AnnKey tests/examples/AddAndOr3.hs:6:24-26 CN "HsTyVar",
  (Ann (DP (0,0)) (ColDelta 15) DP (0,0) [] [((G AnnVal),DP (0,0))])),
 (AnnKey tests/examples/AddAndOr3.hs:6:24-33 CN "HsFunTy",
  (Ann (DP (0,1)) (ColDelta 15) DP (0,1) [] [((G AnnRarrow),DP (0,1))])),
 (AnnKey tests/examples/AddAndOr3.hs:6:31-33 CN "HsTyVar",
  (Ann (DP (0,1)) (ColDelta 22) DP (0,1) [] [((G AnnVal),DP (0,0))])),
 (AnnKey tests/examples/AddAndOr3.hs:7:9 CN "VarPat",
  (Ann (DP (0,0)) (ColDelta 0) DP (0,0) [] [((G AnnVal),DP (0,0))])),
 (AnnKey tests/examples/AddAndOr3.hs:7:9-26 CN "FunBind",
  (Ann (DP (1,0)) (ColDelta 0) DP (1,0) [] [])),
 (AnnKey tests/examples/AddAndOr3.hs:7:9-26 CN "Match",
  (Ann (DP (0,0)) (ColDelta 0) DP (0,0) [] [((G AnnEqual),DP (0,1))])),
 (AnnKey tests/examples/AddAndOr3.hs:7:11-16 CN "Unqual",
  (Ann (DP (0,1)) (ColDelta 2) DP (0,1) [] [((G AnnBackquote),DP (0,0)),((G AnnVal),DP (0,0)),((G AnnBackquote),DP (0,0))])),
 (AnnKey tests/examples/AddAndOr3.hs:7:18 CN "VarPat",
  (Ann (DP (0,1)) (ColDelta 9) DP (0,1) [] [((G AnnVal),DP (0,0))])),
 (AnnKey tests/examples/AddAndOr3.hs:7:20-26 CN "GRHS",
  (Ann (DP (0,-1)) (ColDelta 11) DP (0,-1) [] [])),
 (AnnKey tests/examples/AddAndOr3.hs:7:22 CN "HsVar",
  (Ann (DP (0,0)) (ColDelta 13) DP (0,0) [] [((G AnnVal),DP (0,0))])),
 (AnnKey tests/examples/AddAndOr3.hs:7:22-26 CN "OpApp",
  (Ann (DP (0,1)) (ColDelta 13) DP (0,1) [] [])),
 (AnnKey tests/examples/AddAndOr3.hs:7:24 CN "HsVar",
  (Ann (DP (0,1)) (ColDelta 15) DP (0,1) [] [((G AnnVal),DP (0,0))])),
 (AnnKey tests/examples/AddAndOr3.hs:7:26 CN "HsVar",
  (Ann (DP (0,1)) (ColDelta 17) DP (0,1) [] [((G AnnVal),DP (0,0))])),
 (AnnKey <no location info> CN "EmptyLocalBinds",
  (Ann (DP (-7,0)) (ColDelta -9) DP (-7,0) [] []))]
==============
([((tests/examples/AddAndOr3.hs:1:1, AnnModule),
   [tests/examples/AddAndOr3.hs:2:1-6]),
  ((tests/examples/AddAndOr3.hs:1:1, AnnWhere),
   [tests/examples/AddAndOr3.hs:2:18-22]),
  ((tests/examples/AddAndOr3.hs:4:1-24, AnnDcolon),
   [tests/examples/AddAndOr3.hs:4:11-12]),
  ((tests/examples/AddAndOr3.hs:4:1-24, AnnSemi),
   [tests/examples/AddAndOr3.hs:5:1]),
  ((tests/examples/AddAndOr3.hs:4:14-24, AnnRarrow),
   [tests/examples/AddAndOr3.hs:4:16-17]),
  ((tests/examples/AddAndOr3.hs:4:19-24, AnnRarrow),
   [tests/examples/AddAndOr3.hs:4:21-22]),
  ((tests/examples/AddAndOr3.hs:(5,1)-(7,26), AnnEqual),
   [tests/examples/AddAndOr3.hs:5:25]),
  ((tests/examples/AddAndOr3.hs:(5,1)-(7,26), AnnFunId),
   [tests/examples/AddAndOr3.hs:5:1-9]),
  ((tests/examples/AddAndOr3.hs:(5,1)-(7,26), AnnSemi),
   [tests/examples/AddAndOr3.hs:8:1]),
  ((tests/examples/AddAndOr3.hs:(5,1)-(7,26), AnnWhere),
   [tests/examples/AddAndOr3.hs:6:3-7]),
  ((tests/examples/AddAndOr3.hs:5:11-16, AnnCloseP),
   [tests/examples/AddAndOr3.hs:5:16]),
  ((tests/examples/AddAndOr3.hs:5:11-16, AnnOpenP),
   [tests/examples/AddAndOr3.hs:5:11]),
  ((tests/examples/AddAndOr3.hs:5:12, AnnComma),
   [tests/examples/AddAndOr3.hs:5:13]),
  ((tests/examples/AddAndOr3.hs:5:18-23, AnnCloseP),
   [tests/examples/AddAndOr3.hs:5:23]),
  ((tests/examples/AddAndOr3.hs:5:18-23, AnnOpenP),
   [tests/examples/AddAndOr3.hs:5:18]),
  ((tests/examples/AddAndOr3.hs:5:19, AnnComma),
   [tests/examples/AddAndOr3.hs:5:20]),
  ((tests/examples/AddAndOr3.hs:5:27-46, AnnCloseP),
   [tests/examples/AddAndOr3.hs:5:46]),
  ((tests/examples/AddAndOr3.hs:5:27-46, AnnOpenP),
   [tests/examples/AddAndOr3.hs:5:27]),
  ((tests/examples/AddAndOr3.hs:5:28-37, AnnComma),
   [tests/examples/AddAndOr3.hs:5:38]),
  ((tests/examples/AddAndOr3.hs:5:28-37, AnnVal),
   [tests/examples/AddAndOr3.hs:5:30-35]),
  ((tests/examples/AddAndOr3.hs:5:30-35, AnnBackquote),
   [tests/examples/AddAndOr3.hs:5:30,
    tests/examples/AddAndOr3.hs:5:35]),
  ((tests/examples/AddAndOr3.hs:5:30-35, AnnVal),
   [tests/examples/AddAndOr3.hs:5:31-34]),
  ((tests/examples/AddAndOr3.hs:5:40-45, AnnVal),
   [tests/examples/AddAndOr3.hs:5:42-43]),
  ((tests/examples/AddAndOr3.hs:6:9-33, AnnDcolon),
   [tests/examples/AddAndOr3.hs:6:14-15]),
  ((tests/examples/AddAndOr3.hs:6:9-33, AnnSemi),
   [tests/examples/AddAndOr3.hs:7:9]),
  ((tests/examples/AddAndOr3.hs:6:17-33, AnnRarrow),
   [tests/examples/AddAndOr3.hs:6:21-22]),
  ((tests/examples/AddAndOr3.hs:6:24-33, AnnRarrow),
   [tests/examples/AddAndOr3.hs:6:28-29]),
  ((tests/examples/AddAndOr3.hs:7:9-18, AnnVal),
   [tests/examples/AddAndOr3.hs:7:11-16]),
  ((tests/examples/AddAndOr3.hs:7:9-26, AnnEqual),
   [tests/examples/AddAndOr3.hs:7:20]),
  ((tests/examples/AddAndOr3.hs:7:9-26, AnnFunId),
   [tests/examples/AddAndOr3.hs:7:11-16]),
  ((tests/examples/AddAndOr3.hs:7:11-16, AnnBackquote),
   [tests/examples/AddAndOr3.hs:7:11,
    tests/examples/AddAndOr3.hs:7:16]),
  ((tests/examples/AddAndOr3.hs:7:11-16, AnnVal),
   [tests/examples/AddAndOr3.hs:7:12-15]),
  ((tests/examples/AddAndOr3.hs:7:22-26, AnnVal),
   [tests/examples/AddAndOr3.hs:7:24]),
  ((<no location info>, AnnEofPos),
   [tests/examples/AddAndOr3.hs:8:1])],
 [(<no location info>,
   [AnnBlockComment "{-# LANGUAGE PartialTypeSignatures #-}"])])