{-# LANGUAGE PatternSynonyms #-}

-- | The pattern synonym equivalent of 'destIff'.
pattern   :<=>      r <- Comb (Comb (Const "=" (TyBool :-> TyBool :-> TyBool)) l) r

-- | Destructor for boolean conjunctions.
destConj :: HOLTerm -> Maybe (HOLTerm, HOLTerm)
destConj = destBinary "/\\"

-- | The pattern synonym equivalent of 'destConj'.
pattern   :/\     r <- Binary "/\\" l r

-- | Destructor for boolean implications.
destImp :: HOLTerm -> Maybe (HOLTerm, HOLTerm)
destImp = destBinary "==>"

-- | The pattern synonym equivalent of 'destImp'.
pattern   :==>      r <- Binary "==>" l r

==============
tests/examples/InfixPatternSynonyms.hs
==============
lengths:(589,575)

==============

({ tests/examples/InfixPatternSynonyms.hs:1:1 }
 Just (Ann (DP (0,0)) (ColDelta 1) DP (0,0) [] [((G AnnEofPos),DP (1,0))])
 (HsModule 
  (Nothing) 
  (Nothing) 
  [] 
  [
   ({ tests/examples/InfixPatternSynonyms.hs:4:1-78 }
    Just (Ann (DP (1,1)) (ColDelta 1) DP (3,1) [DComment (DP (0,0),DP (0,32)) "{-# LANGUAGE PatternSynonyms #-}",DComment (DP (2,1),DP (2,50)) "-- | The pattern synonym equivalent of 'destIff'."] [((G AnnPattern),DP (0,0)),((G AnnLarrow),DP (0,1))])
    (ValD 
     (PatSynBind 
      (PSB 
       ({ tests/examples/InfixPatternSynonyms.hs:4:11-14 }
        Just (Ann (DP (0,3)) (ColDelta 11) DP (0,3) [] [((G AnnVal),DP (0,0))])
        (Unqual {OccName: :<=>})) 
       (PlaceHolder) 
       (InfixPatSyn 
        ({ tests/examples/InfixPatternSynonyms.hs:4:9 }
         Just (Ann (DP (0,-6)) (ColDelta 9) DP (0,-6) [] [((G AnnVal),DP (0,-6))])
         (Unqual {OccName: l})) 
        ({ tests/examples/InfixPatternSynonyms.hs:4:16 }
         Just (Ann (DP (0,6)) (ColDelta 16) DP (0,6) [] [((G AnnVal),DP (0,0))])
         (Unqual {OccName: r}))) 
       ({ tests/examples/InfixPatternSynonyms.hs:4:21-78 }
        Just (Ann (DP (0,1)) (ColDelta 21) DP (0,1) [] [])
        (ConPatIn 
         ({ tests/examples/InfixPatternSynonyms.hs:4:21-24 }
          Just (Ann (DP (0,0)) (ColDelta 21) DP (0,0) [] [((G AnnVal),DP (0,0))])
          (Unqual {OccName: Comb})) 
         (PrefixCon 
          [
           ({ tests/examples/InfixPatternSynonyms.hs:4:26-76 }
            Just (Ann (DP (0,1)) (ColDelta 26) DP (0,1) [] [((G AnnOpenP),DP (0,0)),((G AnnCloseP),DP (0,0))])
            (ParPat 
             ({ tests/examples/InfixPatternSynonyms.hs:4:27-75 }
              Just (Ann (DP (0,0)) (ColDelta 27) DP (0,0) [] [])
              (ConPatIn 
               ({ tests/examples/InfixPatternSynonyms.hs:4:27-30 }
                Just (Ann (DP (0,0)) (ColDelta 27) DP (0,0) [] [((G AnnVal),DP (0,0))])
                (Unqual {OccName: Comb})) 
               (PrefixCon 
                [
                 ({ tests/examples/InfixPatternSynonyms.hs:4:32-73 }
                  Just (Ann (DP (0,1)) (ColDelta 32) DP (0,1) [] [((G AnnOpenP),DP (0,0)),((G AnnCloseP),DP (0,0))])
                  (ParPat 
                   ({ tests/examples/InfixPatternSynonyms.hs:4:33-72 }
                    Just (Ann (DP (0,0)) (ColDelta 33) DP (0,0) [] [])
                    (ConPatIn 
                     ({ tests/examples/InfixPatternSynonyms.hs:4:33-37 }
                      Just (Ann (DP (0,0)) (ColDelta 33) DP (0,0) [] [((G AnnVal),DP (0,0))])
                      (Unqual {OccName: Const})) 
                     (PrefixCon 
                      [
                       ({ tests/examples/InfixPatternSynonyms.hs:4:39-41 }
                        Just (Ann (DP (0,1)) (ColDelta 39) DP (0,1) [] [((G AnnVal),DP (0,0))])
                        (LitPat 
                         (HsString "\"=\"" {FastString: "="}))),
                       ({ tests/examples/InfixPatternSynonyms.hs:4:43-72 }
                        Just (Ann (DP (0,1)) (ColDelta 43) DP (0,1) [] [((G AnnOpenP),DP (0,0)),((G AnnCloseP),DP (0,0))])
                        (ParPat 
                         ({ tests/examples/InfixPatternSynonyms.hs:4:44-71 }
                          Just (Ann (DP (0,0)) (ColDelta 44) DP (0,0) [] [])
                          (ConPatIn 
                           ({ tests/examples/InfixPatternSynonyms.hs:4:62-64 }
                            Just (Ann (DP (0,1)) (ColDelta 62) DP (0,1) [] [((G AnnVal),DP (0,0))])
                            (Unqual {OccName: :->})) 
                           (InfixCon 
                            ({ tests/examples/InfixPatternSynonyms.hs:4:44-60 }
                             Just (Ann (DP (0,0)) (ColDelta 44) DP (0,0) [] [])
                             (ConPatIn 
                              ({ tests/examples/InfixPatternSynonyms.hs:4:51-53 }
                               Just (Ann (DP (0,1)) (ColDelta 51) DP (0,1) [] [((G AnnVal),DP (0,0))])
                               (Unqual {OccName: :->})) 
                              (InfixCon 
                               ({ tests/examples/InfixPatternSynonyms.hs:4:44-49 }
                                Just (Ann (DP (0,0)) (ColDelta 44) DP (0,0) [] [])
                                (ConPatIn 
                                 ({ tests/examples/InfixPatternSynonyms.hs:4:44-49 }
                                  Just (Ann (DP (0,0)) (ColDelta 44) DP (0,0) [] [((G AnnVal),DP (0,0))])
                                  (Unqual {OccName: TyBool})) 
                                 (PrefixCon 
                                  []))) 
                               ({ tests/examples/InfixPatternSynonyms.hs:4:55-60 }
                                Just (Ann (DP (0,1)) (ColDelta 55) DP (0,1) [] [])
                                (ConPatIn 
                                 ({ tests/examples/InfixPatternSynonyms.hs:4:55-60 }
                                  Just (Ann (DP (0,0)) (ColDelta 55) DP (0,0) [] [((G AnnVal),DP (0,0))])
                                  (Unqual {OccName: TyBool})) 
                                 (PrefixCon 
                                  [])))))) 
                            ({ tests/examples/InfixPatternSynonyms.hs:4:66-71 }
                             Just (Ann (DP (0,1)) (ColDelta 66) DP (0,1) [] [])
                             (ConPatIn 
                              ({ tests/examples/InfixPatternSynonyms.hs:4:66-71 }
                               Just (Ann (DP (0,0)) (ColDelta 66) DP (0,0) [] [((G AnnVal),DP (0,0))])
                               (Unqual {OccName: TyBool})) 
                              (PrefixCon 
                               []))))))))]))))),
                 ({ tests/examples/InfixPatternSynonyms.hs:4:75 }
                  Just (Ann (DP (0,1)) (ColDelta 75) DP (0,1) [] [((G AnnVal),DP (0,0))])
                  (VarPat 
                   (Unqual {OccName: l})))]))))),
           ({ tests/examples/InfixPatternSynonyms.hs:4:78 }
            Just (Ann (DP (0,1)) (ColDelta 78) DP (0,1) [] [((G AnnVal),DP (0,0))])
            (VarPat 
             (Unqual {OccName: r})))]))) 
       (Unidirectional))))),
   ({ tests/examples/InfixPatternSynonyms.hs:7:1-47 }
    Just (Ann (DP (1,1)) (ColDelta 1) DP (3,1) [DComment (DP (2,1),DP (2,42)) "-- | Destructor for boolean conjunctions."] [((G AnnDcolon),DP (0,1))])
    (SigD 
     (TypeSig 
      [
       ({ tests/examples/InfixPatternSynonyms.hs:7:1-8 }
        Just (Ann (DP (0,0)) (ColDelta 1) DP (0,0) [] [((G AnnVal),DP (0,0))])
        (Unqual {OccName: destConj}))] 
      ({ tests/examples/InfixPatternSynonyms.hs:7:13-47 }
       Just (Ann (DP (0,1)) (ColDelta 13) DP (0,1) [] [])
       (HsForAllTy 
        (Implicit) 
        (Nothing) 
        (HsQTvs 
         [] 
         []) 
        ({ <no location info> }
         Nothing
         []) 
        ({ tests/examples/InfixPatternSynonyms.hs:7:13-47 }
         Just (Ann (DP (0,0)) (ColDelta 13) DP (0,0) [] [((G AnnRarrow),DP (0,1))])
         (HsFunTy 
          ({ tests/examples/InfixPatternSynonyms.hs:7:13-19 }
           Just (Ann (DP (0,0)) (ColDelta 13) DP (0,0) [] [((G AnnVal),DP (0,0))])
           (HsTyVar 
            (Unqual {OccName: HOLTerm}))) 
          ({ tests/examples/InfixPatternSynonyms.hs:7:24-47 }
           Just (Ann (DP (0,1)) (ColDelta 24) DP (0,1) [] [])
           (HsAppTy 
            ({ tests/examples/InfixPatternSynonyms.hs:7:24-28 }
             Just (Ann (DP (0,0)) (ColDelta 24) DP (0,0) [] [((G AnnVal),DP (0,0))])
             (HsTyVar 
              (Unqual {OccName: Maybe}))) 
            ({ tests/examples/InfixPatternSynonyms.hs:7:30-47 }
             Just (Ann (DP (0,1)) (ColDelta 30) DP (0,1) [] [((G AnnOpenP),DP (0,0)),((G AnnCloseP),DP (0,0))])
             (HsTupleTy 
              (HsBoxedOrConstraintTuple) 
              [
               ({ tests/examples/InfixPatternSynonyms.hs:7:31-37 }
                Just (Ann (DP (0,0)) (ColDelta 31) DP (0,0) [] [((G AnnVal),DP (0,0)),((G AnnComma),DP (0,0))])
                (HsTyVar 
                 (Unqual {OccName: HOLTerm}))),
               ({ tests/examples/InfixPatternSynonyms.hs:7:40-46 }
                Just (Ann (DP (0,1)) (ColDelta 40) DP (0,1) [] [((G AnnVal),DP (0,0))])
                (HsTyVar 
                 (Unqual {OccName: HOLTerm})))])))))))) 
      (PlaceHolder)))),
   ({ tests/examples/InfixPatternSynonyms.hs:8:1-27 }
    Just (Ann (DP (1,1)) (ColDelta 1) DP (1,1) [] [])
    (ValD 
     (FunBind 
      ({ tests/examples/InfixPatternSynonyms.hs:8:1-8 }
       Just (Ann (DP (0,0)) (ColDelta 1) DP (0,0) [] [((G AnnVal),DP (0,0))])
       (Unqual {OccName: destConj})) 
      (False) 
      (MG 
       [
        ({ tests/examples/InfixPatternSynonyms.hs:8:1-27 }
         Just (Ann (DP (0,0)) (ColDelta 1) DP (0,0) [] [((G AnnEqual),DP (0,1))])
         (Match 
          (Just 
           ((,) 
            ({ tests/examples/InfixPatternSynonyms.hs:8:1-8 }
             Just (Ann (DP (0,0)) (ColDelta 1) DP (0,0) [] [((G AnnVal),DP (0,0))])
             (Unqual {OccName: destConj})) 
            (False))) 
          [] 
          (Nothing) 
          (GRHSs 
           [
            ({ tests/examples/InfixPatternSynonyms.hs:8:10-27 }
             Just (Ann (DP (0,-1)) (ColDelta 10) DP (0,-1) [] [])
             (GRHS 
              [] 
              ({ tests/examples/InfixPatternSynonyms.hs:8:12-27 }
               Just (Ann (DP (0,1)) (ColDelta 12) DP (0,1) [] [])
               (HsApp 
                ({ tests/examples/InfixPatternSynonyms.hs:8:12-21 }
                 Just (Ann (DP (0,0)) (ColDelta 12) DP (0,0) [] [((G AnnVal),DP (0,0))])
                 (HsVar 
                  (Unqual {OccName: destBinary}))) 
                ({ tests/examples/InfixPatternSynonyms.hs:8:23-27 }
                 Just (Ann (DP (0,1)) (ColDelta 23) DP (0,1) [] [((G AnnVal),DP (0,0))])
                 (HsLit 
                  (HsString "\"/\\\\\"" {FastString: "/\\"})))))))] 
           (EmptyLocalBinds))))] 
       [] 
       (PlaceHolder) 
       (FromSource)) 
      (WpHole) 
      (PlaceHolder) 
      []))),
   ({ tests/examples/InfixPatternSynonyms.hs:11:1-35 }
    Just (Ann (DP (1,1)) (ColDelta 1) DP (3,1) [DComment (DP (2,1),DP (2,51)) "-- | The pattern synonym equivalent of 'destConj'."] [((G AnnPattern),DP (0,0)),((G AnnLarrow),DP (0,1))])
    (ValD 
     (PatSynBind 
      (PSB 
       ({ tests/examples/InfixPatternSynonyms.hs:11:11-13 }
        Just (Ann (DP (0,3)) (ColDelta 11) DP (0,3) [] [((G AnnVal),DP (0,0))])
        (Unqual {OccName: :/\})) 
       (PlaceHolder) 
       (InfixPatSyn 
        ({ tests/examples/InfixPatternSynonyms.hs:11:9 }
         Just (Ann (DP (0,-5)) (ColDelta 9) DP (0,-5) [] [((G AnnVal),DP (0,-5))])
         (Unqual {OccName: l})) 
        ({ tests/examples/InfixPatternSynonyms.hs:11:15 }
         Just (Ann (DP (0,5)) (ColDelta 15) DP (0,5) [] [((G AnnVal),DP (0,0))])
         (Unqual {OccName: r}))) 
       ({ tests/examples/InfixPatternSynonyms.hs:11:20-35 }
        Just (Ann (DP (0,1)) (ColDelta 20) DP (0,1) [] [])
        (ConPatIn 
         ({ tests/examples/InfixPatternSynonyms.hs:11:20-25 }
          Just (Ann (DP (0,0)) (ColDelta 20) DP (0,0) [] [((G AnnVal),DP (0,0))])
          (Unqual {OccName: Binary})) 
         (PrefixCon 
          [
           ({ tests/examples/InfixPatternSynonyms.hs:11:27-31 }
            Just (Ann (DP (0,1)) (ColDelta 27) DP (0,1) [] [((G AnnVal),DP (0,0))])
            (LitPat 
             (HsString "\"/\\\\\"" {FastString: "/\\"}))),
           ({ tests/examples/InfixPatternSynonyms.hs:11:33 }
            Just (Ann (DP (0,1)) (ColDelta 33) DP (0,1) [] [((G AnnVal),DP (0,0))])
            (VarPat 
             (Unqual {OccName: l}))),
           ({ tests/examples/InfixPatternSynonyms.hs:11:35 }
            Just (Ann (DP (0,1)) (ColDelta 35) DP (0,1) [] [((G AnnVal),DP (0,0))])
            (VarPat 
             (Unqual {OccName: r})))]))) 
       (Unidirectional))))),
   ({ tests/examples/InfixPatternSynonyms.hs:14:1-46 }
    Just (Ann (DP (1,1)) (ColDelta 1) DP (3,1) [DComment (DP (2,1),DP (2,42)) "-- | Destructor for boolean implications."] [((G AnnDcolon),DP (0,1))])
    (SigD 
     (TypeSig 
      [
       ({ tests/examples/InfixPatternSynonyms.hs:14:1-7 }
        Just (Ann (DP (0,0)) (ColDelta 1) DP (0,0) [] [((G AnnVal),DP (0,0))])
        (Unqual {OccName: destImp}))] 
      ({ tests/examples/InfixPatternSynonyms.hs:14:12-46 }
       Just (Ann (DP (0,1)) (ColDelta 12) DP (0,1) [] [])
       (HsForAllTy 
        (Implicit) 
        (Nothing) 
        (HsQTvs 
         [] 
         []) 
        ({ <no location info> }
         Nothing
         []) 
        ({ tests/examples/InfixPatternSynonyms.hs:14:12-46 }
         Just (Ann (DP (0,0)) (ColDelta 12) DP (0,0) [] [((G AnnRarrow),DP (0,1))])
         (HsFunTy 
          ({ tests/examples/InfixPatternSynonyms.hs:14:12-18 }
           Just (Ann (DP (0,0)) (ColDelta 12) DP (0,0) [] [((G AnnVal),DP (0,0))])
           (HsTyVar 
            (Unqual {OccName: HOLTerm}))) 
          ({ tests/examples/InfixPatternSynonyms.hs:14:23-46 }
           Just (Ann (DP (0,1)) (ColDelta 23) DP (0,1) [] [])
           (HsAppTy 
            ({ tests/examples/InfixPatternSynonyms.hs:14:23-27 }
             Just (Ann (DP (0,0)) (ColDelta 23) DP (0,0) [] [((G AnnVal),DP (0,0))])
             (HsTyVar 
              (Unqual {OccName: Maybe}))) 
            ({ tests/examples/InfixPatternSynonyms.hs:14:29-46 }
             Just (Ann (DP (0,1)) (ColDelta 29) DP (0,1) [] [((G AnnOpenP),DP (0,0)),((G AnnCloseP),DP (0,0))])
             (HsTupleTy 
              (HsBoxedOrConstraintTuple) 
              [
               ({ tests/examples/InfixPatternSynonyms.hs:14:30-36 }
                Just (Ann (DP (0,0)) (ColDelta 30) DP (0,0) [] [((G AnnVal),DP (0,0)),((G AnnComma),DP (0,0))])
                (HsTyVar 
                 (Unqual {OccName: HOLTerm}))),
               ({ tests/examples/InfixPatternSynonyms.hs:14:39-45 }
                Just (Ann (DP (0,1)) (ColDelta 39) DP (0,1) [] [((G AnnVal),DP (0,0))])
                (HsTyVar 
                 (Unqual {OccName: HOLTerm})))])))))))) 
      (PlaceHolder)))),
   ({ tests/examples/InfixPatternSynonyms.hs:15:1-26 }
    Just (Ann (DP (1,1)) (ColDelta 1) DP (1,1) [] [])
    (ValD 
     (FunBind 
      ({ tests/examples/InfixPatternSynonyms.hs:15:1-7 }
       Just (Ann (DP (0,0)) (ColDelta 1) DP (0,0) [] [((G AnnVal),DP (0,0))])
       (Unqual {OccName: destImp})) 
      (False) 
      (MG 
       [
        ({ tests/examples/InfixPatternSynonyms.hs:15:1-26 }
         Just (Ann (DP (0,0)) (ColDelta 1) DP (0,0) [] [((G AnnEqual),DP (0,1))])
         (Match 
          (Just 
           ((,) 
            ({ tests/examples/InfixPatternSynonyms.hs:15:1-7 }
             Just (Ann (DP (0,0)) (ColDelta 1) DP (0,0) [] [((G AnnVal),DP (0,0))])
             (Unqual {OccName: destImp})) 
            (False))) 
          [] 
          (Nothing) 
          (GRHSs 
           [
            ({ tests/examples/InfixPatternSynonyms.hs:15:9-26 }
             Just (Ann (DP (0,-1)) (ColDelta 9) DP (0,-1) [] [])
             (GRHS 
              [] 
              ({ tests/examples/InfixPatternSynonyms.hs:15:11-26 }
               Just (Ann (DP (0,1)) (ColDelta 11) DP (0,1) [] [])
               (HsApp 
                ({ tests/examples/InfixPatternSynonyms.hs:15:11-20 }
                 Just (Ann (DP (0,0)) (ColDelta 11) DP (0,0) [] [((G AnnVal),DP (0,0))])
                 (HsVar 
                  (Unqual {OccName: destBinary}))) 
                ({ tests/examples/InfixPatternSynonyms.hs:15:22-26 }
                 Just (Ann (DP (0,1)) (ColDelta 22) DP (0,1) [] [((G AnnVal),DP (0,0))])
                 (HsLit 
                  (HsString "\"==>\"" {FastString: "==>"})))))))] 
           (EmptyLocalBinds))))] 
       [] 
       (PlaceHolder) 
       (FromSource)) 
      (WpHole) 
      (PlaceHolder) 
      []))),
   ({ tests/examples/InfixPatternSynonyms.hs:18:1-36 }
    Just (Ann (DP (1,1)) (ColDelta 1) DP (3,1) [DComment (DP (2,1),DP (2,50)) "-- | The pattern synonym equivalent of 'destImp'."] [((G AnnPattern),DP (0,0)),((G AnnLarrow),DP (0,1))])
    (ValD 
     (PatSynBind 
      (PSB 
       ({ tests/examples/InfixPatternSynonyms.hs:18:11-14 }
        Just (Ann (DP (0,3)) (ColDelta 11) DP (0,3) [] [((G AnnVal),DP (0,0))])
        (Unqual {OccName: :==>})) 
       (PlaceHolder) 
       (InfixPatSyn 
        ({ tests/examples/InfixPatternSynonyms.hs:18:9 }
         Just (Ann (DP (0,-6)) (ColDelta 9) DP (0,-6) [] [((G AnnVal),DP (0,-6))])
         (Unqual {OccName: l})) 
        ({ tests/examples/InfixPatternSynonyms.hs:18:16 }
         Just (Ann (DP (0,6)) (ColDelta 16) DP (0,6) [] [((G AnnVal),DP (0,0))])
         (Unqual {OccName: r}))) 
       ({ tests/examples/InfixPatternSynonyms.hs:18:21-36 }
        Just (Ann (DP (0,1)) (ColDelta 21) DP (0,1) [] [])
        (ConPatIn 
         ({ tests/examples/InfixPatternSynonyms.hs:18:21-26 }
          Just (Ann (DP (0,0)) (ColDelta 21) DP (0,0) [] [((G AnnVal),DP (0,0))])
          (Unqual {OccName: Binary})) 
         (PrefixCon 
          [
           ({ tests/examples/InfixPatternSynonyms.hs:18:28-32 }
            Just (Ann (DP (0,1)) (ColDelta 28) DP (0,1) [] [((G AnnVal),DP (0,0))])
            (LitPat 
             (HsString "\"==>\"" {FastString: "==>"}))),
           ({ tests/examples/InfixPatternSynonyms.hs:18:34 }
            Just (Ann (DP (0,1)) (ColDelta 34) DP (0,1) [] [((G AnnVal),DP (0,0))])
            (VarPat 
             (Unqual {OccName: l}))),
           ({ tests/examples/InfixPatternSynonyms.hs:18:36 }
            Just (Ann (DP (0,1)) (ColDelta 36) DP (0,1) [] [((G AnnVal),DP (0,0))])
            (VarPat 
             (Unqual {OccName: r})))]))) 
       (Unidirectional)))))] 
  (Nothing) 
  (Nothing)))
==============
[(AnnKey tests/examples/InfixPatternSynonyms.hs:1:1 CN "HsModule",
  (Ann (DP (0,0)) (ColDelta 1) DP (0,0) [] [((G AnnEofPos),DP (1,0))])),
 (AnnKey tests/examples/InfixPatternSynonyms.hs:4:1-78 CN "ValD",
  (Ann (DP (1,1)) (ColDelta 1) DP (3,1) [DComment (DP (0,0),DP (0,32)) "{-# LANGUAGE PatternSynonyms #-}",DComment (DP (2,1),DP (2,50)) "-- | The pattern synonym equivalent of 'destIff'."] [((G AnnPattern),DP (0,0)),((G AnnLarrow),DP (0,1))])),
 (AnnKey tests/examples/InfixPatternSynonyms.hs:4:9 CN "Unqual",
  (Ann (DP (0,-6)) (ColDelta 9) DP (0,-6) [] [((G AnnVal),DP (0,-6))])),
 (AnnKey tests/examples/InfixPatternSynonyms.hs:4:11-14 CN "Unqual",
  (Ann (DP (0,3)) (ColDelta 11) DP (0,3) [] [((G AnnVal),DP (0,0))])),
 (AnnKey tests/examples/InfixPatternSynonyms.hs:4:16 CN "Unqual",
  (Ann (DP (0,6)) (ColDelta 16) DP (0,6) [] [((G AnnVal),DP (0,0))])),
 (AnnKey tests/examples/InfixPatternSynonyms.hs:4:21-24 CN "Unqual",
  (Ann (DP (0,0)) (ColDelta 21) DP (0,0) [] [((G AnnVal),DP (0,0))])),
 (AnnKey tests/examples/InfixPatternSynonyms.hs:4:21-78 CN "ConPatIn",
  (Ann (DP (0,1)) (ColDelta 21) DP (0,1) [] [])),
 (AnnKey tests/examples/InfixPatternSynonyms.hs:4:26-76 CN "ParPat",
  (Ann (DP (0,1)) (ColDelta 26) DP (0,1) [] [((G AnnOpenP),DP (0,0)),((G AnnCloseP),DP (0,0))])),
 (AnnKey tests/examples/InfixPatternSynonyms.hs:4:27-30 CN "Unqual",
  (Ann (DP (0,0)) (ColDelta 27) DP (0,0) [] [((G AnnVal),DP (0,0))])),
 (AnnKey tests/examples/InfixPatternSynonyms.hs:4:27-75 CN "ConPatIn",
  (Ann (DP (0,0)) (ColDelta 27) DP (0,0) [] [])),
 (AnnKey tests/examples/InfixPatternSynonyms.hs:4:32-73 CN "ParPat",
  (Ann (DP (0,1)) (ColDelta 32) DP (0,1) [] [((G AnnOpenP),DP (0,0)),((G AnnCloseP),DP (0,0))])),
 (AnnKey tests/examples/InfixPatternSynonyms.hs:4:33-37 CN "Unqual",
  (Ann (DP (0,0)) (ColDelta 33) DP (0,0) [] [((G AnnVal),DP (0,0))])),
 (AnnKey tests/examples/InfixPatternSynonyms.hs:4:33-72 CN "ConPatIn",
  (Ann (DP (0,0)) (ColDelta 33) DP (0,0) [] [])),
 (AnnKey tests/examples/InfixPatternSynonyms.hs:4:39-41 CN "LitPat",
  (Ann (DP (0,1)) (ColDelta 39) DP (0,1) [] [((G AnnVal),DP (0,0))])),
 (AnnKey tests/examples/InfixPatternSynonyms.hs:4:43-72 CN "ParPat",
  (Ann (DP (0,1)) (ColDelta 43) DP (0,1) [] [((G AnnOpenP),DP (0,0)),((G AnnCloseP),DP (0,0))])),
 (AnnKey tests/examples/InfixPatternSynonyms.hs:4:44-49 CN "ConPatIn",
  (Ann (DP (0,0)) (ColDelta 44) DP (0,0) [] [])),
 (AnnKey tests/examples/InfixPatternSynonyms.hs:4:44-49 CN "Unqual",
  (Ann (DP (0,0)) (ColDelta 44) DP (0,0) [] [((G AnnVal),DP (0,0))])),
 (AnnKey tests/examples/InfixPatternSynonyms.hs:4:44-60 CN "ConPatIn",
  (Ann (DP (0,0)) (ColDelta 44) DP (0,0) [] [])),
 (AnnKey tests/examples/InfixPatternSynonyms.hs:4:44-71 CN "ConPatIn",
  (Ann (DP (0,0)) (ColDelta 44) DP (0,0) [] [])),
 (AnnKey tests/examples/InfixPatternSynonyms.hs:4:51-53 CN "Unqual",
  (Ann (DP (0,1)) (ColDelta 51) DP (0,1) [] [((G AnnVal),DP (0,0))])),
 (AnnKey tests/examples/InfixPatternSynonyms.hs:4:55-60 CN "ConPatIn",
  (Ann (DP (0,1)) (ColDelta 55) DP (0,1) [] [])),
 (AnnKey tests/examples/InfixPatternSynonyms.hs:4:55-60 CN "Unqual",
  (Ann (DP (0,0)) (ColDelta 55) DP (0,0) [] [((G AnnVal),DP (0,0))])),
 (AnnKey tests/examples/InfixPatternSynonyms.hs:4:62-64 CN "Unqual",
  (Ann (DP (0,1)) (ColDelta 62) DP (0,1) [] [((G AnnVal),DP (0,0))])),
 (AnnKey tests/examples/InfixPatternSynonyms.hs:4:66-71 CN "ConPatIn",
  (Ann (DP (0,1)) (ColDelta 66) DP (0,1) [] [])),
 (AnnKey tests/examples/InfixPatternSynonyms.hs:4:66-71 CN "Unqual",
  (Ann (DP (0,0)) (ColDelta 66) DP (0,0) [] [((G AnnVal),DP (0,0))])),
 (AnnKey tests/examples/InfixPatternSynonyms.hs:4:75 CN "VarPat",
  (Ann (DP (0,1)) (ColDelta 75) DP (0,1) [] [((G AnnVal),DP (0,0))])),
 (AnnKey tests/examples/InfixPatternSynonyms.hs:4:78 CN "VarPat",
  (Ann (DP (0,1)) (ColDelta 78) DP (0,1) [] [((G AnnVal),DP (0,0))])),
 (AnnKey tests/examples/InfixPatternSynonyms.hs:7:1-8 CN "Unqual",
  (Ann (DP (0,0)) (ColDelta 1) DP (0,0) [] [((G AnnVal),DP (0,0))])),
 (AnnKey tests/examples/InfixPatternSynonyms.hs:7:1-47 CN "SigD",
  (Ann (DP (1,1)) (ColDelta 1) DP (3,1) [DComment (DP (2,1),DP (2,42)) "-- | Destructor for boolean conjunctions."] [((G AnnDcolon),DP (0,1))])),
 (AnnKey tests/examples/InfixPatternSynonyms.hs:7:13-19 CN "HsTyVar",
  (Ann (DP (0,0)) (ColDelta 13) DP (0,0) [] [((G AnnVal),DP (0,0))])),
 (AnnKey tests/examples/InfixPatternSynonyms.hs:7:13-47 CN "HsForAllTy",
  (Ann (DP (0,1)) (ColDelta 13) DP (0,1) [] [])),
 (AnnKey tests/examples/InfixPatternSynonyms.hs:7:13-47 CN "HsFunTy",
  (Ann (DP (0,0)) (ColDelta 13) DP (0,0) [] [((G AnnRarrow),DP (0,1))])),
 (AnnKey tests/examples/InfixPatternSynonyms.hs:7:24-28 CN "HsTyVar",
  (Ann (DP (0,0)) (ColDelta 24) DP (0,0) [] [((G AnnVal),DP (0,0))])),
 (AnnKey tests/examples/InfixPatternSynonyms.hs:7:24-47 CN "HsAppTy",
  (Ann (DP (0,1)) (ColDelta 24) DP (0,1) [] [])),
 (AnnKey tests/examples/InfixPatternSynonyms.hs:7:30-47 CN "HsTupleTy",
  (Ann (DP (0,1)) (ColDelta 30) DP (0,1) [] [((G AnnOpenP),DP (0,0)),((G AnnCloseP),DP (0,0))])),
 (AnnKey tests/examples/InfixPatternSynonyms.hs:7:31-37 CN "HsTyVar",
  (Ann (DP (0,0)) (ColDelta 31) DP (0,0) [] [((G AnnVal),DP (0,0)),((G AnnComma),DP (0,0))])),
 (AnnKey tests/examples/InfixPatternSynonyms.hs:7:40-46 CN "HsTyVar",
  (Ann (DP (0,1)) (ColDelta 40) DP (0,1) [] [((G AnnVal),DP (0,0))])),
 (AnnKey tests/examples/InfixPatternSynonyms.hs:8:1-8 CN "Unqual",
  (Ann (DP (0,0)) (ColDelta 1) DP (0,0) [] [((G AnnVal),DP (0,0))])),
 (AnnKey tests/examples/InfixPatternSynonyms.hs:8:1-27 CN "Match",
  (Ann (DP (0,0)) (ColDelta 1) DP (0,0) [] [((G AnnEqual),DP (0,1))])),
 (AnnKey tests/examples/InfixPatternSynonyms.hs:8:1-27 CN "ValD",
  (Ann (DP (1,1)) (ColDelta 1) DP (1,1) [] [])),
 (AnnKey tests/examples/InfixPatternSynonyms.hs:8:10-27 CN "GRHS",
  (Ann (DP (0,-1)) (ColDelta 10) DP (0,-1) [] [])),
 (AnnKey tests/examples/InfixPatternSynonyms.hs:8:12-21 CN "HsVar",
  (Ann (DP (0,0)) (ColDelta 12) DP (0,0) [] [((G AnnVal),DP (0,0))])),
 (AnnKey tests/examples/InfixPatternSynonyms.hs:8:12-27 CN "HsApp",
  (Ann (DP (0,1)) (ColDelta 12) DP (0,1) [] [])),
 (AnnKey tests/examples/InfixPatternSynonyms.hs:8:23-27 CN "HsLit",
  (Ann (DP (0,1)) (ColDelta 23) DP (0,1) [] [((G AnnVal),DP (0,0))])),
 (AnnKey tests/examples/InfixPatternSynonyms.hs:11:1-35 CN "ValD",
  (Ann (DP (1,1)) (ColDelta 1) DP (3,1) [DComment (DP (2,1),DP (2,51)) "-- | The pattern synonym equivalent of 'destConj'."] [((G AnnPattern),DP (0,0)),((G AnnLarrow),DP (0,1))])),
 (AnnKey tests/examples/InfixPatternSynonyms.hs:11:9 CN "Unqual",
  (Ann (DP (0,-5)) (ColDelta 9) DP (0,-5) [] [((G AnnVal),DP (0,-5))])),
 (AnnKey tests/examples/InfixPatternSynonyms.hs:11:11-13 CN "Unqual",
  (Ann (DP (0,3)) (ColDelta 11) DP (0,3) [] [((G AnnVal),DP (0,0))])),
 (AnnKey tests/examples/InfixPatternSynonyms.hs:11:15 CN "Unqual",
  (Ann (DP (0,5)) (ColDelta 15) DP (0,5) [] [((G AnnVal),DP (0,0))])),
 (AnnKey tests/examples/InfixPatternSynonyms.hs:11:20-25 CN "Unqual",
  (Ann (DP (0,0)) (ColDelta 20) DP (0,0) [] [((G AnnVal),DP (0,0))])),
 (AnnKey tests/examples/InfixPatternSynonyms.hs:11:20-35 CN "ConPatIn",
  (Ann (DP (0,1)) (ColDelta 20) DP (0,1) [] [])),
 (AnnKey tests/examples/InfixPatternSynonyms.hs:11:27-31 CN "LitPat",
  (Ann (DP (0,1)) (ColDelta 27) DP (0,1) [] [((G AnnVal),DP (0,0))])),
 (AnnKey tests/examples/InfixPatternSynonyms.hs:11:33 CN "VarPat",
  (Ann (DP (0,1)) (ColDelta 33) DP (0,1) [] [((G AnnVal),DP (0,0))])),
 (AnnKey tests/examples/InfixPatternSynonyms.hs:11:35 CN "VarPat",
  (Ann (DP (0,1)) (ColDelta 35) DP (0,1) [] [((G AnnVal),DP (0,0))])),
 (AnnKey tests/examples/InfixPatternSynonyms.hs:14:1-7 CN "Unqual",
  (Ann (DP (0,0)) (ColDelta 1) DP (0,0) [] [((G AnnVal),DP (0,0))])),
 (AnnKey tests/examples/InfixPatternSynonyms.hs:14:1-46 CN "SigD",
  (Ann (DP (1,1)) (ColDelta 1) DP (3,1) [DComment (DP (2,1),DP (2,42)) "-- | Destructor for boolean implications."] [((G AnnDcolon),DP (0,1))])),
 (AnnKey tests/examples/InfixPatternSynonyms.hs:14:12-18 CN "HsTyVar",
  (Ann (DP (0,0)) (ColDelta 12) DP (0,0) [] [((G AnnVal),DP (0,0))])),
 (AnnKey tests/examples/InfixPatternSynonyms.hs:14:12-46 CN "HsForAllTy",
  (Ann (DP (0,1)) (ColDelta 12) DP (0,1) [] [])),
 (AnnKey tests/examples/InfixPatternSynonyms.hs:14:12-46 CN "HsFunTy",
  (Ann (DP (0,0)) (ColDelta 12) DP (0,0) [] [((G AnnRarrow),DP (0,1))])),
 (AnnKey tests/examples/InfixPatternSynonyms.hs:14:23-27 CN "HsTyVar",
  (Ann (DP (0,0)) (ColDelta 23) DP (0,0) [] [((G AnnVal),DP (0,0))])),
 (AnnKey tests/examples/InfixPatternSynonyms.hs:14:23-46 CN "HsAppTy",
  (Ann (DP (0,1)) (ColDelta 23) DP (0,1) [] [])),
 (AnnKey tests/examples/InfixPatternSynonyms.hs:14:29-46 CN "HsTupleTy",
  (Ann (DP (0,1)) (ColDelta 29) DP (0,1) [] [((G AnnOpenP),DP (0,0)),((G AnnCloseP),DP (0,0))])),
 (AnnKey tests/examples/InfixPatternSynonyms.hs:14:30-36 CN "HsTyVar",
  (Ann (DP (0,0)) (ColDelta 30) DP (0,0) [] [((G AnnVal),DP (0,0)),((G AnnComma),DP (0,0))])),
 (AnnKey tests/examples/InfixPatternSynonyms.hs:14:39-45 CN "HsTyVar",
  (Ann (DP (0,1)) (ColDelta 39) DP (0,1) [] [((G AnnVal),DP (0,0))])),
 (AnnKey tests/examples/InfixPatternSynonyms.hs:15:1-7 CN "Unqual",
  (Ann (DP (0,0)) (ColDelta 1) DP (0,0) [] [((G AnnVal),DP (0,0))])),
 (AnnKey tests/examples/InfixPatternSynonyms.hs:15:1-26 CN "Match",
  (Ann (DP (0,0)) (ColDelta 1) DP (0,0) [] [((G AnnEqual),DP (0,1))])),
 (AnnKey tests/examples/InfixPatternSynonyms.hs:15:1-26 CN "ValD",
  (Ann (DP (1,1)) (ColDelta 1) DP (1,1) [] [])),
 (AnnKey tests/examples/InfixPatternSynonyms.hs:15:9-26 CN "GRHS",
  (Ann (DP (0,-1)) (ColDelta 9) DP (0,-1) [] [])),
 (AnnKey tests/examples/InfixPatternSynonyms.hs:15:11-20 CN "HsVar",
  (Ann (DP (0,0)) (ColDelta 11) DP (0,0) [] [((G AnnVal),DP (0,0))])),
 (AnnKey tests/examples/InfixPatternSynonyms.hs:15:11-26 CN "HsApp",
  (Ann (DP (0,1)) (ColDelta 11) DP (0,1) [] [])),
 (AnnKey tests/examples/InfixPatternSynonyms.hs:15:22-26 CN "HsLit",
  (Ann (DP (0,1)) (ColDelta 22) DP (0,1) [] [((G AnnVal),DP (0,0))])),
 (AnnKey tests/examples/InfixPatternSynonyms.hs:18:1-36 CN "ValD",
  (Ann (DP (1,1)) (ColDelta 1) DP (3,1) [DComment (DP (2,1),DP (2,50)) "-- | The pattern synonym equivalent of 'destImp'."] [((G AnnPattern),DP (0,0)),((G AnnLarrow),DP (0,1))])),
 (AnnKey tests/examples/InfixPatternSynonyms.hs:18:9 CN "Unqual",
  (Ann (DP (0,-6)) (ColDelta 9) DP (0,-6) [] [((G AnnVal),DP (0,-6))])),
 (AnnKey tests/examples/InfixPatternSynonyms.hs:18:11-14 CN "Unqual",
  (Ann (DP (0,3)) (ColDelta 11) DP (0,3) [] [((G AnnVal),DP (0,0))])),
 (AnnKey tests/examples/InfixPatternSynonyms.hs:18:16 CN "Unqual",
  (Ann (DP (0,6)) (ColDelta 16) DP (0,6) [] [((G AnnVal),DP (0,0))])),
 (AnnKey tests/examples/InfixPatternSynonyms.hs:18:21-26 CN "Unqual",
  (Ann (DP (0,0)) (ColDelta 21) DP (0,0) [] [((G AnnVal),DP (0,0))])),
 (AnnKey tests/examples/InfixPatternSynonyms.hs:18:21-36 CN "ConPatIn",
  (Ann (DP (0,1)) (ColDelta 21) DP (0,1) [] [])),
 (AnnKey tests/examples/InfixPatternSynonyms.hs:18:28-32 CN "LitPat",
  (Ann (DP (0,1)) (ColDelta 28) DP (0,1) [] [((G AnnVal),DP (0,0))])),
 (AnnKey tests/examples/InfixPatternSynonyms.hs:18:34 CN "VarPat",
  (Ann (DP (0,1)) (ColDelta 34) DP (0,1) [] [((G AnnVal),DP (0,0))])),
 (AnnKey tests/examples/InfixPatternSynonyms.hs:18:36 CN "VarPat",
  (Ann (DP (0,1)) (ColDelta 36) DP (0,1) [] [((G AnnVal),DP (0,0))])),
 (AnnKey <no location info> CN "EmptyLocalBinds",
  (Ann (DP (-8,0)) (ColDelta 0) DP (-8,0) [] []))]
==============
([((tests/examples/InfixPatternSynonyms.hs:4:1-78, AnnLarrow),
   [tests/examples/InfixPatternSynonyms.hs:4:18-19]),
  ((tests/examples/InfixPatternSynonyms.hs:4:1-78, AnnPattern),
   [tests/examples/InfixPatternSynonyms.hs:4:1-7]),
  ((tests/examples/InfixPatternSynonyms.hs:4:1-78, AnnSemi),
   [tests/examples/InfixPatternSynonyms.hs:7:1]),
  ((tests/examples/InfixPatternSynonyms.hs:4:26-76, AnnCloseP),
   [tests/examples/InfixPatternSynonyms.hs:4:76]),
  ((tests/examples/InfixPatternSynonyms.hs:4:26-76, AnnOpenP),
   [tests/examples/InfixPatternSynonyms.hs:4:26]),
  ((tests/examples/InfixPatternSynonyms.hs:4:32-73, AnnCloseP),
   [tests/examples/InfixPatternSynonyms.hs:4:73]),
  ((tests/examples/InfixPatternSynonyms.hs:4:32-73, AnnOpenP),
   [tests/examples/InfixPatternSynonyms.hs:4:32]),
  ((tests/examples/InfixPatternSynonyms.hs:4:43-72, AnnCloseP),
   [tests/examples/InfixPatternSynonyms.hs:4:72]),
  ((tests/examples/InfixPatternSynonyms.hs:4:43-72, AnnOpenP),
   [tests/examples/InfixPatternSynonyms.hs:4:43]),
  ((tests/examples/InfixPatternSynonyms.hs:4:44-60, AnnVal),
   [tests/examples/InfixPatternSynonyms.hs:4:51-53]),
  ((tests/examples/InfixPatternSynonyms.hs:4:44-71, AnnVal),
   [tests/examples/InfixPatternSynonyms.hs:4:62-64]),
  ((tests/examples/InfixPatternSynonyms.hs:7:1-47, AnnDcolon),
   [tests/examples/InfixPatternSynonyms.hs:7:10-11]),
  ((tests/examples/InfixPatternSynonyms.hs:7:1-47, AnnSemi),
   [tests/examples/InfixPatternSynonyms.hs:8:1]),
  ((tests/examples/InfixPatternSynonyms.hs:7:13-47, AnnRarrow),
   [tests/examples/InfixPatternSynonyms.hs:7:21-22]),
  ((tests/examples/InfixPatternSynonyms.hs:7:30-47, AnnCloseP),
   [tests/examples/InfixPatternSynonyms.hs:7:47]),
  ((tests/examples/InfixPatternSynonyms.hs:7:30-47, AnnOpenP),
   [tests/examples/InfixPatternSynonyms.hs:7:30]),
  ((tests/examples/InfixPatternSynonyms.hs:7:31-37, AnnComma),
   [tests/examples/InfixPatternSynonyms.hs:7:38]),
  ((tests/examples/InfixPatternSynonyms.hs:8:1-27, AnnEqual),
   [tests/examples/InfixPatternSynonyms.hs:8:10]),
  ((tests/examples/InfixPatternSynonyms.hs:8:1-27, AnnFunId),
   [tests/examples/InfixPatternSynonyms.hs:8:1-8]),
  ((tests/examples/InfixPatternSynonyms.hs:8:1-27, AnnSemi),
   [tests/examples/InfixPatternSynonyms.hs:11:1]),
  ((tests/examples/InfixPatternSynonyms.hs:11:1-35, AnnLarrow),
   [tests/examples/InfixPatternSynonyms.hs:11:17-18]),
  ((tests/examples/InfixPatternSynonyms.hs:11:1-35, AnnPattern),
   [tests/examples/InfixPatternSynonyms.hs:11:1-7]),
  ((tests/examples/InfixPatternSynonyms.hs:11:1-35, AnnSemi),
   [tests/examples/InfixPatternSynonyms.hs:14:1]),
  ((tests/examples/InfixPatternSynonyms.hs:14:1-46, AnnDcolon),
   [tests/examples/InfixPatternSynonyms.hs:14:9-10]),
  ((tests/examples/InfixPatternSynonyms.hs:14:1-46, AnnSemi),
   [tests/examples/InfixPatternSynonyms.hs:15:1]),
  ((tests/examples/InfixPatternSynonyms.hs:14:12-46, AnnRarrow),
   [tests/examples/InfixPatternSynonyms.hs:14:20-21]),
  ((tests/examples/InfixPatternSynonyms.hs:14:29-46, AnnCloseP),
   [tests/examples/InfixPatternSynonyms.hs:14:46]),
  ((tests/examples/InfixPatternSynonyms.hs:14:29-46, AnnOpenP),
   [tests/examples/InfixPatternSynonyms.hs:14:29]),
  ((tests/examples/InfixPatternSynonyms.hs:14:30-36, AnnComma),
   [tests/examples/InfixPatternSynonyms.hs:14:37]),
  ((tests/examples/InfixPatternSynonyms.hs:15:1-26, AnnEqual),
   [tests/examples/InfixPatternSynonyms.hs:15:9]),
  ((tests/examples/InfixPatternSynonyms.hs:15:1-26, AnnFunId),
   [tests/examples/InfixPatternSynonyms.hs:15:1-7]),
  ((tests/examples/InfixPatternSynonyms.hs:15:1-26, AnnSemi),
   [tests/examples/InfixPatternSynonyms.hs:18:1]),
  ((tests/examples/InfixPatternSynonyms.hs:18:1-36, AnnLarrow),
   [tests/examples/InfixPatternSynonyms.hs:18:18-19]),
  ((tests/examples/InfixPatternSynonyms.hs:18:1-36, AnnPattern),
   [tests/examples/InfixPatternSynonyms.hs:18:1-7]),
  ((tests/examples/InfixPatternSynonyms.hs:18:1-36, AnnSemi),
   [tests/examples/InfixPatternSynonyms.hs:19:1]),
  ((<no location info>, AnnEofPos),
   [tests/examples/InfixPatternSynonyms.hs:19:1])],
 [(<no location info>,
   [AnnLineComment "-- | The pattern synonym equivalent of 'destImp'.",
    AnnLineComment "-- | Destructor for boolean implications.",
    AnnLineComment "-- | The pattern synonym equivalent of 'destConj'.",
    AnnLineComment "-- | Destructor for boolean conjunctions.",
    AnnLineComment "-- | The pattern synonym equivalent of 'destIff'.",
    AnnBlockComment "{-# LANGUAGE PatternSynonyms #-}"])])