{-# LANGUAGE LambdaCase #-}

foo = f >>= \case
        Just h -> loadTestDB (h ++ "/.testdb")
        Nothing -> fmap S.Right initTestDB

{-| Is the alarm set - i.e. will it go off at some point in the future even if `setAlarm` is not called? -}
isAlarmSetSTM :: AlarmClock -> STM Bool
isAlarmSetSTM AlarmClock{..} = readTVar acNewSetting
  >>= \case   AlarmNotSet -> readTVar acIsSet; _ -> return True

==============
tests/examples/LambdaCase.hs
==============
lengths:(403,405)

==============

({ tests/examples/LambdaCase.hs:1:1 }
 Just (Ann (DP (0,0)) (ColDelta 1) DP (0,0) [] [((G AnnEofPos),DP (1,0))])
 (HsModule 
  (Nothing) 
  (Nothing) 
  [] 
  [
   ({ tests/examples/LambdaCase.hs:(3,1)-(5,42) }
    Just (Ann (DP (2,1)) (ColDelta 1) DP (2,1) [DComment (DP (0,0),DP (0,27)) "{-# LANGUAGE LambdaCase #-}"] [])
    (ValD 
     (FunBind 
      ({ tests/examples/LambdaCase.hs:3:1-3 }
       Just (Ann (DP (0,0)) (ColDelta 1) DP (0,0) [] [((G AnnVal),DP (0,0))])
       (Unqual {OccName: foo})) 
      (False) 
      (MG 
       [
        ({ tests/examples/LambdaCase.hs:(3,1)-(5,42) }
         Just (Ann (DP (0,0)) (ColDelta 1) DP (0,0) [] [((G AnnEqual),DP (0,1))])
         (Match 
          (Just 
           ((,) 
            ({ tests/examples/LambdaCase.hs:3:1-3 }
             Just (Ann (DP (0,0)) (ColDelta 1) DP (0,0) [] [((G AnnVal),DP (0,0))])
             (Unqual {OccName: foo})) 
            (False))) 
          [] 
          (Nothing) 
          (GRHSs 
           [
            ({ tests/examples/LambdaCase.hs:(3,5)-(5,42) }
             Just (Ann (DP (0,-1)) (ColDelta 5) DP (0,-1) [] [])
             (GRHS 
              [] 
              ({ tests/examples/LambdaCase.hs:(3,7)-(5,42) }
               Just (Ann (DP (0,1)) (ColDelta 7) DP (0,1) [] [])
               (OpApp 
                ({ tests/examples/LambdaCase.hs:3:7 }
                 Just (Ann (DP (0,0)) (ColDelta 7) DP (0,0) [] [((G AnnVal),DP (0,0))])
                 (HsVar 
                  (Unqual {OccName: f}))) 
                ({ tests/examples/LambdaCase.hs:3:9-11 }
                 Just (Ann (DP (0,1)) (ColDelta 9) DP (0,1) [] [((G AnnVal),DP (0,0))])
                 (HsVar 
                  (Unqual {OccName: >>=}))) 
                (PlaceHolder) 
                ({ tests/examples/LambdaCase.hs:(3,13)-(5,42) }
                 Just (Ann (DP (0,1)) (ColDelta 13) DP (0,1) [] [((G AnnLam),DP (0,0)),((G AnnCase),DP (0,0)),((AnnList tests/examples/LambdaCase.hs:(4,9)-(5,42)),DP (0,0))])
                 (HsLamCase 
                  (PlaceHolder) 
                  (MG 
                   [
                    ({ tests/examples/LambdaCase.hs:4:9-46 }
                     Just (Ann (DP (0,0)) (ColDelta 0) DP (0,0) [] [])
                     (Match 
                      (Nothing) 
                      [
                       ({ tests/examples/LambdaCase.hs:4:9-14 }
                        Just (Ann (DP (0,0)) (ColDelta 0) DP (0,0) [] [])
                        (ConPatIn 
                         ({ tests/examples/LambdaCase.hs:4:9-12 }
                          Just (Ann (DP (0,0)) (ColDelta 0) DP (0,0) [] [((G AnnVal),DP (0,0))])
                          (Unqual {OccName: Just})) 
                         (PrefixCon 
                          [
                           ({ tests/examples/LambdaCase.hs:4:14 }
                            Just (Ann (DP (0,1)) (ColDelta 5) DP (0,1) [] [((G AnnVal),DP (0,0))])
                            (VarPat 
                             (Unqual {OccName: h})))])))] 
                      (Nothing) 
                      (GRHSs 
                       [
                        ({ tests/examples/LambdaCase.hs:4:16-46 }
                         Just (Ann (DP (0,1)) (ColDelta 7) DP (0,1) [] [((G AnnRarrow),DP (0,0))])
                         (GRHS 
                          [] 
                          ({ tests/examples/LambdaCase.hs:4:19-46 }
                           Just (Ann (DP (0,1)) (ColDelta 10) DP (0,1) [] [])
                           (HsApp 
                            ({ tests/examples/LambdaCase.hs:4:19-28 }
                             Just (Ann (DP (0,0)) (ColDelta 10) DP (0,0) [] [((G AnnVal),DP (0,0))])
                             (HsVar 
                              (Unqual {OccName: loadTestDB}))) 
                            ({ tests/examples/LambdaCase.hs:4:30-46 }
                             Just (Ann (DP (0,1)) (ColDelta 21) DP (0,1) [] [((G AnnOpenP),DP (0,0)),((G AnnCloseP),DP (0,0))])
                             (HsPar 
                              ({ tests/examples/LambdaCase.hs:4:31-45 }
                               Just (Ann (DP (0,0)) (ColDelta 22) DP (0,0) [] [])
                               (OpApp 
                                ({ tests/examples/LambdaCase.hs:4:31 }
                                 Just (Ann (DP (0,0)) (ColDelta 22) DP (0,0) [] [((G AnnVal),DP (0,0))])
                                 (HsVar 
                                  (Unqual {OccName: h}))) 
                                ({ tests/examples/LambdaCase.hs:4:33-34 }
                                 Just (Ann (DP (0,1)) (ColDelta 24) DP (0,1) [] [((G AnnVal),DP (0,0))])
                                 (HsVar 
                                  (Unqual {OccName: ++}))) 
                                (PlaceHolder) 
                                ({ tests/examples/LambdaCase.hs:4:36-45 }
                                 Just (Ann (DP (0,1)) (ColDelta 27) DP (0,1) [] [((G AnnVal),DP (0,0))])
                                 (HsLit 
                                  (HsString "\"/.testdb\"" {FastString: "/.testdb"})))))))))))] 
                       (EmptyLocalBinds)))),
                    ({ tests/examples/LambdaCase.hs:5:9-42 }
                     Just (Ann (DP (1,0)) (ColDelta 0) DP (1,0) [] [])
                     (Match 
                      (Nothing) 
                      [
                       ({ tests/examples/LambdaCase.hs:5:9-15 }
                        Just (Ann (DP (0,0)) (ColDelta 0) DP (0,0) [] [])
                        (ConPatIn 
                         ({ tests/examples/LambdaCase.hs:5:9-15 }
                          Just (Ann (DP (0,0)) (ColDelta 0) DP (0,0) [] [((G AnnVal),DP (0,0))])
                          (Unqual {OccName: Nothing})) 
                         (PrefixCon 
                          [])))] 
                      (Nothing) 
                      (GRHSs 
                       [
                        ({ tests/examples/LambdaCase.hs:5:17-42 }
                         Just (Ann (DP (0,1)) (ColDelta 8) DP (0,1) [] [((G AnnRarrow),DP (0,0))])
                         (GRHS 
                          [] 
                          ({ tests/examples/LambdaCase.hs:5:20-42 }
                           Just (Ann (DP (0,1)) (ColDelta 11) DP (0,1) [] [])
                           (HsApp 
                            ({ tests/examples/LambdaCase.hs:5:20-31 }
                             Just (Ann (DP (0,0)) (ColDelta 11) DP (0,0) [] [])
                             (HsApp 
                              ({ tests/examples/LambdaCase.hs:5:20-23 }
                               Just (Ann (DP (0,0)) (ColDelta 11) DP (0,0) [] [((G AnnVal),DP (0,0))])
                               (HsVar 
                                (Unqual {OccName: fmap}))) 
                              ({ tests/examples/LambdaCase.hs:5:25-31 }
                               Just (Ann (DP (0,1)) (ColDelta 16) DP (0,1) [] [((G AnnVal),DP (0,0))])
                               (HsVar 
                                (Qual {ModuleName: S} {OccName: Right}))))) 
                            ({ tests/examples/LambdaCase.hs:5:33-42 }
                             Just (Ann (DP (0,1)) (ColDelta 24) DP (0,1) [] [((G AnnVal),DP (0,0))])
                             (HsVar 
                              (Unqual {OccName: initTestDB})))))))] 
                       (EmptyLocalBinds))))] 
                   [] 
                   (PlaceHolder) 
                   (FromSource))))))))] 
           (EmptyLocalBinds))))] 
       [] 
       (PlaceHolder) 
       (FromSource)) 
      (WpHole) 
      (PlaceHolder) 
      []))),
   ({ tests/examples/LambdaCase.hs:8:1-39 }
    Just (Ann (DP (1,1)) (ColDelta 1) DP (3,1) [DComment (DP (2,1),DP (2,108)) "{-| Is the alarm set - i.e. will it go off at some point in the future even if `setAlarm` is not called? -}"] [((G AnnDcolon),DP (0,1))])
    (SigD 
     (TypeSig 
      [
       ({ tests/examples/LambdaCase.hs:8:1-13 }
        Just (Ann (DP (0,0)) (ColDelta 1) DP (0,0) [] [((G AnnVal),DP (0,0))])
        (Unqual {OccName: isAlarmSetSTM}))] 
      ({ tests/examples/LambdaCase.hs:8:18-39 }
       Just (Ann (DP (0,1)) (ColDelta 18) DP (0,1) [] [])
       (HsForAllTy 
        (Implicit) 
        (Nothing) 
        (HsQTvs 
         [] 
         []) 
        ({ <no location info> }
         Nothing
         []) 
        ({ tests/examples/LambdaCase.hs:8:18-39 }
         Just (Ann (DP (0,0)) (ColDelta 18) DP (0,0) [] [((G AnnRarrow),DP (0,1))])
         (HsFunTy 
          ({ tests/examples/LambdaCase.hs:8:18-27 }
           Just (Ann (DP (0,0)) (ColDelta 18) DP (0,0) [] [((G AnnVal),DP (0,0))])
           (HsTyVar 
            (Unqual {OccName: AlarmClock}))) 
          ({ tests/examples/LambdaCase.hs:8:32-39 }
           Just (Ann (DP (0,1)) (ColDelta 32) DP (0,1) [] [])
           (HsAppTy 
            ({ tests/examples/LambdaCase.hs:8:32-34 }
             Just (Ann (DP (0,0)) (ColDelta 32) DP (0,0) [] [((G AnnVal),DP (0,0))])
             (HsTyVar 
              (Unqual {OccName: STM}))) 
            ({ tests/examples/LambdaCase.hs:8:36-39 }
             Just (Ann (DP (0,1)) (ColDelta 36) DP (0,1) [] [((G AnnVal),DP (0,0))])
             (HsTyVar 
              (Unqual {OccName: Bool}))))))))) 
      (PlaceHolder)))),
   ({ tests/examples/LambdaCase.hs:(9,1)-(10,65) }
    Just (Ann (DP (1,1)) (ColDelta 1) DP (1,1) [] [])
    (ValD 
     (FunBind 
      ({ tests/examples/LambdaCase.hs:9:1-13 }
       Just (Ann (DP (0,0)) (ColDelta 1) DP (0,0) [] [((G AnnVal),DP (0,0))])
       (Unqual {OccName: isAlarmSetSTM})) 
      (False) 
      (MG 
       [
        ({ tests/examples/LambdaCase.hs:(9,1)-(10,65) }
         Just (Ann (DP (0,0)) (ColDelta 1) DP (0,0) [] [((G AnnEqual),DP (0,1))])
         (Match 
          (Just 
           ((,) 
            ({ tests/examples/LambdaCase.hs:9:1-13 }
             Just (Ann (DP (0,0)) (ColDelta 1) DP (0,0) [] [((G AnnVal),DP (0,0))])
             (Unqual {OccName: isAlarmSetSTM})) 
            (False))) 
          [
           ({ tests/examples/LambdaCase.hs:9:15-28 }
            Just (Ann (DP (0,1)) (ColDelta 15) DP (0,1) [] [((G AnnOpenC),DP (0,0)),((G AnnDotdot),DP (0,0)),((G AnnCloseC),DP (0,0))])
            (ConPatIn 
             ({ tests/examples/LambdaCase.hs:9:15-24 }
              Just (Ann (DP (0,0)) (ColDelta 15) DP (0,0) [] [((G AnnVal),DP (0,0))])
              (Unqual {OccName: AlarmClock})) 
             (RecCon 
              (HsRecFields 
               [] 
               (Just 
                (0))))))] 
          (Nothing) 
          (GRHSs 
           [
            ({ tests/examples/LambdaCase.hs:(9,30)-(10,65) }
             Just (Ann (DP (0,-1)) (ColDelta 30) DP (0,-1) [] [])
             (GRHS 
              [] 
              ({ tests/examples/LambdaCase.hs:(9,32)-(10,65) }
               Just (Ann (DP (0,1)) (ColDelta 32) DP (0,1) [] [])
               (OpApp 
                ({ tests/examples/LambdaCase.hs:9:32-52 }
                 Just (Ann (DP (0,0)) (ColDelta 32) DP (0,0) [] [])
                 (HsApp 
                  ({ tests/examples/LambdaCase.hs:9:32-39 }
                   Just (Ann (DP (0,0)) (ColDelta 32) DP (0,0) [] [((G AnnVal),DP (0,0))])
                   (HsVar 
                    (Unqual {OccName: readTVar}))) 
                  ({ tests/examples/LambdaCase.hs:9:41-52 }
                   Just (Ann (DP (0,1)) (ColDelta 41) DP (0,1) [] [((G AnnVal),DP (0,0))])
                   (HsVar 
                    (Unqual {OccName: acNewSetting}))))) 
                ({ tests/examples/LambdaCase.hs:10:3-5 }
                 Just (Ann (DP (1,3)) (ColDelta 3) DP (1,3) [] [((G AnnVal),DP (0,0))])
                 (HsVar 
                  (Unqual {OccName: >>=}))) 
                (PlaceHolder) 
                ({ tests/examples/LambdaCase.hs:10:7-65 }
                 Just (Ann (DP (0,1)) (ColDelta 7) DP (0,1) [] [((G AnnLam),DP (0,0)),((G AnnCase),DP (0,0)),((AnnList tests/examples/LambdaCase.hs:10:15-63),DP (0,0))])
                 (HsLamCase 
                  (PlaceHolder) 
                  (MG 
                   [
                    ({ tests/examples/LambdaCase.hs:10:15-45 }
                     Just (Ann (DP (0,0)) (ColDelta 0) DP (0,0) [] [(AnnSemiSep,DP (0,0))])
                     (Match 
                      (Nothing) 
                      [
                       ({ tests/examples/LambdaCase.hs:10:15-25 }
                        Just (Ann (DP (0,0)) (ColDelta 0) DP (0,0) [] [])
                        (ConPatIn 
                         ({ tests/examples/LambdaCase.hs:10:15-25 }
                          Just (Ann (DP (0,0)) (ColDelta 0) DP (0,0) [] [((G AnnVal),DP (0,0))])
                          (Unqual {OccName: AlarmNotSet})) 
                         (PrefixCon 
                          [])))] 
                      (Nothing) 
                      (GRHSs 
                       [
                        ({ tests/examples/LambdaCase.hs:10:27-45 }
                         Just (Ann (DP (0,1)) (ColDelta 12) DP (0,1) [] [((G AnnRarrow),DP (0,0))])
                         (GRHS 
                          [] 
                          ({ tests/examples/LambdaCase.hs:10:30-45 }
                           Just (Ann (DP (0,1)) (ColDelta 15) DP (0,1) [] [])
                           (HsApp 
                            ({ tests/examples/LambdaCase.hs:10:30-37 }
                             Just (Ann (DP (0,0)) (ColDelta 15) DP (0,0) [] [((G AnnVal),DP (0,0))])
                             (HsVar 
                              (Unqual {OccName: readTVar}))) 
                            ({ tests/examples/LambdaCase.hs:10:39-45 }
                             Just (Ann (DP (0,1)) (ColDelta 24) DP (0,1) [] [((G AnnVal),DP (0,0))])
                             (HsVar 
                              (Unqual {OccName: acIsSet})))))))] 
                       (EmptyLocalBinds)))),
                    ({ tests/examples/LambdaCase.hs:10:48-63 }
                     Just (Ann (DP (0,1)) (ColDelta 33) DP (0,1) [] [])
                     (Match 
                      (Nothing) 
                      [
                       ({ tests/examples/LambdaCase.hs:10:48 }
                        Just (Ann (DP (0,0)) (ColDelta 33) DP (0,0) [] [((G AnnVal),DP (0,0))])
                        (WildPat 
                         (PlaceHolder)))] 
                      (Nothing) 
                      (GRHSs 
                       [
                        ({ tests/examples/LambdaCase.hs:10:50-63 }
                         Just (Ann (DP (0,1)) (ColDelta 35) DP (0,1) [] [((G AnnRarrow),DP (0,0))])
                         (GRHS 
                          [] 
                          ({ tests/examples/LambdaCase.hs:10:53-63 }
                           Just (Ann (DP (0,1)) (ColDelta 38) DP (0,1) [] [])
                           (HsApp 
                            ({ tests/examples/LambdaCase.hs:10:53-58 }
                             Just (Ann (DP (0,0)) (ColDelta 38) DP (0,0) [] [((G AnnVal),DP (0,0))])
                             (HsVar 
                              (Unqual {OccName: return}))) 
                            ({ tests/examples/LambdaCase.hs:10:60-63 }
                             Just (Ann (DP (0,1)) (ColDelta 45) DP (0,1) [] [((G AnnVal),DP (0,0))])
                             (HsVar 
                              (Unqual {OccName: True})))))))] 
                       (EmptyLocalBinds))))] 
                   [] 
                   (PlaceHolder) 
                   (FromSource))))))))] 
           (EmptyLocalBinds))))] 
       [] 
       (PlaceHolder) 
       (FromSource)) 
      (WpHole) 
      (PlaceHolder) 
      [])))] 
  (Nothing) 
  (Nothing)))
==============
[(AnnKey tests/examples/LambdaCase.hs:1:1 CN "HsModule",
  (Ann (DP (0,0)) (ColDelta 1) DP (0,0) [] [((G AnnEofPos),DP (1,0))])),
 (AnnKey tests/examples/LambdaCase.hs:3:1-3 CN "Unqual",
  (Ann (DP (0,0)) (ColDelta 1) DP (0,0) [] [((G AnnVal),DP (0,0))])),
 (AnnKey tests/examples/LambdaCase.hs:(3,1)-(5,42) CN "Match",
  (Ann (DP (0,0)) (ColDelta 1) DP (0,0) [] [((G AnnEqual),DP (0,1))])),
 (AnnKey tests/examples/LambdaCase.hs:(3,1)-(5,42) CN "ValD",
  (Ann (DP (2,1)) (ColDelta 1) DP (2,1) [DComment (DP (0,0),DP (0,27)) "{-# LANGUAGE LambdaCase #-}"] [])),
 (AnnKey tests/examples/LambdaCase.hs:(3,5)-(5,42) CN "GRHS",
  (Ann (DP (0,-1)) (ColDelta 5) DP (0,-1) [] [])),
 (AnnKey tests/examples/LambdaCase.hs:3:7 CN "HsVar",
  (Ann (DP (0,0)) (ColDelta 7) DP (0,0) [] [((G AnnVal),DP (0,0))])),
 (AnnKey tests/examples/LambdaCase.hs:(3,7)-(5,42) CN "OpApp",
  (Ann (DP (0,1)) (ColDelta 7) DP (0,1) [] [])),
 (AnnKey tests/examples/LambdaCase.hs:3:9-11 CN "HsVar",
  (Ann (DP (0,1)) (ColDelta 9) DP (0,1) [] [((G AnnVal),DP (0,0))])),
 (AnnKey tests/examples/LambdaCase.hs:(3,13)-(5,42) CN "HsLamCase",
  (Ann (DP (0,1)) (ColDelta 13) DP (0,1) [] [((G AnnLam),DP (0,0)),((G AnnCase),DP (0,0)),((AnnList tests/examples/LambdaCase.hs:(4,9)-(5,42)),DP (0,0))])),
 (AnnKey tests/examples/LambdaCase.hs:4:9-12 CN "Unqual",
  (Ann (DP (0,0)) (ColDelta 0) DP (0,0) [] [((G AnnVal),DP (0,0))])),
 (AnnKey tests/examples/LambdaCase.hs:4:9-14 CN "ConPatIn",
  (Ann (DP (0,0)) (ColDelta 0) DP (0,0) [] [])),
 (AnnKey tests/examples/LambdaCase.hs:4:9-46 CN "Match",
  (Ann (DP (0,0)) (ColDelta 0) DP (0,0) [] [])),
 (AnnKey tests/examples/LambdaCase.hs:(4,9)-(5,42) CN "(:)",
  (Ann (DP (1,0)) (ColDelta 9) DP (1,0) [] [])),
 (AnnKey tests/examples/LambdaCase.hs:4:14 CN "VarPat",
  (Ann (DP (0,1)) (ColDelta 5) DP (0,1) [] [((G AnnVal),DP (0,0))])),
 (AnnKey tests/examples/LambdaCase.hs:4:16-46 CN "GRHS",
  (Ann (DP (0,1)) (ColDelta 7) DP (0,1) [] [((G AnnRarrow),DP (0,0))])),
 (AnnKey tests/examples/LambdaCase.hs:4:19-28 CN "HsVar",
  (Ann (DP (0,0)) (ColDelta 10) DP (0,0) [] [((G AnnVal),DP (0,0))])),
 (AnnKey tests/examples/LambdaCase.hs:4:19-46 CN "HsApp",
  (Ann (DP (0,1)) (ColDelta 10) DP (0,1) [] [])),
 (AnnKey tests/examples/LambdaCase.hs:4:30-46 CN "HsPar",
  (Ann (DP (0,1)) (ColDelta 21) DP (0,1) [] [((G AnnOpenP),DP (0,0)),((G AnnCloseP),DP (0,0))])),
 (AnnKey tests/examples/LambdaCase.hs:4:31 CN "HsVar",
  (Ann (DP (0,0)) (ColDelta 22) DP (0,0) [] [((G AnnVal),DP (0,0))])),
 (AnnKey tests/examples/LambdaCase.hs:4:31-45 CN "OpApp",
  (Ann (DP (0,0)) (ColDelta 22) DP (0,0) [] [])),
 (AnnKey tests/examples/LambdaCase.hs:4:33-34 CN "HsVar",
  (Ann (DP (0,1)) (ColDelta 24) DP (0,1) [] [((G AnnVal),DP (0,0))])),
 (AnnKey tests/examples/LambdaCase.hs:4:36-45 CN "HsLit",
  (Ann (DP (0,1)) (ColDelta 27) DP (0,1) [] [((G AnnVal),DP (0,0))])),
 (AnnKey tests/examples/LambdaCase.hs:5:9-15 CN "ConPatIn",
  (Ann (DP (0,0)) (ColDelta 0) DP (0,0) [] [])),
 (AnnKey tests/examples/LambdaCase.hs:5:9-15 CN "Unqual",
  (Ann (DP (0,0)) (ColDelta 0) DP (0,0) [] [((G AnnVal),DP (0,0))])),
 (AnnKey tests/examples/LambdaCase.hs:5:9-42 CN "Match",
  (Ann (DP (1,0)) (ColDelta 0) DP (1,0) [] [])),
 (AnnKey tests/examples/LambdaCase.hs:5:17-42 CN "GRHS",
  (Ann (DP (0,1)) (ColDelta 8) DP (0,1) [] [((G AnnRarrow),DP (0,0))])),
 (AnnKey tests/examples/LambdaCase.hs:5:20-23 CN "HsVar",
  (Ann (DP (0,0)) (ColDelta 11) DP (0,0) [] [((G AnnVal),DP (0,0))])),
 (AnnKey tests/examples/LambdaCase.hs:5:20-31 CN "HsApp",
  (Ann (DP (0,0)) (ColDelta 11) DP (0,0) [] [])),
 (AnnKey tests/examples/LambdaCase.hs:5:20-42 CN "HsApp",
  (Ann (DP (0,1)) (ColDelta 11) DP (0,1) [] [])),
 (AnnKey tests/examples/LambdaCase.hs:5:25-31 CN "HsVar",
  (Ann (DP (0,1)) (ColDelta 16) DP (0,1) [] [((G AnnVal),DP (0,0))])),
 (AnnKey tests/examples/LambdaCase.hs:5:33-42 CN "HsVar",
  (Ann (DP (0,1)) (ColDelta 24) DP (0,1) [] [((G AnnVal),DP (0,0))])),
 (AnnKey tests/examples/LambdaCase.hs:8:1-13 CN "Unqual",
  (Ann (DP (0,0)) (ColDelta 1) DP (0,0) [] [((G AnnVal),DP (0,0))])),
 (AnnKey tests/examples/LambdaCase.hs:8:1-39 CN "SigD",
  (Ann (DP (1,1)) (ColDelta 1) DP (3,1) [DComment (DP (2,1),DP (2,108)) "{-| Is the alarm set - i.e. will it go off at some point in the future even if `setAlarm` is not called? -}"] [((G AnnDcolon),DP (0,1))])),
 (AnnKey tests/examples/LambdaCase.hs:8:18-27 CN "HsTyVar",
  (Ann (DP (0,0)) (ColDelta 18) DP (0,0) [] [((G AnnVal),DP (0,0))])),
 (AnnKey tests/examples/LambdaCase.hs:8:18-39 CN "HsForAllTy",
  (Ann (DP (0,1)) (ColDelta 18) DP (0,1) [] [])),
 (AnnKey tests/examples/LambdaCase.hs:8:18-39 CN "HsFunTy",
  (Ann (DP (0,0)) (ColDelta 18) DP (0,0) [] [((G AnnRarrow),DP (0,1))])),
 (AnnKey tests/examples/LambdaCase.hs:8:32-34 CN "HsTyVar",
  (Ann (DP (0,0)) (ColDelta 32) DP (0,0) [] [((G AnnVal),DP (0,0))])),
 (AnnKey tests/examples/LambdaCase.hs:8:32-39 CN "HsAppTy",
  (Ann (DP (0,1)) (ColDelta 32) DP (0,1) [] [])),
 (AnnKey tests/examples/LambdaCase.hs:8:36-39 CN "HsTyVar",
  (Ann (DP (0,1)) (ColDelta 36) DP (0,1) [] [((G AnnVal),DP (0,0))])),
 (AnnKey tests/examples/LambdaCase.hs:9:1-13 CN "Unqual",
  (Ann (DP (0,0)) (ColDelta 1) DP (0,0) [] [((G AnnVal),DP (0,0))])),
 (AnnKey tests/examples/LambdaCase.hs:(9,1)-(10,65) CN "Match",
  (Ann (DP (0,0)) (ColDelta 1) DP (0,0) [] [((G AnnEqual),DP (0,1))])),
 (AnnKey tests/examples/LambdaCase.hs:(9,1)-(10,65) CN "ValD",
  (Ann (DP (1,1)) (ColDelta 1) DP (1,1) [] [])),
 (AnnKey tests/examples/LambdaCase.hs:9:15-24 CN "Unqual",
  (Ann (DP (0,0)) (ColDelta 15) DP (0,0) [] [((G AnnVal),DP (0,0))])),
 (AnnKey tests/examples/LambdaCase.hs:9:15-28 CN "ConPatIn",
  (Ann (DP (0,1)) (ColDelta 15) DP (0,1) [] [((G AnnOpenC),DP (0,0)),((G AnnDotdot),DP (0,0)),((G AnnCloseC),DP (0,0))])),
 (AnnKey tests/examples/LambdaCase.hs:(9,30)-(10,65) CN "GRHS",
  (Ann (DP (0,-1)) (ColDelta 30) DP (0,-1) [] [])),
 (AnnKey tests/examples/LambdaCase.hs:9:32-39 CN "HsVar",
  (Ann (DP (0,0)) (ColDelta 32) DP (0,0) [] [((G AnnVal),DP (0,0))])),
 (AnnKey tests/examples/LambdaCase.hs:9:32-52 CN "HsApp",
  (Ann (DP (0,0)) (ColDelta 32) DP (0,0) [] [])),
 (AnnKey tests/examples/LambdaCase.hs:(9,32)-(10,65) CN "OpApp",
  (Ann (DP (0,1)) (ColDelta 32) DP (0,1) [] [])),
 (AnnKey tests/examples/LambdaCase.hs:9:41-52 CN "HsVar",
  (Ann (DP (0,1)) (ColDelta 41) DP (0,1) [] [((G AnnVal),DP (0,0))])),
 (AnnKey tests/examples/LambdaCase.hs:10:3-5 CN "HsVar",
  (Ann (DP (1,3)) (ColDelta 3) DP (1,3) [] [((G AnnVal),DP (0,0))])),
 (AnnKey tests/examples/LambdaCase.hs:10:7-65 CN "HsLamCase",
  (Ann (DP (0,1)) (ColDelta 7) DP (0,1) [] [((G AnnLam),DP (0,0)),((G AnnCase),DP (0,0)),((AnnList tests/examples/LambdaCase.hs:10:15-63),DP (0,0))])),
 (AnnKey tests/examples/LambdaCase.hs:10:15-25 CN "ConPatIn",
  (Ann (DP (0,0)) (ColDelta 0) DP (0,0) [] [])),
 (AnnKey tests/examples/LambdaCase.hs:10:15-25 CN "Unqual",
  (Ann (DP (0,0)) (ColDelta 0) DP (0,0) [] [((G AnnVal),DP (0,0))])),
 (AnnKey tests/examples/LambdaCase.hs:10:15-45 CN "Match",
  (Ann (DP (0,0)) (ColDelta 0) DP (0,0) [] [(AnnSemiSep,DP (0,0))])),
 (AnnKey tests/examples/LambdaCase.hs:10:15-63 CN "(:)",
  (Ann (DP (0,3)) (ColDelta 15) DP (0,3) [] [])),
 (AnnKey tests/examples/LambdaCase.hs:10:27-45 CN "GRHS",
  (Ann (DP (0,1)) (ColDelta 12) DP (0,1) [] [((G AnnRarrow),DP (0,0))])),
 (AnnKey tests/examples/LambdaCase.hs:10:30-37 CN "HsVar",
  (Ann (DP (0,0)) (ColDelta 15) DP (0,0) [] [((G AnnVal),DP (0,0))])),
 (AnnKey tests/examples/LambdaCase.hs:10:30-45 CN "HsApp",
  (Ann (DP (0,1)) (ColDelta 15) DP (0,1) [] [])),
 (AnnKey tests/examples/LambdaCase.hs:10:39-45 CN "HsVar",
  (Ann (DP (0,1)) (ColDelta 24) DP (0,1) [] [((G AnnVal),DP (0,0))])),
 (AnnKey tests/examples/LambdaCase.hs:10:48 CN "WildPat",
  (Ann (DP (0,0)) (ColDelta 33) DP (0,0) [] [((G AnnVal),DP (0,0))])),
 (AnnKey tests/examples/LambdaCase.hs:10:48-63 CN "Match",
  (Ann (DP (0,1)) (ColDelta 33) DP (0,1) [] [])),
 (AnnKey tests/examples/LambdaCase.hs:10:50-63 CN "GRHS",
  (Ann (DP (0,1)) (ColDelta 35) DP (0,1) [] [((G AnnRarrow),DP (0,0))])),
 (AnnKey tests/examples/LambdaCase.hs:10:53-58 CN "HsVar",
  (Ann (DP (0,0)) (ColDelta 38) DP (0,0) [] [((G AnnVal),DP (0,0))])),
 (AnnKey tests/examples/LambdaCase.hs:10:53-63 CN "HsApp",
  (Ann (DP (0,1)) (ColDelta 38) DP (0,1) [] [])),
 (AnnKey tests/examples/LambdaCase.hs:10:60-63 CN "HsVar",
  (Ann (DP (0,1)) (ColDelta 45) DP (0,1) [] [((G AnnVal),DP (0,0))])),
 (AnnKey <no location info> CN "EmptyLocalBinds",
  (Ann (DP (-4,0)) (ColDelta -9) DP (-4,0) [] []))]
==============
([((tests/examples/LambdaCase.hs:(3,1)-(5,42), AnnEqual),
   [tests/examples/LambdaCase.hs:3:5]),
  ((tests/examples/LambdaCase.hs:(3,1)-(5,42), AnnFunId),
   [tests/examples/LambdaCase.hs:3:1-3]),
  ((tests/examples/LambdaCase.hs:(3,1)-(5,42), AnnSemi),
   [tests/examples/LambdaCase.hs:8:1]),
  ((tests/examples/LambdaCase.hs:(3,7)-(5,42), AnnVal),
   [tests/examples/LambdaCase.hs:3:9-11]),
  ((tests/examples/LambdaCase.hs:(3,13)-(5,42), AnnCase),
   [tests/examples/LambdaCase.hs:3:14-17]),
  ((tests/examples/LambdaCase.hs:(3,13)-(5,42), AnnLam),
   [tests/examples/LambdaCase.hs:3:13]),
  ((tests/examples/LambdaCase.hs:4:9-46, AnnSemi),
   [tests/examples/LambdaCase.hs:5:9]),
  ((tests/examples/LambdaCase.hs:4:16-46, AnnRarrow),
   [tests/examples/LambdaCase.hs:4:16-17]),
  ((tests/examples/LambdaCase.hs:4:30-46, AnnCloseP),
   [tests/examples/LambdaCase.hs:4:46]),
  ((tests/examples/LambdaCase.hs:4:30-46, AnnOpenP),
   [tests/examples/LambdaCase.hs:4:30]),
  ((tests/examples/LambdaCase.hs:4:31-45, AnnVal),
   [tests/examples/LambdaCase.hs:4:33-34]),
  ((tests/examples/LambdaCase.hs:5:17-42, AnnRarrow),
   [tests/examples/LambdaCase.hs:5:17-18]),
  ((tests/examples/LambdaCase.hs:8:1-39, AnnDcolon),
   [tests/examples/LambdaCase.hs:8:15-16]),
  ((tests/examples/LambdaCase.hs:8:1-39, AnnSemi),
   [tests/examples/LambdaCase.hs:9:1]),
  ((tests/examples/LambdaCase.hs:8:18-39, AnnRarrow),
   [tests/examples/LambdaCase.hs:8:29-30]),
  ((tests/examples/LambdaCase.hs:(9,1)-(10,65), AnnEqual),
   [tests/examples/LambdaCase.hs:9:30]),
  ((tests/examples/LambdaCase.hs:(9,1)-(10,65), AnnFunId),
   [tests/examples/LambdaCase.hs:9:1-13]),
  ((tests/examples/LambdaCase.hs:(9,1)-(10,65), AnnSemi),
   [tests/examples/LambdaCase.hs:11:1]),
  ((tests/examples/LambdaCase.hs:9:15-28, AnnCloseC),
   [tests/examples/LambdaCase.hs:9:28]),
  ((tests/examples/LambdaCase.hs:9:15-28, AnnDotdot),
   [tests/examples/LambdaCase.hs:9:26-27]),
  ((tests/examples/LambdaCase.hs:9:15-28, AnnOpenC),
   [tests/examples/LambdaCase.hs:9:25]),
  ((tests/examples/LambdaCase.hs:(9,32)-(10,65), AnnVal),
   [tests/examples/LambdaCase.hs:10:3-5]),
  ((tests/examples/LambdaCase.hs:10:7-65, AnnCase),
   [tests/examples/LambdaCase.hs:10:8-11]),
  ((tests/examples/LambdaCase.hs:10:7-65, AnnCloseC),
   [tests/examples/LambdaCase.hs:10:65]),
  ((tests/examples/LambdaCase.hs:10:7-65, AnnLam),
   [tests/examples/LambdaCase.hs:10:7]),
  ((tests/examples/LambdaCase.hs:10:7-65, AnnOpenC),
   [tests/examples/LambdaCase.hs:10:13]),
  ((tests/examples/LambdaCase.hs:10:15-45, AnnSemi),
   [tests/examples/LambdaCase.hs:10:46]),
  ((tests/examples/LambdaCase.hs:10:27-45, AnnRarrow),
   [tests/examples/LambdaCase.hs:10:27-28]),
  ((tests/examples/LambdaCase.hs:10:50-63, AnnRarrow),
   [tests/examples/LambdaCase.hs:10:50-51]),
  ((<no location info>, AnnEofPos),
   [tests/examples/LambdaCase.hs:11:1])],
 [(<no location info>,
   [AnnBlockComment "{-| Is the alarm set - i.e. will it go off at some point in the future even if `setAlarm` is not called? -}",
    AnnBlockComment "{-# LANGUAGE LambdaCase #-}"])])