module LayoutLet2 where

-- Simple let expression, rename xxx to something longer or shorter
-- and the let/in layout should adjust accordingly
-- In this case the tokens for xxx + a + b should also shift out

foo xxxlonger = let a = 1
                    b = 2 in xxxlonger + a + b


==============
Match

==============
lengths:(284,284)

({ tests/examples/LayoutLet2.hs:1:1 }
 Just (Ann (DP (0,0)) (ColDelta 1) DP (0,0) [] [((G AnnModule),DP (0,0)),((G AnnVal),DP (0,1)),((G AnnWhere),DP (0,1)),((G AnnEofPos),DP (2,0))])
 (HsModule 
  (Just 
   ({ tests/examples/LayoutLet2.hs:1:8-17 }
    Nothing{ModuleName: LayoutLet2})) 
  (Nothing) 
  [] 
  [
   ({ tests/examples/LayoutLet2.hs:(7,1)-(8,34) }
    Just (Ann (DP (2,1)) (ColDelta 1) DP (6,1) [DComment (DP (2,1),DP (2,68)) "-- Simple let expression, rename xxx to something longer or shorter",DComment (DP (1,1),DP (1,51)) "-- and the let/in layout should adjust accordingly",DComment (DP (1,1),DP (1,65)) "-- In this case the tokens for xxx + a + b should also shift out"] [])
    (ValD 
     (FunBind 
      ({ tests/examples/LayoutLet2.hs:7:1-3 }
       Just (Ann (DP (0,0)) (ColDelta 1) DP (0,0) [] [((G AnnVal),DP (0,0))])
       (Unqual {OccName: foo})) 
      (False) 
      (MG 
       [
        ({ tests/examples/LayoutLet2.hs:(7,1)-(8,34) }
         Just (Ann (DP (0,0)) (ColDelta 1) DP (0,0) [] [((G AnnEqual),DP (0,1))])
         (Match 
          (Just 
           ((,) 
            ({ tests/examples/LayoutLet2.hs:7:1-3 }
             Just (Ann (DP (0,0)) (ColDelta 1) DP (0,0) [] [((G AnnVal),DP (0,0))])
             (Unqual {OccName: foo})) 
            (False))) 
          [
           ({ tests/examples/LayoutLet2.hs:7:5-7 }
            Just (Ann (DP (0,1)) (ColDelta 5) DP (0,1) [] [((G AnnVal),DP (0,0))])
            (VarPat 
             (Unqual {OccName: xxxlonger})))] 
          (Nothing) 
          (GRHSs 
           [
            ({ tests/examples/LayoutLet2.hs:(7,9)-(8,34) }
             Just (Ann (DP (0,-1)) (ColDelta 9) DP (0,-1) [] [])
             (GRHS 
              [] 
              ({ tests/examples/LayoutLet2.hs:(7,11)-(8,34) }
               Just (Ann (DP (0,1)) (ColDelta 11) DP (0,1) [] [((G AnnLet),DP (0,0)),((AnnList tests/examples/LayoutLet2.hs:(7,15)-(8,19)),DP (0,0)),((G AnnIn),DP (0,1))])
               (HsLet 
                (HsValBinds 
                 (ValBindsIn {Bag(Located (HsBind RdrName)): 
                  [
                   ({ tests/examples/LayoutLet2.hs:7:15-19 }
                    Just (Ann (DP (0,0)) (ColDelta 0) DP (0,0) [] [])
                    (FunBind 
                     ({ tests/examples/LayoutLet2.hs:7:15 }
                      Just (Ann (DP (0,0)) (ColDelta 0) DP (0,0) [] [((G AnnVal),DP (0,0))])
                      (Unqual {OccName: a})) 
                     (False) 
                     (MG 
                      [
                       ({ tests/examples/LayoutLet2.hs:7:15-19 }
                        Just (Ann (DP (0,0)) (ColDelta 0) DP (0,0) [] [((G AnnEqual),DP (0,1))])
                        (Match 
                         (Just 
                          ((,) 
                           ({ tests/examples/LayoutLet2.hs:7:15 }
                            Just (Ann (DP (0,0)) (ColDelta 0) DP (0,0) [] [((G AnnVal),DP (0,0))])
                            (Unqual {OccName: a})) 
                           (False))) 
                         [] 
                         (Nothing) 
                         (GRHSs 
                          [
                           ({ tests/examples/LayoutLet2.hs:7:17-19 }
                            Just (Ann (DP (0,-1)) (ColDelta 2) DP (0,-1) [] [])
                            (GRHS 
                             [] 
                             ({ tests/examples/LayoutLet2.hs:7:19 }
                              Just (Ann (DP (0,1)) (ColDelta 4) DP (0,1) [] [((G AnnVal),DP (0,0))])
                              (HsOverLit {HsOverLit:1}))))] 
                          (EmptyLocalBinds))))] 
                      [] 
                      (PlaceHolder) 
                      (FromSource)) 
                     (WpHole) 
                     (PlaceHolder) 
                     [])),
                   ({ tests/examples/LayoutLet2.hs:8:15-19 }
                    Just (Ann (DP (1,0)) (ColDelta 0) DP (1,0) [] [])
                    (FunBind 
                     ({ tests/examples/LayoutLet2.hs:8:15 }
                      Just (Ann (DP (0,0)) (ColDelta 0) DP (0,0) [] [((G AnnVal),DP (0,0))])
                      (Unqual {OccName: b})) 
                     (False) 
                     (MG 
                      [
                       ({ tests/examples/LayoutLet2.hs:8:15-19 }
                        Just (Ann (DP (0,0)) (ColDelta 0) DP (0,0) [] [((G AnnEqual),DP (0,1))])
                        (Match 
                         (Just 
                          ((,) 
                           ({ tests/examples/LayoutLet2.hs:8:15 }
                            Just (Ann (DP (0,0)) (ColDelta 0) DP (0,0) [] [((G AnnVal),DP (0,0))])
                            (Unqual {OccName: b})) 
                           (False))) 
                         [] 
                         (Nothing) 
                         (GRHSs 
                          [
                           ({ tests/examples/LayoutLet2.hs:8:17-19 }
                            Just (Ann (DP (0,-1)) (ColDelta 2) DP (0,-1) [] [])
                            (GRHS 
                             [] 
                             ({ tests/examples/LayoutLet2.hs:8:19 }
                              Just (Ann (DP (0,1)) (ColDelta 4) DP (0,1) [] [((G AnnVal),DP (0,0))])
                              (HsOverLit {HsOverLit:2}))))] 
                          (EmptyLocalBinds))))] 
                      [] 
                      (PlaceHolder) 
                      (FromSource)) 
                     (WpHole) 
                     (PlaceHolder) 
                     []))]} 
                  [])) 
                ({ tests/examples/LayoutLet2.hs:8:24-34 }
                 Just (Ann (DP (0,1)) (ColDelta 13) DP (0,1) [] [])
                 (OpApp 
                  ({ tests/examples/LayoutLet2.hs:8:24-30 }
                   Just (Ann (DP (0,0)) (ColDelta 13) DP (0,0) [] [])
                   (OpApp 
                    ({ tests/examples/LayoutLet2.hs:8:24-26 }
                     Just (Ann (DP (0,0)) (ColDelta 13) DP (0,0) [] [((G AnnVal),DP (0,0))])
                     (HsVar 
                      (Unqual {OccName: xxxlonger}))) 
                    ({ tests/examples/LayoutLet2.hs:8:28 }
                     Just (Ann (DP (0,1)) (ColDelta 17) DP (0,1) [] [((G AnnVal),DP (0,0))])
                     (HsVar 
                      (Unqual {OccName: +}))) 
                    (PlaceHolder) 
                    ({ tests/examples/LayoutLet2.hs:8:30 }
                     Just (Ann (DP (0,1)) (ColDelta 19) DP (0,1) [] [((G AnnVal),DP (0,0))])
                     (HsVar 
                      (Unqual {OccName: a}))))) 
                  ({ tests/examples/LayoutLet2.hs:8:32 }
                   Just (Ann (DP (0,1)) (ColDelta 21) DP (0,1) [] [((G AnnVal),DP (0,0))])
                   (HsVar 
                    (Unqual {OccName: +}))) 
                  (PlaceHolder) 
                  ({ tests/examples/LayoutLet2.hs:8:34 }
                   Just (Ann (DP (0,1)) (ColDelta 23) DP (0,1) [] [((G AnnVal),DP (0,0))])
                   (HsVar 
                    (Unqual {OccName: b})))))))))] 
           (EmptyLocalBinds))))] 
       [] 
       (PlaceHolder) 
       (FromSource)) 
      (WpHole) 
      (PlaceHolder) 
      [])))] 
  (Nothing) 
  (Nothing)))
========================
[(AnnKey tests/examples/LayoutLet2.hs:1:1 CN "HsModule",
  (Ann (DP (0,0)) (ColDelta 1) DP (0,0) [] [((G AnnModule),DP (0,0)),((G AnnVal),DP (0,1)),((G AnnWhere),DP (0,1)),((G AnnEofPos),DP (2,0))])),
 (AnnKey tests/examples/LayoutLet2.hs:7:1-3 CN "Unqual",
  (Ann (DP (0,0)) (ColDelta 1) DP (0,0) [] [((G AnnVal),DP (0,0))])),
 (AnnKey tests/examples/LayoutLet2.hs:(7,1)-(8,34) CN "Match",
  (Ann (DP (0,0)) (ColDelta 1) DP (0,0) [] [((G AnnEqual),DP (0,1))])),
 (AnnKey tests/examples/LayoutLet2.hs:(7,1)-(8,34) CN "ValD",
  (Ann (DP (2,1)) (ColDelta 1) DP (6,1) [DComment (DP (2,1),DP (2,68)) "-- Simple let expression, rename xxx to something longer or shorter",DComment (DP (1,1),DP (1,51)) "-- and the let/in layout should adjust accordingly",DComment (DP (1,1),DP (1,65)) "-- In this case the tokens for xxx + a + b should also shift out"] [])),
 (AnnKey tests/examples/LayoutLet2.hs:7:5-7 CN "VarPat",
  (Ann (DP (0,1)) (ColDelta 5) DP (0,1) [] [((G AnnVal),DP (0,0))])),
 (AnnKey tests/examples/LayoutLet2.hs:(7,9)-(8,34) CN "GRHS",
  (Ann (DP (0,-1)) (ColDelta 9) DP (0,-1) [] [])),
 (AnnKey tests/examples/LayoutLet2.hs:(7,11)-(8,34) CN "HsLet",
  (Ann (DP (0,1)) (ColDelta 11) DP (0,1) [] [((G AnnLet),DP (0,0)),((AnnList tests/examples/LayoutLet2.hs:(7,15)-(8,19)),DP (0,0)),((G AnnIn),DP (0,1))])),
 (AnnKey tests/examples/LayoutLet2.hs:7:15 CN "Unqual",
  (Ann (DP (0,0)) (ColDelta 0) DP (0,0) [] [((G AnnVal),DP (0,0))])),
 (AnnKey tests/examples/LayoutLet2.hs:7:15-19 CN "FunBind",
  (Ann (DP (0,0)) (ColDelta 0) DP (0,0) [] [])),
 (AnnKey tests/examples/LayoutLet2.hs:7:15-19 CN "Match",
  (Ann (DP (0,0)) (ColDelta 0) DP (0,0) [] [((G AnnEqual),DP (0,1))])),
 (AnnKey tests/examples/LayoutLet2.hs:(7,15)-(8,19) CN "HsValBinds",
  (Ann (DP (0,1)) (ColDelta 4) DP (0,1) [] [])),
 (AnnKey tests/examples/LayoutLet2.hs:7:17-19 CN "GRHS",
  (Ann (DP (0,-1)) (ColDelta 2) DP (0,-1) [] [])),
 (AnnKey tests/examples/LayoutLet2.hs:7:19 CN "HsOverLit",
  (Ann (DP (0,1)) (ColDelta 4) DP (0,1) [] [((G AnnVal),DP (0,0))])),
 (AnnKey tests/examples/LayoutLet2.hs:8:15 CN "Unqual",
  (Ann (DP (0,0)) (ColDelta 0) DP (0,0) [] [((G AnnVal),DP (0,0))])),
 (AnnKey tests/examples/LayoutLet2.hs:8:15-19 CN "FunBind",
  (Ann (DP (1,0)) (ColDelta 0) DP (1,0) [] [])),
 (AnnKey tests/examples/LayoutLet2.hs:8:15-19 CN "Match",
  (Ann (DP (0,0)) (ColDelta 0) DP (0,0) [] [((G AnnEqual),DP (0,1))])),
 (AnnKey tests/examples/LayoutLet2.hs:8:17-19 CN "GRHS",
  (Ann (DP (0,-1)) (ColDelta 2) DP (0,-1) [] [])),
 (AnnKey tests/examples/LayoutLet2.hs:8:19 CN "HsOverLit",
  (Ann (DP (0,1)) (ColDelta 4) DP (0,1) [] [((G AnnVal),DP (0,0))])),
 (AnnKey tests/examples/LayoutLet2.hs:8:24-26 CN "HsVar",
  (Ann (DP (0,0)) (ColDelta 13) DP (0,0) [] [((G AnnVal),DP (0,0))])),
 (AnnKey tests/examples/LayoutLet2.hs:8:24-30 CN "OpApp",
  (Ann (DP (0,0)) (ColDelta 13) DP (0,0) [] [])),
 (AnnKey tests/examples/LayoutLet2.hs:8:24-34 CN "OpApp",
  (Ann (DP (0,1)) (ColDelta 13) DP (0,1) [] [])),
 (AnnKey tests/examples/LayoutLet2.hs:8:28 CN "HsVar",
  (Ann (DP (0,1)) (ColDelta 17) DP (0,1) [] [((G AnnVal),DP (0,0))])),
 (AnnKey tests/examples/LayoutLet2.hs:8:30 CN "HsVar",
  (Ann (DP (0,1)) (ColDelta 19) DP (0,1) [] [((G AnnVal),DP (0,0))])),
 (AnnKey tests/examples/LayoutLet2.hs:8:32 CN "HsVar",
  (Ann (DP (0,1)) (ColDelta 21) DP (0,1) [] [((G AnnVal),DP (0,0))])),
 (AnnKey tests/examples/LayoutLet2.hs:8:34 CN "HsVar",
  (Ann (DP (0,1)) (ColDelta 23) DP (0,1) [] [((G AnnVal),DP (0,0))])),
 (AnnKey <no location info> CN "EmptyLocalBinds",
  (Ann (DP (-7,0)) (ColDelta -15) DP (-7,0) [] []))]
========================
([((tests/examples/LayoutLet2.hs:1:1, AnnModule),
   [tests/examples/LayoutLet2.hs:1:1-6]),
  ((tests/examples/LayoutLet2.hs:1:1, AnnWhere),
   [tests/examples/LayoutLet2.hs:1:19-23]),
  ((tests/examples/LayoutLet2.hs:(7,1)-(8,34), AnnEqual),
   [tests/examples/LayoutLet2.hs:7:9]),
  ((tests/examples/LayoutLet2.hs:(7,1)-(8,34), AnnFunId),
   [tests/examples/LayoutLet2.hs:7:1-3]),
  ((tests/examples/LayoutLet2.hs:(7,1)-(8,34), AnnSemi),
   [tests/examples/LayoutLet2.hs:10:1]),
  ((tests/examples/LayoutLet2.hs:(7,11)-(8,34), AnnIn),
   [tests/examples/LayoutLet2.hs:8:21-22]),
  ((tests/examples/LayoutLet2.hs:(7,11)-(8,34), AnnLet),
   [tests/examples/LayoutLet2.hs:7:11-13]),
  ((tests/examples/LayoutLet2.hs:7:15-19, AnnEqual),
   [tests/examples/LayoutLet2.hs:7:17]),
  ((tests/examples/LayoutLet2.hs:7:15-19, AnnFunId),
   [tests/examples/LayoutLet2.hs:7:15]),
  ((tests/examples/LayoutLet2.hs:7:15-19, AnnSemi),
   [tests/examples/LayoutLet2.hs:8:15]),
  ((tests/examples/LayoutLet2.hs:8:15-19, AnnEqual),
   [tests/examples/LayoutLet2.hs:8:17]),
  ((tests/examples/LayoutLet2.hs:8:15-19, AnnFunId),
   [tests/examples/LayoutLet2.hs:8:15]),
  ((tests/examples/LayoutLet2.hs:8:24-30, AnnVal),
   [tests/examples/LayoutLet2.hs:8:28]),
  ((tests/examples/LayoutLet2.hs:8:24-34, AnnVal),
   [tests/examples/LayoutLet2.hs:8:32]),
  ((<no location info>, AnnEofPos),
   [tests/examples/LayoutLet2.hs:10:1])],
 [(<no location info>,
   [AnnLineComment "-- In this case the tokens for xxx + a + b should also shift out",
    AnnLineComment "-- and the let/in layout should adjust accordingly",
    AnnLineComment "-- Simple let expression, rename xxx to something longer or shorter"])])
========================

(L {tests/examples/LayoutLet2.hs:1:1} 
 (HsModule 
  (Just 
   (L {tests/examples/LayoutLet2.hs:1:8-17} {ModuleName: LayoutLet2})) 
  (Nothing) 
  [] 
  [
   (L {tests/examples/LayoutLet2.hs:(7,1)-(8,34)} 
    (ValD 
     (FunBind 
      (L {tests/examples/LayoutLet2.hs:7:1-3} 
       (Unqual {OccName: foo})) 
      (False) 
      (MG 
       [
        (L {tests/examples/LayoutLet2.hs:(7,1)-(8,34)} 
         (Match 
          (Just 
           ((,) 
            (L {tests/examples/LayoutLet2.hs:7:1-3} 
             (Unqual {OccName: foo})) 
            (False))) 
          [
           (L {tests/examples/LayoutLet2.hs:7:5-7} 
            (VarPat 
             (Unqual {OccName: xxx})))] 
          (Nothing) 
          (GRHSs 
           [
            (L {tests/examples/LayoutLet2.hs:(7,9)-(8,34)} 
             (GRHS 
              [] 
              (L {tests/examples/LayoutLet2.hs:(7,11)-(8,34)} 
               (HsLet 
                (HsValBinds 
                 (ValBindsIn {Bag(Located (HsBind RdrName)): 
                  [
                   (L {tests/examples/LayoutLet2.hs:7:15-19} 
                    (FunBind 
                     (L {tests/examples/LayoutLet2.hs:7:15} 
                      (Unqual {OccName: a})) 
                     (False) 
                     (MG 
                      [
                       (L {tests/examples/LayoutLet2.hs:7:15-19} 
                        (Match 
                         (Just 
                          ((,) 
                           (L {tests/examples/LayoutLet2.hs:7:15} 
                            (Unqual {OccName: a})) 
                           (False))) 
                         [] 
                         (Nothing) 
                         (GRHSs 
                          [
                           (L {tests/examples/LayoutLet2.hs:7:17-19} 
                            (GRHS 
                             [] 
                             (L {tests/examples/LayoutLet2.hs:7:19} 
                              (HsOverLit {HsOverLit:1}))))] 
                          (EmptyLocalBinds))))] 
                      [] 
                      (PlaceHolder) 
                      (FromSource)) 
                     (WpHole) 
                     (PlaceHolder) 
                     [])),
                   (L {tests/examples/LayoutLet2.hs:8:15-19} 
                    (FunBind 
                     (L {tests/examples/LayoutLet2.hs:8:15} 
                      (Unqual {OccName: b})) 
                     (False) 
                     (MG 
                      [
                       (L {tests/examples/LayoutLet2.hs:8:15-19} 
                        (Match 
                         (Just 
                          ((,) 
                           (L {tests/examples/LayoutLet2.hs:8:15} 
                            (Unqual {OccName: b})) 
                           (False))) 
                         [] 
                         (Nothing) 
                         (GRHSs 
                          [
                           (L {tests/examples/LayoutLet2.hs:8:17-19} 
                            (GRHS 
                             [] 
                             (L {tests/examples/LayoutLet2.hs:8:19} 
                              (HsOverLit {HsOverLit:2}))))] 
                          (EmptyLocalBinds))))] 
                      [] 
                      (PlaceHolder) 
                      (FromSource)) 
                     (WpHole) 
                     (PlaceHolder) 
                     []))]} 
                  [])) 
                (L {tests/examples/LayoutLet2.hs:8:24-34} 
                 (OpApp 
                  (L {tests/examples/LayoutLet2.hs:8:24-30} 
                   (OpApp 
                    (L {tests/examples/LayoutLet2.hs:8:24-26} 
                     (HsVar 
                      (Unqual {OccName: xxx}))) 
                    (L {tests/examples/LayoutLet2.hs:8:28} 
                     (HsVar 
                      (Unqual {OccName: +}))) 
                    (PlaceHolder) 
                    (L {tests/examples/LayoutLet2.hs:8:30} 
                     (HsVar 
                      (Unqual {OccName: a}))))) 
                  (L {tests/examples/LayoutLet2.hs:8:32} 
                   (HsVar 
                    (Unqual {OccName: +}))) 
                  (PlaceHolder) 
                  (L {tests/examples/LayoutLet2.hs:8:34} 
                   (HsVar 
                    (Unqual {OccName: b})))))))))] 
           (EmptyLocalBinds))))] 
       [] 
       (PlaceHolder) 
       (FromSource)) 
      (WpHole) 
      (PlaceHolder) 
      [])))] 
  (Nothing) 
  (Nothing)))
========================
[(AnnKey tests/examples/LayoutLet2.hs:1:1 CN "HsModule",
  (Ann (DP (0,0)) (ColDelta 1) DP (0,0) [] [((G AnnModule),DP (0,0)),((G AnnVal),DP (0,1)),((G AnnWhere),DP (0,1)),((G AnnEofPos),DP (2,0))])),
 (AnnKey tests/examples/LayoutLet2.hs:7:1-3 CN "Unqual",
  (Ann (DP (0,0)) (ColDelta 1) DP (0,0) [] [((G AnnVal),DP (0,0))])),
 (AnnKey tests/examples/LayoutLet2.hs:(7,1)-(8,34) CN "Match",
  (Ann (DP (0,0)) (ColDelta 1) DP (0,0) [] [((G AnnEqual),DP (0,1))])),
 (AnnKey tests/examples/LayoutLet2.hs:(7,1)-(8,34) CN "ValD",
  (Ann (DP (2,1)) (ColDelta 1) DP (6,1) [DComment (DP (2,1),DP (2,68)) "-- Simple let expression, rename xxx to something longer or shorter",DComment (DP (1,1),DP (1,51)) "-- and the let/in layout should adjust accordingly",DComment (DP (1,1),DP (1,65)) "-- In this case the tokens for xxx + a + b should also shift out"] [])),
 (AnnKey tests/examples/LayoutLet2.hs:7:5-7 CN "VarPat",
  (Ann (DP (0,1)) (ColDelta 5) DP (0,1) [] [((G AnnVal),DP (0,0))])),
 (AnnKey tests/examples/LayoutLet2.hs:(7,9)-(8,34) CN "GRHS",
  (Ann (DP (0,-1)) (ColDelta 9) DP (0,-1) [] [])),
 (AnnKey tests/examples/LayoutLet2.hs:(7,11)-(8,34) CN "HsLet",
  (Ann (DP (0,1)) (ColDelta 11) DP (0,1) [] [((G AnnLet),DP (0,0)),((AnnList tests/examples/LayoutLet2.hs:(7,15)-(8,19)),DP (0,0)),((G AnnIn),DP (0,1))])),
 (AnnKey tests/examples/LayoutLet2.hs:7:15 CN "Unqual",
  (Ann (DP (0,0)) (ColDelta 0) DP (0,0) [] [((G AnnVal),DP (0,0))])),
 (AnnKey tests/examples/LayoutLet2.hs:7:15-19 CN "FunBind",
  (Ann (DP (0,0)) (ColDelta 0) DP (0,0) [] [])),
 (AnnKey tests/examples/LayoutLet2.hs:7:15-19 CN "Match",
  (Ann (DP (0,0)) (ColDelta 0) DP (0,0) [] [((G AnnEqual),DP (0,1))])),
 (AnnKey tests/examples/LayoutLet2.hs:(7,15)-(8,19) CN "HsValBinds",
  (Ann (DP (0,1)) (ColDelta 4) DP (0,1) [] [])),
 (AnnKey tests/examples/LayoutLet2.hs:7:17-19 CN "GRHS",
  (Ann (DP (0,-1)) (ColDelta 2) DP (0,-1) [] [])),
 (AnnKey tests/examples/LayoutLet2.hs:7:19 CN "HsOverLit",
  (Ann (DP (0,1)) (ColDelta 4) DP (0,1) [] [((G AnnVal),DP (0,0))])),
 (AnnKey tests/examples/LayoutLet2.hs:8:15 CN "Unqual",
  (Ann (DP (0,0)) (ColDelta 0) DP (0,0) [] [((G AnnVal),DP (0,0))])),
 (AnnKey tests/examples/LayoutLet2.hs:8:15-19 CN "FunBind",
  (Ann (DP (1,0)) (ColDelta 0) DP (1,0) [] [])),
 (AnnKey tests/examples/LayoutLet2.hs:8:15-19 CN "Match",
  (Ann (DP (0,0)) (ColDelta 0) DP (0,0) [] [((G AnnEqual),DP (0,1))])),
 (AnnKey tests/examples/LayoutLet2.hs:8:17-19 CN "GRHS",
  (Ann (DP (0,-1)) (ColDelta 2) DP (0,-1) [] [])),
 (AnnKey tests/examples/LayoutLet2.hs:8:19 CN "HsOverLit",
  (Ann (DP (0,1)) (ColDelta 4) DP (0,1) [] [((G AnnVal),DP (0,0))])),
 (AnnKey tests/examples/LayoutLet2.hs:8:24-26 CN "HsVar",
  (Ann (DP (0,0)) (ColDelta 13) DP (0,0) [] [((G AnnVal),DP (0,0))])),
 (AnnKey tests/examples/LayoutLet2.hs:8:24-30 CN "OpApp",
  (Ann (DP (0,0)) (ColDelta 13) DP (0,0) [] [])),
 (AnnKey tests/examples/LayoutLet2.hs:8:24-34 CN "OpApp",
  (Ann (DP (0,1)) (ColDelta 13) DP (0,1) [] [])),
 (AnnKey tests/examples/LayoutLet2.hs:8:28 CN "HsVar",
  (Ann (DP (0,1)) (ColDelta 17) DP (0,1) [] [((G AnnVal),DP (0,0))])),
 (AnnKey tests/examples/LayoutLet2.hs:8:30 CN "HsVar",
  (Ann (DP (0,1)) (ColDelta 19) DP (0,1) [] [((G AnnVal),DP (0,0))])),
 (AnnKey tests/examples/LayoutLet2.hs:8:32 CN "HsVar",
  (Ann (DP (0,1)) (ColDelta 21) DP (0,1) [] [((G AnnVal),DP (0,0))])),
 (AnnKey tests/examples/LayoutLet2.hs:8:34 CN "HsVar",
  (Ann (DP (0,1)) (ColDelta 23) DP (0,1) [] [((G AnnVal),DP (0,0))])),
 (AnnKey <no location info> CN "EmptyLocalBinds",
  (Ann (DP (-7,0)) (ColDelta -15) DP (-7,0) [] []))]