{-# LANGUAGE
    BangPatterns
  #-}


mtGamma a b =
  let !x_2      ; x*x  !x_4 = x_2*x_2
      v3 = v*v*v
      dv = d * v3
  in 5

==============
tests/examples/MangledSemiLet.hs
==============
lengths:(132,127)

==============

({ tests/examples/MangledSemiLet.hs:1:1 }
 Just (Ann (DP (0,0)) (ColDelta 1) DP (0,0) [] [((G AnnEofPos),DP (1,0))])
 (HsModule 
  (Nothing) 
  (Nothing) 
  [] 
  [
   ({ tests/examples/MangledSemiLet.hs:(6,1)-(10,6) }
    Just (Ann (DP (3,1)) (ColDelta 1) DP (5,1) [DComment (DP (0,0),DP (2,6)) "{-# LANGUAGE\n    BangPatterns\n  #-}"] [])
    (ValD 
     (FunBind 
      ({ tests/examples/MangledSemiLet.hs:6:1-7 }
       Just (Ann (DP (0,0)) (ColDelta 1) DP (0,0) [] [((G AnnVal),DP (0,0))])
       (Unqual {OccName: mtGamma})) 
      (False) 
      (MG 
       [
        ({ tests/examples/MangledSemiLet.hs:(6,1)-(10,6) }
         Just (Ann (DP (0,0)) (ColDelta 1) DP (0,0) [] [((G AnnEqual),DP (0,1))])
         (Match 
          (Just 
           ((,) 
            ({ tests/examples/MangledSemiLet.hs:6:1-7 }
             Just (Ann (DP (0,0)) (ColDelta 1) DP (0,0) [] [((G AnnVal),DP (0,0))])
             (Unqual {OccName: mtGamma})) 
            (False))) 
          [
           ({ tests/examples/MangledSemiLet.hs:6:9 }
            Just (Ann (DP (0,1)) (ColDelta 9) DP (0,1) [] [((G AnnVal),DP (0,0))])
            (VarPat 
             (Unqual {OccName: a}))),
           ({ tests/examples/MangledSemiLet.hs:6:11 }
            Just (Ann (DP (0,1)) (ColDelta 11) DP (0,1) [] [((G AnnVal),DP (0,0))])
            (VarPat 
             (Unqual {OccName: b})))] 
          (Nothing) 
          (GRHSs 
           [
            ({ tests/examples/MangledSemiLet.hs:(6,13)-(10,6) }
             Just (Ann (DP (0,-1)) (ColDelta 13) DP (0,-1) [] [])
             (GRHS 
              [] 
              ({ tests/examples/MangledSemiLet.hs:(7,3)-(10,6) }
               Just (Ann (DP (1,3)) (ColDelta 3) DP (1,3) [] [((G AnnLet),DP (0,0)),((AnnList tests/examples/MangledSemiLet.hs:(7,7)-(9,17)),DP (0,0)),((G AnnIn),DP (1,0))])
               (HsLet 
                (HsValBinds 
                 (ValBindsIn {Bag(Located (HsBind RdrName)): 
                  [
                   ({ tests/examples/MangledSemiLet.hs:7:7-16 }
                    Just (Ann (DP (0,0)) (ColDelta 0) DP (0,0) [] [((G AnnEqual),DP (0,-6))])
                    (PatBind 
                     ({ tests/examples/MangledSemiLet.hs:7:7-16 }
                      Just (Ann (DP (0,0)) (ColDelta 0) DP (0,0) [] [((G AnnBang),DP (0,0)),(AnnSemiSep,DP (0,6))])
                      (BangPat 
                       ({ tests/examples/MangledSemiLet.hs:7:8-10 }
                        Just (Ann (DP (0,0)) (ColDelta 1) DP (0,0) [] [((G AnnVal),DP (0,0))])
                        (VarPat 
                         (Unqual {OccName: x_2}))))) 
                     (GRHSs 
                      [
                       ({ tests/examples/MangledSemiLet.hs:7:12-16 }
                        Just (Ann (DP (0,-1)) (ColDelta 5) DP (0,-1) [] [])
                        (GRHS 
                         [] 
                         ({ tests/examples/MangledSemiLet.hs:7:14-16 }
                          Just (Ann (DP (0,1)) (ColDelta 7) DP (0,1) [] [])
                          (OpApp 
                           ({ tests/examples/MangledSemiLet.hs:7:14 }
                            Just (Ann (DP (0,0)) (ColDelta 7) DP (0,0) [] [((G AnnVal),DP (0,0))])
                            (HsVar 
                             (Unqual {OccName: x}))) 
                           ({ tests/examples/MangledSemiLet.hs:7:15 }
                            Just (Ann (DP (0,0)) (ColDelta 8) DP (0,0) [] [((G AnnVal),DP (0,0))])
                            (HsVar 
                             (Unqual {OccName: *}))) 
                           (PlaceHolder) 
                           ({ tests/examples/MangledSemiLet.hs:7:16 }
                            Just (Ann (DP (0,0)) (ColDelta 9) DP (0,0) [] [((G AnnVal),DP (0,0))])
                            (HsVar 
                             (Unqual {OccName: x})))))))] 
                      (EmptyLocalBinds)) 
                     (PlaceHolder) 
                     (PlaceHolder) 
                     ((,) 
                      [] 
                      []))),
                   ({ tests/examples/MangledSemiLet.hs:7:19-32 }
                    Just (Ann (DP (0,2)) (ColDelta 12) DP (0,2) [] [((G AnnEqual),DP (0,1))])
                    (PatBind 
                     ({ tests/examples/MangledSemiLet.hs:7:19-32 }
                      Just (Ann (DP (0,0)) (ColDelta 12) DP (0,0) [] [((G AnnBang),DP (0,0))])
                      (BangPat 
                       ({ tests/examples/MangledSemiLet.hs:7:20-22 }
                        Just (Ann (DP (0,0)) (ColDelta 13) DP (0,0) [] [((G AnnVal),DP (0,0))])
                        (VarPat 
                         (Unqual {OccName: x_4}))))) 
                     (GRHSs 
                      [
                       ({ tests/examples/MangledSemiLet.hs:7:24-32 }
                        Just (Ann (DP (0,-1)) (ColDelta 17) DP (0,-1) [] [])
                        (GRHS 
                         [] 
                         ({ tests/examples/MangledSemiLet.hs:7:26-32 }
                          Just (Ann (DP (0,1)) (ColDelta 19) DP (0,1) [] [])
                          (OpApp 
                           ({ tests/examples/MangledSemiLet.hs:7:26-28 }
                            Just (Ann (DP (0,0)) (ColDelta 19) DP (0,0) [] [((G AnnVal),DP (0,0))])
                            (HsVar 
                             (Unqual {OccName: x_2}))) 
                           ({ tests/examples/MangledSemiLet.hs:7:29 }
                            Just (Ann (DP (0,0)) (ColDelta 22) DP (0,0) [] [((G AnnVal),DP (0,0))])
                            (HsVar 
                             (Unqual {OccName: *}))) 
                           (PlaceHolder) 
                           ({ tests/examples/MangledSemiLet.hs:7:30-32 }
                            Just (Ann (DP (0,0)) (ColDelta 23) DP (0,0) [] [((G AnnVal),DP (0,0))])
                            (HsVar 
                             (Unqual {OccName: x_2})))))))] 
                      (EmptyLocalBinds)) 
                     (PlaceHolder) 
                     (PlaceHolder) 
                     ((,) 
                      [] 
                      []))),
                   ({ tests/examples/MangledSemiLet.hs:8:7-16 }
                    Just (Ann (DP (1,0)) (ColDelta 0) DP (1,0) [] [])
                    (FunBind 
                     ({ tests/examples/MangledSemiLet.hs:8:7-8 }
                      Just (Ann (DP (0,0)) (ColDelta 0) DP (0,0) [] [((G AnnVal),DP (0,0))])
                      (Unqual {OccName: v3})) 
                     (False) 
                     (MG 
                      [
                       ({ tests/examples/MangledSemiLet.hs:8:7-16 }
                        Just (Ann (DP (0,0)) (ColDelta 0) DP (0,0) [] [((G AnnEqual),DP (0,1))])
                        (Match 
                         (Just 
                          ((,) 
                           ({ tests/examples/MangledSemiLet.hs:8:7-8 }
                            Just (Ann (DP (0,0)) (ColDelta 0) DP (0,0) [] [((G AnnVal),DP (0,0))])
                            (Unqual {OccName: v3})) 
                           (False))) 
                         [] 
                         (Nothing) 
                         (GRHSs 
                          [
                           ({ tests/examples/MangledSemiLet.hs:8:10-16 }
                            Just (Ann (DP (0,-1)) (ColDelta 3) DP (0,-1) [] [])
                            (GRHS 
                             [] 
                             ({ tests/examples/MangledSemiLet.hs:8:12-16 }
                              Just (Ann (DP (0,1)) (ColDelta 5) DP (0,1) [] [])
                              (OpApp 
                               ({ tests/examples/MangledSemiLet.hs:8:12-14 }
                                Just (Ann (DP (0,0)) (ColDelta 5) DP (0,0) [] [])
                                (OpApp 
                                 ({ tests/examples/MangledSemiLet.hs:8:12 }
                                  Just (Ann (DP (0,0)) (ColDelta 5) DP (0,0) [] [((G AnnVal),DP (0,0))])
                                  (HsVar 
                                   (Unqual {OccName: v}))) 
                                 ({ tests/examples/MangledSemiLet.hs:8:13 }
                                  Just (Ann (DP (0,0)) (ColDelta 6) DP (0,0) [] [((G AnnVal),DP (0,0))])
                                  (HsVar 
                                   (Unqual {OccName: *}))) 
                                 (PlaceHolder) 
                                 ({ tests/examples/MangledSemiLet.hs:8:14 }
                                  Just (Ann (DP (0,0)) (ColDelta 7) DP (0,0) [] [((G AnnVal),DP (0,0))])
                                  (HsVar 
                                   (Unqual {OccName: v}))))) 
                               ({ tests/examples/MangledSemiLet.hs:8:15 }
                                Just (Ann (DP (0,0)) (ColDelta 8) DP (0,0) [] [((G AnnVal),DP (0,0))])
                                (HsVar 
                                 (Unqual {OccName: *}))) 
                               (PlaceHolder) 
                               ({ tests/examples/MangledSemiLet.hs:8:16 }
                                Just (Ann (DP (0,0)) (ColDelta 9) DP (0,0) [] [((G AnnVal),DP (0,0))])
                                (HsVar 
                                 (Unqual {OccName: v})))))))] 
                          (EmptyLocalBinds))))] 
                      [] 
                      (PlaceHolder) 
                      (FromSource)) 
                     (WpHole) 
                     (PlaceHolder) 
                     [])),
                   ({ tests/examples/MangledSemiLet.hs:9:7-17 }
                    Just (Ann (DP (1,0)) (ColDelta 0) DP (1,0) [] [])
                    (FunBind 
                     ({ tests/examples/MangledSemiLet.hs:9:7-8 }
                      Just (Ann (DP (0,0)) (ColDelta 0) DP (0,0) [] [((G AnnVal),DP (0,0))])
                      (Unqual {OccName: dv})) 
                     (False) 
                     (MG 
                      [
                       ({ tests/examples/MangledSemiLet.hs:9:7-17 }
                        Just (Ann (DP (0,0)) (ColDelta 0) DP (0,0) [] [((G AnnEqual),DP (0,1))])
                        (Match 
                         (Just 
                          ((,) 
                           ({ tests/examples/MangledSemiLet.hs:9:7-8 }
                            Just (Ann (DP (0,0)) (ColDelta 0) DP (0,0) [] [((G AnnVal),DP (0,0))])
                            (Unqual {OccName: dv})) 
                           (False))) 
                         [] 
                         (Nothing) 
                         (GRHSs 
                          [
                           ({ tests/examples/MangledSemiLet.hs:9:10-17 }
                            Just (Ann (DP (0,-1)) (ColDelta 3) DP (0,-1) [] [])
                            (GRHS 
                             [] 
                             ({ tests/examples/MangledSemiLet.hs:9:12-17 }
                              Just (Ann (DP (0,1)) (ColDelta 5) DP (0,1) [] [])
                              (OpApp 
                               ({ tests/examples/MangledSemiLet.hs:9:12 }
                                Just (Ann (DP (0,0)) (ColDelta 5) DP (0,0) [] [((G AnnVal),DP (0,0))])
                                (HsVar 
                                 (Unqual {OccName: d}))) 
                               ({ tests/examples/MangledSemiLet.hs:9:14 }
                                Just (Ann (DP (0,1)) (ColDelta 7) DP (0,1) [] [((G AnnVal),DP (0,0))])
                                (HsVar 
                                 (Unqual {OccName: *}))) 
                               (PlaceHolder) 
                               ({ tests/examples/MangledSemiLet.hs:9:16-17 }
                                Just (Ann (DP (0,1)) (ColDelta 9) DP (0,1) [] [((G AnnVal),DP (0,0))])
                                (HsVar 
                                 (Unqual {OccName: v3})))))))] 
                          (EmptyLocalBinds))))] 
                      [] 
                      (PlaceHolder) 
                      (FromSource)) 
                     (WpHole) 
                     (PlaceHolder) 
                     []))]} 
                  [])) 
                ({ tests/examples/MangledSemiLet.hs:10:6 }
                 Just (Ann (DP (0,1)) (ColDelta 3) DP (0,1) [] [((G AnnVal),DP (0,0))])
                 (HsOverLit {HsOverLit:5}))))))] 
           (EmptyLocalBinds))))] 
       [] 
       (PlaceHolder) 
       (FromSource)) 
      (WpHole) 
      (PlaceHolder) 
      [])))] 
  (Nothing) 
  (Nothing)))
==============
[(AnnKey tests/examples/MangledSemiLet.hs:1:1 CN "HsModule",
  (Ann (DP (0,0)) (ColDelta 1) DP (0,0) [] [((G AnnEofPos),DP (1,0))])),
 (AnnKey tests/examples/MangledSemiLet.hs:6:1-7 CN "Unqual",
  (Ann (DP (0,0)) (ColDelta 1) DP (0,0) [] [((G AnnVal),DP (0,0))])),
 (AnnKey tests/examples/MangledSemiLet.hs:(6,1)-(10,6) CN "Match",
  (Ann (DP (0,0)) (ColDelta 1) DP (0,0) [] [((G AnnEqual),DP (0,1))])),
 (AnnKey tests/examples/MangledSemiLet.hs:(6,1)-(10,6) CN "ValD",
  (Ann (DP (3,1)) (ColDelta 1) DP (5,1) [DComment (DP (0,0),DP (2,6)) "{-# LANGUAGE\n    BangPatterns\n  #-}"] [])),
 (AnnKey tests/examples/MangledSemiLet.hs:6:9 CN "VarPat",
  (Ann (DP (0,1)) (ColDelta 9) DP (0,1) [] [((G AnnVal),DP (0,0))])),
 (AnnKey tests/examples/MangledSemiLet.hs:6:11 CN "VarPat",
  (Ann (DP (0,1)) (ColDelta 11) DP (0,1) [] [((G AnnVal),DP (0,0))])),
 (AnnKey tests/examples/MangledSemiLet.hs:(6,13)-(10,6) CN "GRHS",
  (Ann (DP (0,-1)) (ColDelta 13) DP (0,-1) [] [])),
 (AnnKey tests/examples/MangledSemiLet.hs:(7,3)-(10,6) CN "HsLet",
  (Ann (DP (1,3)) (ColDelta 3) DP (1,3) [] [((G AnnLet),DP (0,0)),((AnnList tests/examples/MangledSemiLet.hs:(7,7)-(9,17)),DP (0,0)),((G AnnIn),DP (1,0))])),
 (AnnKey tests/examples/MangledSemiLet.hs:7:7-16 CN "BangPat",
  (Ann (DP (0,0)) (ColDelta 0) DP (0,0) [] [((G AnnBang),DP (0,0)),(AnnSemiSep,DP (0,6))])),
 (AnnKey tests/examples/MangledSemiLet.hs:7:7-16 CN "PatBind",
  (Ann (DP (0,0)) (ColDelta 0) DP (0,0) [] [((G AnnEqual),DP (0,-6))])),
 (AnnKey tests/examples/MangledSemiLet.hs:(7,7)-(9,17) CN "HsValBinds",
  (Ann (DP (0,1)) (ColDelta 4) DP (0,1) [] [])),
 (AnnKey tests/examples/MangledSemiLet.hs:7:8-10 CN "VarPat",
  (Ann (DP (0,0)) (ColDelta 1) DP (0,0) [] [((G AnnVal),DP (0,0))])),
 (AnnKey tests/examples/MangledSemiLet.hs:7:12-16 CN "GRHS",
  (Ann (DP (0,-1)) (ColDelta 5) DP (0,-1) [] [])),
 (AnnKey tests/examples/MangledSemiLet.hs:7:14 CN "HsVar",
  (Ann (DP (0,0)) (ColDelta 7) DP (0,0) [] [((G AnnVal),DP (0,0))])),
 (AnnKey tests/examples/MangledSemiLet.hs:7:14-16 CN "OpApp",
  (Ann (DP (0,1)) (ColDelta 7) DP (0,1) [] [])),
 (AnnKey tests/examples/MangledSemiLet.hs:7:15 CN "HsVar",
  (Ann (DP (0,0)) (ColDelta 8) DP (0,0) [] [((G AnnVal),DP (0,0))])),
 (AnnKey tests/examples/MangledSemiLet.hs:7:16 CN "HsVar",
  (Ann (DP (0,0)) (ColDelta 9) DP (0,0) [] [((G AnnVal),DP (0,0))])),
 (AnnKey tests/examples/MangledSemiLet.hs:7:19-32 CN "BangPat",
  (Ann (DP (0,0)) (ColDelta 12) DP (0,0) [] [((G AnnBang),DP (0,0))])),
 (AnnKey tests/examples/MangledSemiLet.hs:7:19-32 CN "PatBind",
  (Ann (DP (0,2)) (ColDelta 12) DP (0,2) [] [((G AnnEqual),DP (0,1))])),
 (AnnKey tests/examples/MangledSemiLet.hs:7:20-22 CN "VarPat",
  (Ann (DP (0,0)) (ColDelta 13) DP (0,0) [] [((G AnnVal),DP (0,0))])),
 (AnnKey tests/examples/MangledSemiLet.hs:7:24-32 CN "GRHS",
  (Ann (DP (0,-1)) (ColDelta 17) DP (0,-1) [] [])),
 (AnnKey tests/examples/MangledSemiLet.hs:7:26-28 CN "HsVar",
  (Ann (DP (0,0)) (ColDelta 19) DP (0,0) [] [((G AnnVal),DP (0,0))])),
 (AnnKey tests/examples/MangledSemiLet.hs:7:26-32 CN "OpApp",
  (Ann (DP (0,1)) (ColDelta 19) DP (0,1) [] [])),
 (AnnKey tests/examples/MangledSemiLet.hs:7:29 CN "HsVar",
  (Ann (DP (0,0)) (ColDelta 22) DP (0,0) [] [((G AnnVal),DP (0,0))])),
 (AnnKey tests/examples/MangledSemiLet.hs:7:30-32 CN "HsVar",
  (Ann (DP (0,0)) (ColDelta 23) DP (0,0) [] [((G AnnVal),DP (0,0))])),
 (AnnKey tests/examples/MangledSemiLet.hs:8:7-8 CN "Unqual",
  (Ann (DP (0,0)) (ColDelta 0) DP (0,0) [] [((G AnnVal),DP (0,0))])),
 (AnnKey tests/examples/MangledSemiLet.hs:8:7-16 CN "FunBind",
  (Ann (DP (1,0)) (ColDelta 0) DP (1,0) [] [])),
 (AnnKey tests/examples/MangledSemiLet.hs:8:7-16 CN "Match",
  (Ann (DP (0,0)) (ColDelta 0) DP (0,0) [] [((G AnnEqual),DP (0,1))])),
 (AnnKey tests/examples/MangledSemiLet.hs:8:10-16 CN "GRHS",
  (Ann (DP (0,-1)) (ColDelta 3) DP (0,-1) [] [])),
 (AnnKey tests/examples/MangledSemiLet.hs:8:12 CN "HsVar",
  (Ann (DP (0,0)) (ColDelta 5) DP (0,0) [] [((G AnnVal),DP (0,0))])),
 (AnnKey tests/examples/MangledSemiLet.hs:8:12-14 CN "OpApp",
  (Ann (DP (0,0)) (ColDelta 5) DP (0,0) [] [])),
 (AnnKey tests/examples/MangledSemiLet.hs:8:12-16 CN "OpApp",
  (Ann (DP (0,1)) (ColDelta 5) DP (0,1) [] [])),
 (AnnKey tests/examples/MangledSemiLet.hs:8:13 CN "HsVar",
  (Ann (DP (0,0)) (ColDelta 6) DP (0,0) [] [((G AnnVal),DP (0,0))])),
 (AnnKey tests/examples/MangledSemiLet.hs:8:14 CN "HsVar",
  (Ann (DP (0,0)) (ColDelta 7) DP (0,0) [] [((G AnnVal),DP (0,0))])),
 (AnnKey tests/examples/MangledSemiLet.hs:8:15 CN "HsVar",
  (Ann (DP (0,0)) (ColDelta 8) DP (0,0) [] [((G AnnVal),DP (0,0))])),
 (AnnKey tests/examples/MangledSemiLet.hs:8:16 CN "HsVar",
  (Ann (DP (0,0)) (ColDelta 9) DP (0,0) [] [((G AnnVal),DP (0,0))])),
 (AnnKey tests/examples/MangledSemiLet.hs:9:7-8 CN "Unqual",
  (Ann (DP (0,0)) (ColDelta 0) DP (0,0) [] [((G AnnVal),DP (0,0))])),
 (AnnKey tests/examples/MangledSemiLet.hs:9:7-17 CN "FunBind",
  (Ann (DP (1,0)) (ColDelta 0) DP (1,0) [] [])),
 (AnnKey tests/examples/MangledSemiLet.hs:9:7-17 CN "Match",
  (Ann (DP (0,0)) (ColDelta 0) DP (0,0) [] [((G AnnEqual),DP (0,1))])),
 (AnnKey tests/examples/MangledSemiLet.hs:9:10-17 CN "GRHS",
  (Ann (DP (0,-1)) (ColDelta 3) DP (0,-1) [] [])),
 (AnnKey tests/examples/MangledSemiLet.hs:9:12 CN "HsVar",
  (Ann (DP (0,0)) (ColDelta 5) DP (0,0) [] [((G AnnVal),DP (0,0))])),
 (AnnKey tests/examples/MangledSemiLet.hs:9:12-17 CN "OpApp",
  (Ann (DP (0,1)) (ColDelta 5) DP (0,1) [] [])),
 (AnnKey tests/examples/MangledSemiLet.hs:9:14 CN "HsVar",
  (Ann (DP (0,1)) (ColDelta 7) DP (0,1) [] [((G AnnVal),DP (0,0))])),
 (AnnKey tests/examples/MangledSemiLet.hs:9:16-17 CN "HsVar",
  (Ann (DP (0,1)) (ColDelta 9) DP (0,1) [] [((G AnnVal),DP (0,0))])),
 (AnnKey tests/examples/MangledSemiLet.hs:10:6 CN "HsOverLit",
  (Ann (DP (0,1)) (ColDelta 3) DP (0,1) [] [((G AnnVal),DP (0,0))])),
 (AnnKey <no location info> CN "EmptyLocalBinds",
  (Ann (DP (-7,-7)) (ColDelta -7) DP (-7,-7) [] []))]
==============
([((tests/examples/MangledSemiLet.hs:(6,1)-(10,6), AnnEqual),
   [tests/examples/MangledSemiLet.hs:6:13]),
  ((tests/examples/MangledSemiLet.hs:(6,1)-(10,6), AnnFunId),
   [tests/examples/MangledSemiLet.hs:6:1-7]),
  ((tests/examples/MangledSemiLet.hs:(6,1)-(10,6), AnnSemi),
   [tests/examples/MangledSemiLet.hs:11:1]),
  ((tests/examples/MangledSemiLet.hs:(7,3)-(10,6), AnnIn),
   [tests/examples/MangledSemiLet.hs:10:3-4]),
  ((tests/examples/MangledSemiLet.hs:(7,3)-(10,6), AnnLet),
   [tests/examples/MangledSemiLet.hs:7:3-5]),
  ((tests/examples/MangledSemiLet.hs:7:7-16, AnnBang),
   [tests/examples/MangledSemiLet.hs:7:7,
    tests/examples/MangledSemiLet.hs:7:7]),
  ((tests/examples/MangledSemiLet.hs:7:7-16, AnnEqual),
   [tests/examples/MangledSemiLet.hs:7:12]),
  ((tests/examples/MangledSemiLet.hs:7:7-16, AnnSemi),
   [tests/examples/MangledSemiLet.hs:7:17]),
  ((tests/examples/MangledSemiLet.hs:7:14-16, AnnVal),
   [tests/examples/MangledSemiLet.hs:7:15]),
  ((tests/examples/MangledSemiLet.hs:7:19-32, AnnBang),
   [tests/examples/MangledSemiLet.hs:7:19,
    tests/examples/MangledSemiLet.hs:7:19]),
  ((tests/examples/MangledSemiLet.hs:7:19-32, AnnEqual),
   [tests/examples/MangledSemiLet.hs:7:24]),
  ((tests/examples/MangledSemiLet.hs:7:19-32, AnnSemi),
   [tests/examples/MangledSemiLet.hs:8:7]),
  ((tests/examples/MangledSemiLet.hs:7:26-32, AnnVal),
   [tests/examples/MangledSemiLet.hs:7:29]),
  ((tests/examples/MangledSemiLet.hs:8:7-16, AnnEqual),
   [tests/examples/MangledSemiLet.hs:8:10]),
  ((tests/examples/MangledSemiLet.hs:8:7-16, AnnFunId),
   [tests/examples/MangledSemiLet.hs:8:7-8]),
  ((tests/examples/MangledSemiLet.hs:8:7-16, AnnSemi),
   [tests/examples/MangledSemiLet.hs:9:7]),
  ((tests/examples/MangledSemiLet.hs:8:12-14, AnnVal),
   [tests/examples/MangledSemiLet.hs:8:13]),
  ((tests/examples/MangledSemiLet.hs:8:12-16, AnnVal),
   [tests/examples/MangledSemiLet.hs:8:15]),
  ((tests/examples/MangledSemiLet.hs:9:7-17, AnnEqual),
   [tests/examples/MangledSemiLet.hs:9:10]),
  ((tests/examples/MangledSemiLet.hs:9:7-17, AnnFunId),
   [tests/examples/MangledSemiLet.hs:9:7-8]),
  ((tests/examples/MangledSemiLet.hs:9:12-17, AnnVal),
   [tests/examples/MangledSemiLet.hs:9:14]),
  ((<no location info>, AnnEofPos),
   [tests/examples/MangledSemiLet.hs:11:1])],
 [(<no location info>,
   [AnnBlockComment "{-# LANGUAGE\n    BangPatterns\n  #-}"])])