{-# LANGUAGE MultiWayIf #-}


instance Animatable Double where
    interpolate ease from to t =
        if | t <= 0    from
           | t >= 1    to
           | otherwise    from + easeDouble ease t * (to - from)
    animAdd = (+)
    animSub = (-)
    animZero = 0

==============
tests/examples/MultiWayIf.hs
==============
lengths:(268,268)

==============

({ tests/examples/MultiWayIf.hs:1:1 }
 Just (Ann (DP (0,0)) (ColDelta 1) DP (0,0) [] [((G AnnEofPos),DP (1,0))])
 (HsModule 
  (Nothing) 
  (Nothing) 
  [] 
  [
   ({ tests/examples/MultiWayIf.hs:(4,1)-(11,16) }
    Just (Ann (DP (3,1)) (ColDelta 1) DP (3,1) [DComment (DP (0,0),DP (0,27)) "{-# LANGUAGE MultiWayIf #-}"] [((G AnnInstance),DP (0,0)),((G AnnWhere),DP (0,1))])
    (InstD 
     (ClsInstD 
      (ClsInstDecl 
       ({ tests/examples/MultiWayIf.hs:4:10-26 }
        Just (Ann (DP (0,1)) (ColDelta 10) DP (0,1) [] [])
        (HsForAllTy 
         (Implicit) 
         (Nothing) 
         (HsQTvs 
          [] 
          []) 
         ({ <no location info> }
          Nothing
          []) 
         ({ tests/examples/MultiWayIf.hs:4:10-26 }
          Just (Ann (DP (0,0)) (ColDelta 10) DP (0,0) [] [])
          (HsAppTy 
           ({ tests/examples/MultiWayIf.hs:4:10-19 }
            Just (Ann (DP (0,0)) (ColDelta 10) DP (0,0) [] [((G AnnVal),DP (0,0))])
            (HsTyVar 
             (Unqual {OccName: Animatable}))) 
           ({ tests/examples/MultiWayIf.hs:4:21-26 }
            Just (Ann (DP (0,1)) (ColDelta 21) DP (0,1) [] [((G AnnVal),DP (0,0))])
            (HsTyVar 
             (Unqual {OccName: Double}))))))) {Bag(Located (HsBind RdrName)): 
       [
        ({ tests/examples/MultiWayIf.hs:(5,5)-(8,64) }
         Just (Ann (DP (1,5)) (ColDelta 5) DP (1,5) [] [])
         (FunBind 
          ({ tests/examples/MultiWayIf.hs:5:5-15 }
           Just (Ann (DP (0,0)) (ColDelta 5) DP (0,0) [] [((G AnnVal),DP (0,0))])
           (Unqual {OccName: interpolate})) 
          (False) 
          (MG 
           [
            ({ tests/examples/MultiWayIf.hs:(5,5)-(8,64) }
             Just (Ann (DP (0,0)) (ColDelta 5) DP (0,0) [] [((G AnnEqual),DP (0,1))])
             (Match 
              (Just 
               ((,) 
                ({ tests/examples/MultiWayIf.hs:5:5-15 }
                 Just (Ann (DP (0,0)) (ColDelta 5) DP (0,0) [] [((G AnnVal),DP (0,0))])
                 (Unqual {OccName: interpolate})) 
                (False))) 
              [
               ({ tests/examples/MultiWayIf.hs:5:17-20 }
                Just (Ann (DP (0,1)) (ColDelta 17) DP (0,1) [] [((G AnnVal),DP (0,0))])
                (VarPat 
                 (Unqual {OccName: ease}))),
               ({ tests/examples/MultiWayIf.hs:5:22-25 }
                Just (Ann (DP (0,1)) (ColDelta 22) DP (0,1) [] [((G AnnVal),DP (0,0))])
                (VarPat 
                 (Unqual {OccName: from}))),
               ({ tests/examples/MultiWayIf.hs:5:27-28 }
                Just (Ann (DP (0,1)) (ColDelta 27) DP (0,1) [] [((G AnnVal),DP (0,0))])
                (VarPat 
                 (Unqual {OccName: to}))),
               ({ tests/examples/MultiWayIf.hs:5:30 }
                Just (Ann (DP (0,1)) (ColDelta 30) DP (0,1) [] [((G AnnVal),DP (0,0))])
                (VarPat 
                 (Unqual {OccName: t})))] 
              (Nothing) 
              (GRHSs 
               [
                ({ tests/examples/MultiWayIf.hs:(5,32)-(8,64) }
                 Just (Ann (DP (0,-1)) (ColDelta 32) DP (0,-1) [] [])
                 (GRHS 
                  [] 
                  ({ tests/examples/MultiWayIf.hs:(6,9)-(8,64) }
                   Just (Ann (DP (1,9)) (ColDelta 9) DP (1,9) [] [((G AnnIf),DP (0,0))])
                   (HsMultiIf 
                    (PlaceHolder) 
                    [
                     ({ tests/examples/MultiWayIf.hs:6:12-27 }
                      Just (Ann (DP (0,1)) (ColDelta 12) DP (0,1) [] [((G AnnVbar),DP (0,0))])
                      (GRHS 
                       [
                        ({ tests/examples/MultiWayIf.hs:6:14-19 }
                         Just (Ann (DP (0,1)) (ColDelta 14) DP (0,1) [] [])
                         (BodyStmt 
                          ({ tests/examples/MultiWayIf.hs:6:14-19 }
                           Just (Ann (DP (0,0)) (ColDelta 14) DP (0,0) [] [])
                           (OpApp 
                            ({ tests/examples/MultiWayIf.hs:6:14 }
                             Just (Ann (DP (0,0)) (ColDelta 14) DP (0,0) [] [((G AnnVal),DP (0,0))])
                             (HsVar 
                              (Unqual {OccName: t}))) 
                            ({ tests/examples/MultiWayIf.hs:6:16-17 }
                             Just (Ann (DP (0,1)) (ColDelta 16) DP (0,1) [] [((G AnnVal),DP (0,0))])
                             (HsVar 
                              (Unqual {OccName: <=}))) 
                            (PlaceHolder) 
                            ({ tests/examples/MultiWayIf.hs:6:19 }
                             Just (Ann (DP (0,1)) (ColDelta 19) DP (0,1) [] [((G AnnVal),DP (0,0))])
                             (HsOverLit {HsOverLit:0})))) 
                          (HsLit 
                           (HsString "" {FastString: "noSyntaxExpr"})) 
                          (HsLit 
                           (HsString "" {FastString: "noSyntaxExpr"})) 
                          (PlaceHolder)))] 
                       ({ tests/examples/MultiWayIf.hs:6:24-27 }
                        Just (Ann (DP (0,4)) (ColDelta 24) DP (0,4) [] [((G AnnVal),DP (0,0))])
                        (HsVar 
                         (Unqual {OccName: from}))))),
                     ({ tests/examples/MultiWayIf.hs:7:12-25 }
                      Just (Ann (DP (1,12)) (ColDelta 12) DP (1,12) [] [((G AnnVbar),DP (0,0))])
                      (GRHS 
                       [
                        ({ tests/examples/MultiWayIf.hs:7:14-19 }
                         Just (Ann (DP (0,1)) (ColDelta 14) DP (0,1) [] [])
                         (BodyStmt 
                          ({ tests/examples/MultiWayIf.hs:7:14-19 }
                           Just (Ann (DP (0,0)) (ColDelta 14) DP (0,0) [] [])
                           (OpApp 
                            ({ tests/examples/MultiWayIf.hs:7:14 }
                             Just (Ann (DP (0,0)) (ColDelta 14) DP (0,0) [] [((G AnnVal),DP (0,0))])
                             (HsVar 
                              (Unqual {OccName: t}))) 
                            ({ tests/examples/MultiWayIf.hs:7:16-17 }
                             Just (Ann (DP (0,1)) (ColDelta 16) DP (0,1) [] [((G AnnVal),DP (0,0))])
                             (HsVar 
                              (Unqual {OccName: >=}))) 
                            (PlaceHolder) 
                            ({ tests/examples/MultiWayIf.hs:7:19 }
                             Just (Ann (DP (0,1)) (ColDelta 19) DP (0,1) [] [((G AnnVal),DP (0,0))])
                             (HsOverLit {HsOverLit:1})))) 
                          (HsLit 
                           (HsString "" {FastString: "noSyntaxExpr"})) 
                          (HsLit 
                           (HsString "" {FastString: "noSyntaxExpr"})) 
                          (PlaceHolder)))] 
                       ({ tests/examples/MultiWayIf.hs:7:24-25 }
                        Just (Ann (DP (0,4)) (ColDelta 24) DP (0,4) [] [((G AnnVal),DP (0,0))])
                        (HsVar 
                         (Unqual {OccName: to}))))),
                     ({ tests/examples/MultiWayIf.hs:8:12-64 }
                      Just (Ann (DP (1,12)) (ColDelta 12) DP (1,12) [] [((G AnnVbar),DP (0,0))])
                      (GRHS 
                       [
                        ({ tests/examples/MultiWayIf.hs:8:14-22 }
                         Just (Ann (DP (0,1)) (ColDelta 14) DP (0,1) [] [])
                         (BodyStmt 
                          ({ tests/examples/MultiWayIf.hs:8:14-22 }
                           Just (Ann (DP (0,0)) (ColDelta 14) DP (0,0) [] [((G AnnVal),DP (0,0))])
                           (HsVar 
                            (Unqual {OccName: otherwise}))) 
                          (HsLit 
                           (HsString "" {FastString: "noSyntaxExpr"})) 
                          (HsLit 
                           (HsString "" {FastString: "noSyntaxExpr"})) 
                          (PlaceHolder)))] 
                       ({ tests/examples/MultiWayIf.hs:8:27-64 }
                        Just (Ann (DP (0,4)) (ColDelta 27) DP (0,4) [] [])
                        (OpApp 
                         ({ tests/examples/MultiWayIf.hs:8:27-50 }
                          Just (Ann (DP (0,0)) (ColDelta 27) DP (0,0) [] [])
                          (OpApp 
                           ({ tests/examples/MultiWayIf.hs:8:27-30 }
                            Just (Ann (DP (0,0)) (ColDelta 27) DP (0,0) [] [((G AnnVal),DP (0,0))])
                            (HsVar 
                             (Unqual {OccName: from}))) 
                           ({ tests/examples/MultiWayIf.hs:8:32 }
                            Just (Ann (DP (0,1)) (ColDelta 32) DP (0,1) [] [((G AnnVal),DP (0,0))])
                            (HsVar 
                             (Unqual {OccName: +}))) 
                           (PlaceHolder) 
                           ({ tests/examples/MultiWayIf.hs:8:34-50 }
                            Just (Ann (DP (0,1)) (ColDelta 34) DP (0,1) [] [])
                            (HsApp 
                             ({ tests/examples/MultiWayIf.hs:8:34-48 }
                              Just (Ann (DP (0,0)) (ColDelta 34) DP (0,0) [] [])
                              (HsApp 
                               ({ tests/examples/MultiWayIf.hs:8:34-43 }
                                Just (Ann (DP (0,0)) (ColDelta 34) DP (0,0) [] [((G AnnVal),DP (0,0))])
                                (HsVar 
                                 (Unqual {OccName: easeDouble}))) 
                               ({ tests/examples/MultiWayIf.hs:8:45-48 }
                                Just (Ann (DP (0,1)) (ColDelta 45) DP (0,1) [] [((G AnnVal),DP (0,0))])
                                (HsVar 
                                 (Unqual {OccName: ease}))))) 
                             ({ tests/examples/MultiWayIf.hs:8:50 }
                              Just (Ann (DP (0,1)) (ColDelta 50) DP (0,1) [] [((G AnnVal),DP (0,0))])
                              (HsVar 
                               (Unqual {OccName: t}))))))) 
                         ({ tests/examples/MultiWayIf.hs:8:52 }
                          Just (Ann (DP (0,1)) (ColDelta 52) DP (0,1) [] [((G AnnVal),DP (0,0))])
                          (HsVar 
                           (Unqual {OccName: *}))) 
                         (PlaceHolder) 
                         ({ tests/examples/MultiWayIf.hs:8:54-64 }
                          Just (Ann (DP (0,1)) (ColDelta 54) DP (0,1) [] [((G AnnOpenP),DP (0,0)),((G AnnCloseP),DP (0,0))])
                          (HsPar 
                           ({ tests/examples/MultiWayIf.hs:8:55-63 }
                            Just (Ann (DP (0,0)) (ColDelta 55) DP (0,0) [] [])
                            (OpApp 
                             ({ tests/examples/MultiWayIf.hs:8:55-56 }
                              Just (Ann (DP (0,0)) (ColDelta 55) DP (0,0) [] [((G AnnVal),DP (0,0))])
                              (HsVar 
                               (Unqual {OccName: to}))) 
                             ({ tests/examples/MultiWayIf.hs:8:58 }
                              Just (Ann (DP (0,1)) (ColDelta 58) DP (0,1) [] [((G AnnVal),DP (0,0))])
                              (HsVar 
                               (Unqual {OccName: -}))) 
                             (PlaceHolder) 
                             ({ tests/examples/MultiWayIf.hs:8:60-63 }
                              Just (Ann (DP (0,1)) (ColDelta 60) DP (0,1) [] [((G AnnVal),DP (0,0))])
                              (HsVar 
                               (Unqual {OccName: from})))))))))))]))))] 
               (EmptyLocalBinds))))] 
           [] 
           (PlaceHolder) 
           (FromSource)) 
          (WpHole) 
          (PlaceHolder) 
          [])),
        ({ tests/examples/MultiWayIf.hs:9:5-17 }
         Just (Ann (DP (1,5)) (ColDelta 5) DP (1,5) [] [])
         (FunBind 
          ({ tests/examples/MultiWayIf.hs:9:5-11 }
           Just (Ann (DP (0,0)) (ColDelta 5) DP (0,0) [] [((G AnnVal),DP (0,0))])
           (Unqual {OccName: animAdd})) 
          (False) 
          (MG 
           [
            ({ tests/examples/MultiWayIf.hs:9:5-17 }
             Just (Ann (DP (0,0)) (ColDelta 5) DP (0,0) [] [((G AnnEqual),DP (0,1))])
             (Match 
              (Just 
               ((,) 
                ({ tests/examples/MultiWayIf.hs:9:5-11 }
                 Just (Ann (DP (0,0)) (ColDelta 5) DP (0,0) [] [((G AnnVal),DP (0,0))])
                 (Unqual {OccName: animAdd})) 
                (False))) 
              [] 
              (Nothing) 
              (GRHSs 
               [
                ({ tests/examples/MultiWayIf.hs:9:13-17 }
                 Just (Ann (DP (0,-1)) (ColDelta 13) DP (0,-1) [] [])
                 (GRHS 
                  [] 
                  ({ tests/examples/MultiWayIf.hs:9:15-17 }
                   Just (Ann (DP (0,1)) (ColDelta 15) DP (0,1) [] [((G AnnOpenP),DP (0,0)),((G AnnVal),DP (0,0)),((G AnnCloseP),DP (0,0))])
                   (HsVar 
                    (Unqual {OccName: +})))))] 
               (EmptyLocalBinds))))] 
           [] 
           (PlaceHolder) 
           (FromSource)) 
          (WpHole) 
          (PlaceHolder) 
          [])),
        ({ tests/examples/MultiWayIf.hs:10:5-17 }
         Just (Ann (DP (1,5)) (ColDelta 5) DP (1,5) [] [])
         (FunBind 
          ({ tests/examples/MultiWayIf.hs:10:5-11 }
           Just (Ann (DP (0,0)) (ColDelta 5) DP (0,0) [] [((G AnnVal),DP (0,0))])
           (Unqual {OccName: animSub})) 
          (False) 
          (MG 
           [
            ({ tests/examples/MultiWayIf.hs:10:5-17 }
             Just (Ann (DP (0,0)) (ColDelta 5) DP (0,0) [] [((G AnnEqual),DP (0,1))])
             (Match 
              (Just 
               ((,) 
                ({ tests/examples/MultiWayIf.hs:10:5-11 }
                 Just (Ann (DP (0,0)) (ColDelta 5) DP (0,0) [] [((G AnnVal),DP (0,0))])
                 (Unqual {OccName: animSub})) 
                (False))) 
              [] 
              (Nothing) 
              (GRHSs 
               [
                ({ tests/examples/MultiWayIf.hs:10:13-17 }
                 Just (Ann (DP (0,-1)) (ColDelta 13) DP (0,-1) [] [])
                 (GRHS 
                  [] 
                  ({ tests/examples/MultiWayIf.hs:10:15-17 }
                   Just (Ann (DP (0,1)) (ColDelta 15) DP (0,1) [] [((G AnnOpenP),DP (0,0)),((G AnnVal),DP (0,0)),((G AnnCloseP),DP (0,0))])
                   (HsVar 
                    (Unqual {OccName: -})))))] 
               (EmptyLocalBinds))))] 
           [] 
           (PlaceHolder) 
           (FromSource)) 
          (WpHole) 
          (PlaceHolder) 
          [])),
        ({ tests/examples/MultiWayIf.hs:11:5-16 }
         Just (Ann (DP (1,5)) (ColDelta 5) DP (1,5) [] [])
         (FunBind 
          ({ tests/examples/MultiWayIf.hs:11:5-12 }
           Just (Ann (DP (0,0)) (ColDelta 5) DP (0,0) [] [((G AnnVal),DP (0,0))])
           (Unqual {OccName: animZero})) 
          (False) 
          (MG 
           [
            ({ tests/examples/MultiWayIf.hs:11:5-16 }
             Just (Ann (DP (0,0)) (ColDelta 5) DP (0,0) [] [((G AnnEqual),DP (0,1))])
             (Match 
              (Just 
               ((,) 
                ({ tests/examples/MultiWayIf.hs:11:5-12 }
                 Just (Ann (DP (0,0)) (ColDelta 5) DP (0,0) [] [((G AnnVal),DP (0,0))])
                 (Unqual {OccName: animZero})) 
                (False))) 
              [] 
              (Nothing) 
              (GRHSs 
               [
                ({ tests/examples/MultiWayIf.hs:11:14-16 }
                 Just (Ann (DP (0,-1)) (ColDelta 14) DP (0,-1) [] [])
                 (GRHS 
                  [] 
                  ({ tests/examples/MultiWayIf.hs:11:16 }
                   Just (Ann (DP (0,1)) (ColDelta 16) DP (0,1) [] [((G AnnVal),DP (0,0))])
                   (HsOverLit {HsOverLit:0}))))] 
               (EmptyLocalBinds))))] 
           [] 
           (PlaceHolder) 
           (FromSource)) 
          (WpHole) 
          (PlaceHolder) 
          []))]} 
       [] 
       [] 
       [] 
       (Nothing)))))] 
  (Nothing) 
  (Nothing)))
==============
[(AnnKey tests/examples/MultiWayIf.hs:1:1 CN "HsModule",
  (Ann (DP (0,0)) (ColDelta 1) DP (0,0) [] [((G AnnEofPos),DP (1,0))])),
 (AnnKey tests/examples/MultiWayIf.hs:(4,1)-(11,16) CN "InstD",
  (Ann (DP (3,1)) (ColDelta 1) DP (3,1) [DComment (DP (0,0),DP (0,27)) "{-# LANGUAGE MultiWayIf #-}"] [((G AnnInstance),DP (0,0)),((G AnnWhere),DP (0,1))])),
 (AnnKey tests/examples/MultiWayIf.hs:4:10-19 CN "HsTyVar",
  (Ann (DP (0,0)) (ColDelta 10) DP (0,0) [] [((G AnnVal),DP (0,0))])),
 (AnnKey tests/examples/MultiWayIf.hs:4:10-26 CN "HsAppTy",
  (Ann (DP (0,0)) (ColDelta 10) DP (0,0) [] [])),
 (AnnKey tests/examples/MultiWayIf.hs:4:10-26 CN "HsForAllTy",
  (Ann (DP (0,1)) (ColDelta 10) DP (0,1) [] [])),
 (AnnKey tests/examples/MultiWayIf.hs:4:21-26 CN "HsTyVar",
  (Ann (DP (0,1)) (ColDelta 21) DP (0,1) [] [((G AnnVal),DP (0,0))])),
 (AnnKey tests/examples/MultiWayIf.hs:5:5-15 CN "Unqual",
  (Ann (DP (0,0)) (ColDelta 5) DP (0,0) [] [((G AnnVal),DP (0,0))])),
 (AnnKey tests/examples/MultiWayIf.hs:(5,5)-(8,64) CN "FunBind",
  (Ann (DP (1,5)) (ColDelta 5) DP (1,5) [] [])),
 (AnnKey tests/examples/MultiWayIf.hs:(5,5)-(8,64) CN "Match",
  (Ann (DP (0,0)) (ColDelta 5) DP (0,0) [] [((G AnnEqual),DP (0,1))])),
 (AnnKey tests/examples/MultiWayIf.hs:5:17-20 CN "VarPat",
  (Ann (DP (0,1)) (ColDelta 17) DP (0,1) [] [((G AnnVal),DP (0,0))])),
 (AnnKey tests/examples/MultiWayIf.hs:5:22-25 CN "VarPat",
  (Ann (DP (0,1)) (ColDelta 22) DP (0,1) [] [((G AnnVal),DP (0,0))])),
 (AnnKey tests/examples/MultiWayIf.hs:5:27-28 CN "VarPat",
  (Ann (DP (0,1)) (ColDelta 27) DP (0,1) [] [((G AnnVal),DP (0,0))])),
 (AnnKey tests/examples/MultiWayIf.hs:5:30 CN "VarPat",
  (Ann (DP (0,1)) (ColDelta 30) DP (0,1) [] [((G AnnVal),DP (0,0))])),
 (AnnKey tests/examples/MultiWayIf.hs:(5,32)-(8,64) CN "GRHS",
  (Ann (DP (0,-1)) (ColDelta 32) DP (0,-1) [] [])),
 (AnnKey tests/examples/MultiWayIf.hs:(6,9)-(8,64) CN "HsMultiIf",
  (Ann (DP (1,9)) (ColDelta 9) DP (1,9) [] [((G AnnIf),DP (0,0))])),
 (AnnKey tests/examples/MultiWayIf.hs:6:12-27 CN "GRHS",
  (Ann (DP (0,1)) (ColDelta 12) DP (0,1) [] [((G AnnVbar),DP (0,0))])),
 (AnnKey tests/examples/MultiWayIf.hs:6:14 CN "HsVar",
  (Ann (DP (0,0)) (ColDelta 14) DP (0,0) [] [((G AnnVal),DP (0,0))])),
 (AnnKey tests/examples/MultiWayIf.hs:6:14-19 CN "BodyStmt",
  (Ann (DP (0,1)) (ColDelta 14) DP (0,1) [] [])),
 (AnnKey tests/examples/MultiWayIf.hs:6:14-19 CN "OpApp",
  (Ann (DP (0,0)) (ColDelta 14) DP (0,0) [] [])),
 (AnnKey tests/examples/MultiWayIf.hs:6:16-17 CN "HsVar",
  (Ann (DP (0,1)) (ColDelta 16) DP (0,1) [] [((G AnnVal),DP (0,0))])),
 (AnnKey tests/examples/MultiWayIf.hs:6:19 CN "HsOverLit",
  (Ann (DP (0,1)) (ColDelta 19) DP (0,1) [] [((G AnnVal),DP (0,0))])),
 (AnnKey tests/examples/MultiWayIf.hs:6:24-27 CN "HsVar",
  (Ann (DP (0,4)) (ColDelta 24) DP (0,4) [] [((G AnnVal),DP (0,0))])),
 (AnnKey tests/examples/MultiWayIf.hs:7:12-25 CN "GRHS",
  (Ann (DP (1,12)) (ColDelta 12) DP (1,12) [] [((G AnnVbar),DP (0,0))])),
 (AnnKey tests/examples/MultiWayIf.hs:7:14 CN "HsVar",
  (Ann (DP (0,0)) (ColDelta 14) DP (0,0) [] [((G AnnVal),DP (0,0))])),
 (AnnKey tests/examples/MultiWayIf.hs:7:14-19 CN "BodyStmt",
  (Ann (DP (0,1)) (ColDelta 14) DP (0,1) [] [])),
 (AnnKey tests/examples/MultiWayIf.hs:7:14-19 CN "OpApp",
  (Ann (DP (0,0)) (ColDelta 14) DP (0,0) [] [])),
 (AnnKey tests/examples/MultiWayIf.hs:7:16-17 CN "HsVar",
  (Ann (DP (0,1)) (ColDelta 16) DP (0,1) [] [((G AnnVal),DP (0,0))])),
 (AnnKey tests/examples/MultiWayIf.hs:7:19 CN "HsOverLit",
  (Ann (DP (0,1)) (ColDelta 19) DP (0,1) [] [((G AnnVal),DP (0,0))])),
 (AnnKey tests/examples/MultiWayIf.hs:7:24-25 CN "HsVar",
  (Ann (DP (0,4)) (ColDelta 24) DP (0,4) [] [((G AnnVal),DP (0,0))])),
 (AnnKey tests/examples/MultiWayIf.hs:8:12-64 CN "GRHS",
  (Ann (DP (1,12)) (ColDelta 12) DP (1,12) [] [((G AnnVbar),DP (0,0))])),
 (AnnKey tests/examples/MultiWayIf.hs:8:14-22 CN "BodyStmt",
  (Ann (DP (0,1)) (ColDelta 14) DP (0,1) [] [])),
 (AnnKey tests/examples/MultiWayIf.hs:8:14-22 CN "HsVar",
  (Ann (DP (0,0)) (ColDelta 14) DP (0,0) [] [((G AnnVal),DP (0,0))])),
 (AnnKey tests/examples/MultiWayIf.hs:8:27-30 CN "HsVar",
  (Ann (DP (0,0)) (ColDelta 27) DP (0,0) [] [((G AnnVal),DP (0,0))])),
 (AnnKey tests/examples/MultiWayIf.hs:8:27-50 CN "OpApp",
  (Ann (DP (0,0)) (ColDelta 27) DP (0,0) [] [])),
 (AnnKey tests/examples/MultiWayIf.hs:8:27-64 CN "OpApp",
  (Ann (DP (0,4)) (ColDelta 27) DP (0,4) [] [])),
 (AnnKey tests/examples/MultiWayIf.hs:8:32 CN "HsVar",
  (Ann (DP (0,1)) (ColDelta 32) DP (0,1) [] [((G AnnVal),DP (0,0))])),
 (AnnKey tests/examples/MultiWayIf.hs:8:34-43 CN "HsVar",
  (Ann (DP (0,0)) (ColDelta 34) DP (0,0) [] [((G AnnVal),DP (0,0))])),
 (AnnKey tests/examples/MultiWayIf.hs:8:34-48 CN "HsApp",
  (Ann (DP (0,0)) (ColDelta 34) DP (0,0) [] [])),
 (AnnKey tests/examples/MultiWayIf.hs:8:34-50 CN "HsApp",
  (Ann (DP (0,1)) (ColDelta 34) DP (0,1) [] [])),
 (AnnKey tests/examples/MultiWayIf.hs:8:45-48 CN "HsVar",
  (Ann (DP (0,1)) (ColDelta 45) DP (0,1) [] [((G AnnVal),DP (0,0))])),
 (AnnKey tests/examples/MultiWayIf.hs:8:50 CN "HsVar",
  (Ann (DP (0,1)) (ColDelta 50) DP (0,1) [] [((G AnnVal),DP (0,0))])),
 (AnnKey tests/examples/MultiWayIf.hs:8:52 CN "HsVar",
  (Ann (DP (0,1)) (ColDelta 52) DP (0,1) [] [((G AnnVal),DP (0,0))])),
 (AnnKey tests/examples/MultiWayIf.hs:8:54-64 CN "HsPar",
  (Ann (DP (0,1)) (ColDelta 54) DP (0,1) [] [((G AnnOpenP),DP (0,0)),((G AnnCloseP),DP (0,0))])),
 (AnnKey tests/examples/MultiWayIf.hs:8:55-56 CN "HsVar",
  (Ann (DP (0,0)) (ColDelta 55) DP (0,0) [] [((G AnnVal),DP (0,0))])),
 (AnnKey tests/examples/MultiWayIf.hs:8:55-63 CN "OpApp",
  (Ann (DP (0,0)) (ColDelta 55) DP (0,0) [] [])),
 (AnnKey tests/examples/MultiWayIf.hs:8:58 CN "HsVar",
  (Ann (DP (0,1)) (ColDelta 58) DP (0,1) [] [((G AnnVal),DP (0,0))])),
 (AnnKey tests/examples/MultiWayIf.hs:8:60-63 CN "HsVar",
  (Ann (DP (0,1)) (ColDelta 60) DP (0,1) [] [((G AnnVal),DP (0,0))])),
 (AnnKey tests/examples/MultiWayIf.hs:9:5-11 CN "Unqual",
  (Ann (DP (0,0)) (ColDelta 5) DP (0,0) [] [((G AnnVal),DP (0,0))])),
 (AnnKey tests/examples/MultiWayIf.hs:9:5-17 CN "FunBind",
  (Ann (DP (1,5)) (ColDelta 5) DP (1,5) [] [])),
 (AnnKey tests/examples/MultiWayIf.hs:9:5-17 CN "Match",
  (Ann (DP (0,0)) (ColDelta 5) DP (0,0) [] [((G AnnEqual),DP (0,1))])),
 (AnnKey tests/examples/MultiWayIf.hs:9:13-17 CN "GRHS",
  (Ann (DP (0,-1)) (ColDelta 13) DP (0,-1) [] [])),
 (AnnKey tests/examples/MultiWayIf.hs:9:15-17 CN "HsVar",
  (Ann (DP (0,1)) (ColDelta 15) DP (0,1) [] [((G AnnOpenP),DP (0,0)),((G AnnVal),DP (0,0)),((G AnnCloseP),DP (0,0))])),
 (AnnKey tests/examples/MultiWayIf.hs:10:5-11 CN "Unqual",
  (Ann (DP (0,0)) (ColDelta 5) DP (0,0) [] [((G AnnVal),DP (0,0))])),
 (AnnKey tests/examples/MultiWayIf.hs:10:5-17 CN "FunBind",
  (Ann (DP (1,5)) (ColDelta 5) DP (1,5) [] [])),
 (AnnKey tests/examples/MultiWayIf.hs:10:5-17 CN "Match",
  (Ann (DP (0,0)) (ColDelta 5) DP (0,0) [] [((G AnnEqual),DP (0,1))])),
 (AnnKey tests/examples/MultiWayIf.hs:10:13-17 CN "GRHS",
  (Ann (DP (0,-1)) (ColDelta 13) DP (0,-1) [] [])),
 (AnnKey tests/examples/MultiWayIf.hs:10:15-17 CN "HsVar",
  (Ann (DP (0,1)) (ColDelta 15) DP (0,1) [] [((G AnnOpenP),DP (0,0)),((G AnnVal),DP (0,0)),((G AnnCloseP),DP (0,0))])),
 (AnnKey tests/examples/MultiWayIf.hs:11:5-12 CN "Unqual",
  (Ann (DP (0,0)) (ColDelta 5) DP (0,0) [] [((G AnnVal),DP (0,0))])),
 (AnnKey tests/examples/MultiWayIf.hs:11:5-16 CN "FunBind",
  (Ann (DP (1,5)) (ColDelta 5) DP (1,5) [] [])),
 (AnnKey tests/examples/MultiWayIf.hs:11:5-16 CN "Match",
  (Ann (DP (0,0)) (ColDelta 5) DP (0,0) [] [((G AnnEqual),DP (0,1))])),
 (AnnKey tests/examples/MultiWayIf.hs:11:14-16 CN "GRHS",
  (Ann (DP (0,-1)) (ColDelta 14) DP (0,-1) [] [])),
 (AnnKey tests/examples/MultiWayIf.hs:11:16 CN "HsOverLit",
  (Ann (DP (0,1)) (ColDelta 16) DP (0,1) [] [((G AnnVal),DP (0,0))])),
 (AnnKey <no location info> CN "EmptyLocalBinds",
  (Ann (DP (-8,0)) (ColDelta 0) DP (-8,0) [] []))]
==============
([((tests/examples/MultiWayIf.hs:(4,1)-(11,16), AnnInstance),
   [tests/examples/MultiWayIf.hs:4:1-8]),
  ((tests/examples/MultiWayIf.hs:(4,1)-(11,16), AnnSemi),
   [tests/examples/MultiWayIf.hs:12:1]),
  ((tests/examples/MultiWayIf.hs:(4,1)-(11,16), AnnWhere),
   [tests/examples/MultiWayIf.hs:4:28-32]),
  ((tests/examples/MultiWayIf.hs:(5,5)-(8,64), AnnEqual),
   [tests/examples/MultiWayIf.hs:5:32]),
  ((tests/examples/MultiWayIf.hs:(5,5)-(8,64), AnnFunId),
   [tests/examples/MultiWayIf.hs:5:5-15]),
  ((tests/examples/MultiWayIf.hs:(5,5)-(8,64), AnnSemi),
   [tests/examples/MultiWayIf.hs:9:5]),
  ((tests/examples/MultiWayIf.hs:(6,9)-(8,64), AnnIf),
   [tests/examples/MultiWayIf.hs:6:9-10]),
  ((tests/examples/MultiWayIf.hs:6:12-27, AnnRarrow),
   [tests/examples/MultiWayIf.hs:6:21-22]),
  ((tests/examples/MultiWayIf.hs:6:12-27, AnnSemi),
   [tests/examples/MultiWayIf.hs:7:12]),
  ((tests/examples/MultiWayIf.hs:6:12-27, AnnVbar),
   [tests/examples/MultiWayIf.hs:6:12]),
  ((tests/examples/MultiWayIf.hs:(6,12)-(7,25), AnnSemi),
   [tests/examples/MultiWayIf.hs:8:12]),
  ((tests/examples/MultiWayIf.hs:6:14-19, AnnVal),
   [tests/examples/MultiWayIf.hs:6:16-17]),
  ((tests/examples/MultiWayIf.hs:7:12-25, AnnRarrow),
   [tests/examples/MultiWayIf.hs:7:21-22]),
  ((tests/examples/MultiWayIf.hs:7:12-25, AnnVbar),
   [tests/examples/MultiWayIf.hs:7:12]),
  ((tests/examples/MultiWayIf.hs:7:14-19, AnnVal),
   [tests/examples/MultiWayIf.hs:7:16-17]),
  ((tests/examples/MultiWayIf.hs:8:12-64, AnnRarrow),
   [tests/examples/MultiWayIf.hs:8:24-25]),
  ((tests/examples/MultiWayIf.hs:8:12-64, AnnVbar),
   [tests/examples/MultiWayIf.hs:8:12]),
  ((tests/examples/MultiWayIf.hs:8:27-50, AnnVal),
   [tests/examples/MultiWayIf.hs:8:32]),
  ((tests/examples/MultiWayIf.hs:8:27-64, AnnVal),
   [tests/examples/MultiWayIf.hs:8:52]),
  ((tests/examples/MultiWayIf.hs:8:54-64, AnnCloseP),
   [tests/examples/MultiWayIf.hs:8:64]),
  ((tests/examples/MultiWayIf.hs:8:54-64, AnnOpenP),
   [tests/examples/MultiWayIf.hs:8:54]),
  ((tests/examples/MultiWayIf.hs:8:55-63, AnnVal),
   [tests/examples/MultiWayIf.hs:8:58]),
  ((tests/examples/MultiWayIf.hs:9:5-17, AnnEqual),
   [tests/examples/MultiWayIf.hs:9:13]),
  ((tests/examples/MultiWayIf.hs:9:5-17, AnnFunId),
   [tests/examples/MultiWayIf.hs:9:5-11]),
  ((tests/examples/MultiWayIf.hs:9:5-17, AnnSemi),
   [tests/examples/MultiWayIf.hs:10:5]),
  ((tests/examples/MultiWayIf.hs:9:15-17, AnnCloseP),
   [tests/examples/MultiWayIf.hs:9:17]),
  ((tests/examples/MultiWayIf.hs:9:15-17, AnnOpenP),
   [tests/examples/MultiWayIf.hs:9:15]),
  ((tests/examples/MultiWayIf.hs:9:15-17, AnnVal),
   [tests/examples/MultiWayIf.hs:9:16]),
  ((tests/examples/MultiWayIf.hs:10:5-17, AnnEqual),
   [tests/examples/MultiWayIf.hs:10:13]),
  ((tests/examples/MultiWayIf.hs:10:5-17, AnnFunId),
   [tests/examples/MultiWayIf.hs:10:5-11]),
  ((tests/examples/MultiWayIf.hs:10:5-17, AnnSemi),
   [tests/examples/MultiWayIf.hs:11:5]),
  ((tests/examples/MultiWayIf.hs:10:15-17, AnnCloseP),
   [tests/examples/MultiWayIf.hs:10:17]),
  ((tests/examples/MultiWayIf.hs:10:15-17, AnnOpenP),
   [tests/examples/MultiWayIf.hs:10:15]),
  ((tests/examples/MultiWayIf.hs:10:15-17, AnnVal),
   [tests/examples/MultiWayIf.hs:10:16]),
  ((tests/examples/MultiWayIf.hs:11:5-16, AnnEqual),
   [tests/examples/MultiWayIf.hs:11:14]),
  ((tests/examples/MultiWayIf.hs:11:5-16, AnnFunId),
   [tests/examples/MultiWayIf.hs:11:5-12]),
  ((<no location info>, AnnEofPos),
   [tests/examples/MultiWayIf.hs:12:1])],
 [(<no location info>,
   [AnnBlockComment "{-# LANGUAGE MultiWayIf #-}"])])