{-# LANGUAGE ScopedTypeVariables #-}

foo (f :: (Maybe t -> Int)) =
     undefined

type  f `ObjectsFUnder` a  = ConstF f a :/\: f
type  f `ObjectsFOver`  a  = f :/\: ConstF f a

type  c `ObjectsUnder` a  = Id c `ObjectsFUnder` a
type  c `ObjectsOver`  a  = Id c `ObjectsFOver`  a


==============
tests/examples/TypeBrackets.hs
==============
lengths:(282,282)

==============

({ tests/examples/TypeBrackets.hs:1:1 }
 Just (Ann (DP (0,0)) (ColDelta 1) DP (0,0) [] [((G AnnEofPos),DP (2,0))])
 (HsModule 
  (Nothing) 
  (Nothing) 
  [] 
  [
   ({ tests/examples/TypeBrackets.hs:(3,1)-(4,14) }
    Just (Ann (DP (2,1)) (ColDelta 1) DP (2,1) [DComment (DP (0,0),DP (0,36)) "{-# LANGUAGE ScopedTypeVariables #-}"] [])
    (ValD 
     (FunBind 
      ({ tests/examples/TypeBrackets.hs:3:1-3 }
       Just (Ann (DP (0,0)) (ColDelta 1) DP (0,0) [] [((G AnnVal),DP (0,0))])
       (Unqual {OccName: foo})) 
      (False) 
      (MG 
       [
        ({ tests/examples/TypeBrackets.hs:(3,1)-(4,14) }
         Just (Ann (DP (0,0)) (ColDelta 1) DP (0,0) [] [((G AnnEqual),DP (0,1))])
         (Match 
          (Just 
           ((,) 
            ({ tests/examples/TypeBrackets.hs:3:1-3 }
             Just (Ann (DP (0,0)) (ColDelta 1) DP (0,0) [] [((G AnnVal),DP (0,0))])
             (Unqual {OccName: foo})) 
            (False))) 
          [
           ({ tests/examples/TypeBrackets.hs:3:5-27 }
            Just (Ann (DP (0,1)) (ColDelta 5) DP (0,1) [] [((G AnnOpenP),DP (0,0)),((G AnnCloseP),DP (0,0))])
            (ParPat 
             ({ tests/examples/TypeBrackets.hs:3:6-26 }
              Just (Ann (DP (0,0)) (ColDelta 6) DP (0,0) [] [((G AnnDcolon),DP (0,1))])
              (SigPatIn 
               ({ tests/examples/TypeBrackets.hs:3:6 }
                Just (Ann (DP (0,0)) (ColDelta 6) DP (0,0) [] [((G AnnVal),DP (0,0))])
                (VarPat 
                 (Unqual {OccName: f}))) 
               (HsWB 
                ({ tests/examples/TypeBrackets.hs:3:11-26 }
                 Just (Ann (DP (0,1)) (ColDelta 11) DP (0,1) [] [((G AnnOpenP),DP (0,0)),((G AnnCloseP),DP (0,0))])
                 (HsParTy 
                  ({ tests/examples/TypeBrackets.hs:3:12-25 }
                   Just (Ann (DP (0,0)) (ColDelta 12) DP (0,0) [] [((G AnnRarrow),DP (0,1))])
                   (HsFunTy 
                    ({ tests/examples/TypeBrackets.hs:3:12-18 }
                     Just (Ann (DP (0,0)) (ColDelta 12) DP (0,0) [] [])
                     (HsAppTy 
                      ({ tests/examples/TypeBrackets.hs:3:12-16 }
                       Just (Ann (DP (0,0)) (ColDelta 12) DP (0,0) [] [((G AnnVal),DP (0,0))])
                       (HsTyVar 
                        (Unqual {OccName: Maybe}))) 
                      ({ tests/examples/TypeBrackets.hs:3:18 }
                       Just (Ann (DP (0,1)) (ColDelta 18) DP (0,1) [] [((G AnnVal),DP (0,0))])
                       (HsTyVar 
                        (Unqual {OccName: t}))))) 
                    ({ tests/examples/TypeBrackets.hs:3:23-25 }
                     Just (Ann (DP (0,1)) (ColDelta 23) DP (0,1) [] [((G AnnVal),DP (0,0))])
                     (HsTyVar 
                      (Unqual {OccName: Int}))))))) 
                (PlaceHolder) 
                (PlaceHolder) 
                (PlaceHolder))))))] 
          (Nothing) 
          (GRHSs 
           [
            ({ tests/examples/TypeBrackets.hs:(3,29)-(4,14) }
             Just (Ann (DP (0,-1)) (ColDelta 29) DP (0,-1) [] [])
             (GRHS 
              [] 
              ({ tests/examples/TypeBrackets.hs:4:6-14 }
               Just (Ann (DP (1,6)) (ColDelta 6) DP (1,6) [] [((G AnnVal),DP (0,0))])
               (HsVar 
                (Unqual {OccName: undefined})))))] 
           (EmptyLocalBinds))))] 
       [] 
       (PlaceHolder) 
       (FromSource)) 
      (WpHole) 
      (PlaceHolder) 
      []))),
   ({ tests/examples/TypeBrackets.hs:6:1-46 }
    Just (Ann (DP (2,1)) (ColDelta 1) DP (2,1) [] [((G AnnType),DP (0,0)),((G AnnEqual),DP (0,2))])
    (TyClD 
     (SynDecl 
      ({ tests/examples/TypeBrackets.hs:6:9-23 }
       Just (Ann (DP (0,1)) (ColDelta 9) DP (0,1) [] [((G AnnBackquote),DP (0,0)),((G AnnVal),DP (0,0)),((G AnnBackquote),DP (0,0))])
       (Unqual {OccName: ObjectsFUnder})) 
      (HsQTvs 
       [] 
       [
        ({ tests/examples/TypeBrackets.hs:6:7 }
         Just (Ann (DP (0,2)) (ColDelta 7) DP (0,2) [] [((G AnnVal),DP (0,0))])
         (UserTyVar 
          (Unqual {OccName: f}))),
        ({ tests/examples/TypeBrackets.hs:6:25 }
         Just (Ann (DP (0,1)) (ColDelta 25) DP (0,1) [] [((G AnnVal),DP (0,0))])
         (UserTyVar 
          (Unqual {OccName: a})))]) 
      ({ tests/examples/TypeBrackets.hs:6:30-46 }
       Just (Ann (DP (0,1)) (ColDelta 30) DP (0,1) [] [])
       (HsOpTy 
        ({ tests/examples/TypeBrackets.hs:6:30-39 }
         Just (Ann (DP (0,0)) (ColDelta 30) DP (0,0) [] [])
         (HsAppTy 
          ({ tests/examples/TypeBrackets.hs:6:30-37 }
           Just (Ann (DP (0,0)) (ColDelta 30) DP (0,0) [] [])
           (HsAppTy 
            ({ tests/examples/TypeBrackets.hs:6:30-35 }
             Just (Ann (DP (0,0)) (ColDelta 30) DP (0,0) [] [((G AnnVal),DP (0,0))])
             (HsTyVar 
              (Unqual {OccName: ConstF}))) 
            ({ tests/examples/TypeBrackets.hs:6:37 }
             Just (Ann (DP (0,1)) (ColDelta 37) DP (0,1) [] [((G AnnVal),DP (0,0))])
             (HsTyVar 
              (Unqual {OccName: f}))))) 
          ({ tests/examples/TypeBrackets.hs:6:39 }
           Just (Ann (DP (0,1)) (ColDelta 39) DP (0,1) [] [((G AnnVal),DP (0,0))])
           (HsTyVar 
            (Unqual {OccName: a}))))) 
        ((,) 
         (WpKiApps 
          []) 
         ({ tests/examples/TypeBrackets.hs:6:41-44 }
          Just (Ann (DP (0,1)) (ColDelta 41) DP (0,1) [] [((G AnnVal),DP (0,0))])
          (Unqual {OccName: :/\:}))) 
        ({ tests/examples/TypeBrackets.hs:6:46 }
         Just (Ann (DP (0,1)) (ColDelta 46) DP (0,1) [] [((G AnnVal),DP (0,0))])
         (HsTyVar 
          (Unqual {OccName: f}))))) 
      (PlaceHolder)))),
   ({ tests/examples/TypeBrackets.hs:7:1-46 }
    Just (Ann (DP (1,1)) (ColDelta 1) DP (1,1) [] [((G AnnType),DP (0,0)),((G AnnEqual),DP (0,2))])
    (TyClD 
     (SynDecl 
      ({ tests/examples/TypeBrackets.hs:7:9-22 }
       Just (Ann (DP (0,1)) (ColDelta 9) DP (0,1) [] [((G AnnBackquote),DP (0,0)),((G AnnVal),DP (0,0)),((G AnnBackquote),DP (0,0))])
       (Unqual {OccName: ObjectsFOver})) 
      (HsQTvs 
       [] 
       [
        ({ tests/examples/TypeBrackets.hs:7:7 }
         Just (Ann (DP (0,2)) (ColDelta 7) DP (0,2) [] [((G AnnVal),DP (0,0))])
         (UserTyVar 
          (Unqual {OccName: f}))),
        ({ tests/examples/TypeBrackets.hs:7:25 }
         Just (Ann (DP (0,2)) (ColDelta 25) DP (0,2) [] [((G AnnVal),DP (0,0))])
         (UserTyVar 
          (Unqual {OccName: a})))]) 
      ({ tests/examples/TypeBrackets.hs:7:30-46 }
       Just (Ann (DP (0,1)) (ColDelta 30) DP (0,1) [] [])
       (HsOpTy 
        ({ tests/examples/TypeBrackets.hs:7:30 }
         Just (Ann (DP (0,0)) (ColDelta 30) DP (0,0) [] [((G AnnVal),DP (0,0))])
         (HsTyVar 
          (Unqual {OccName: f}))) 
        ((,) 
         (WpKiApps 
          []) 
         ({ tests/examples/TypeBrackets.hs:7:32-35 }
          Just (Ann (DP (0,1)) (ColDelta 32) DP (0,1) [] [((G AnnVal),DP (0,0))])
          (Unqual {OccName: :/\:}))) 
        ({ tests/examples/TypeBrackets.hs:7:37-46 }
         Just (Ann (DP (0,1)) (ColDelta 37) DP (0,1) [] [])
         (HsAppTy 
          ({ tests/examples/TypeBrackets.hs:7:37-44 }
           Just (Ann (DP (0,0)) (ColDelta 37) DP (0,0) [] [])
           (HsAppTy 
            ({ tests/examples/TypeBrackets.hs:7:37-42 }
             Just (Ann (DP (0,0)) (ColDelta 37) DP (0,0) [] [((G AnnVal),DP (0,0))])
             (HsTyVar 
              (Unqual {OccName: ConstF}))) 
            ({ tests/examples/TypeBrackets.hs:7:44 }
             Just (Ann (DP (0,1)) (ColDelta 44) DP (0,1) [] [((G AnnVal),DP (0,0))])
             (HsTyVar 
              (Unqual {OccName: f}))))) 
          ({ tests/examples/TypeBrackets.hs:7:46 }
           Just (Ann (DP (0,1)) (ColDelta 46) DP (0,1) [] [((G AnnVal),DP (0,0))])
           (HsTyVar 
            (Unqual {OccName: a}))))))) 
      (PlaceHolder)))),
   ({ tests/examples/TypeBrackets.hs:9:1-50 }
    Just (Ann (DP (2,1)) (ColDelta 1) DP (2,1) [] [((G AnnType),DP (0,0)),((G AnnEqual),DP (0,2))])
    (TyClD 
     (SynDecl 
      ({ tests/examples/TypeBrackets.hs:9:9-22 }
       Just (Ann (DP (0,1)) (ColDelta 9) DP (0,1) [] [((G AnnBackquote),DP (0,0)),((G AnnVal),DP (0,0)),((G AnnBackquote),DP (0,0))])
       (Unqual {OccName: ObjectsUnder})) 
      (HsQTvs 
       [] 
       [
        ({ tests/examples/TypeBrackets.hs:9:7 }
         Just (Ann (DP (0,2)) (ColDelta 7) DP (0,2) [] [((G AnnVal),DP (0,0))])
         (UserTyVar 
          (Unqual {OccName: c}))),
        ({ tests/examples/TypeBrackets.hs:9:24 }
         Just (Ann (DP (0,1)) (ColDelta 24) DP (0,1) [] [((G AnnVal),DP (0,0))])
         (UserTyVar 
          (Unqual {OccName: a})))]) 
      ({ tests/examples/TypeBrackets.hs:9:29-50 }
       Just (Ann (DP (0,1)) (ColDelta 29) DP (0,1) [] [])
       (HsOpTy 
        ({ tests/examples/TypeBrackets.hs:9:29-32 }
         Just (Ann (DP (0,0)) (ColDelta 29) DP (0,0) [] [])
         (HsAppTy 
          ({ tests/examples/TypeBrackets.hs:9:29-30 }
           Just (Ann (DP (0,0)) (ColDelta 29) DP (0,0) [] [((G AnnVal),DP (0,0))])
           (HsTyVar 
            (Unqual {OccName: Id}))) 
          ({ tests/examples/TypeBrackets.hs:9:32 }
           Just (Ann (DP (0,1)) (ColDelta 32) DP (0,1) [] [((G AnnVal),DP (0,0))])
           (HsTyVar 
            (Unqual {OccName: c}))))) 
        ((,) 
         (WpKiApps 
          []) 
         ({ tests/examples/TypeBrackets.hs:9:34-48 }
          Just (Ann (DP (0,1)) (ColDelta 34) DP (0,1) [] [((G AnnBackquote),DP (0,0)),((G AnnVal),DP (0,0)),((G AnnBackquote),DP (0,0))])
          (Unqual {OccName: ObjectsFUnder}))) 
        ({ tests/examples/TypeBrackets.hs:9:50 }
         Just (Ann (DP (0,1)) (ColDelta 50) DP (0,1) [] [((G AnnVal),DP (0,0))])
         (HsTyVar 
          (Unqual {OccName: a}))))) 
      (PlaceHolder)))),
   ({ tests/examples/TypeBrackets.hs:10:1-50 }
    Just (Ann (DP (1,1)) (ColDelta 1) DP (1,1) [] [((G AnnType),DP (0,0)),((G AnnEqual),DP (0,2))])
    (TyClD 
     (SynDecl 
      ({ tests/examples/TypeBrackets.hs:10:9-21 }
       Just (Ann (DP (0,1)) (ColDelta 9) DP (0,1) [] [((G AnnBackquote),DP (0,0)),((G AnnVal),DP (0,0)),((G AnnBackquote),DP (0,0))])
       (Unqual {OccName: ObjectsOver})) 
      (HsQTvs 
       [] 
       [
        ({ tests/examples/TypeBrackets.hs:10:7 }
         Just (Ann (DP (0,2)) (ColDelta 7) DP (0,2) [] [((G AnnVal),DP (0,0))])
         (UserTyVar 
          (Unqual {OccName: c}))),
        ({ tests/examples/TypeBrackets.hs:10:24 }
         Just (Ann (DP (0,2)) (ColDelta 24) DP (0,2) [] [((G AnnVal),DP (0,0))])
         (UserTyVar 
          (Unqual {OccName: a})))]) 
      ({ tests/examples/TypeBrackets.hs:10:29-50 }
       Just (Ann (DP (0,1)) (ColDelta 29) DP (0,1) [] [])
       (HsOpTy 
        ({ tests/examples/TypeBrackets.hs:10:29-32 }
         Just (Ann (DP (0,0)) (ColDelta 29) DP (0,0) [] [])
         (HsAppTy 
          ({ tests/examples/TypeBrackets.hs:10:29-30 }
           Just (Ann (DP (0,0)) (ColDelta 29) DP (0,0) [] [((G AnnVal),DP (0,0))])
           (HsTyVar 
            (Unqual {OccName: Id}))) 
          ({ tests/examples/TypeBrackets.hs:10:32 }
           Just (Ann (DP (0,1)) (ColDelta 32) DP (0,1) [] [((G AnnVal),DP (0,0))])
           (HsTyVar 
            (Unqual {OccName: c}))))) 
        ((,) 
         (WpKiApps 
          []) 
         ({ tests/examples/TypeBrackets.hs:10:34-47 }
          Just (Ann (DP (0,1)) (ColDelta 34) DP (0,1) [] [((G AnnBackquote),DP (0,0)),((G AnnVal),DP (0,0)),((G AnnBackquote),DP (0,0))])
          (Unqual {OccName: ObjectsFOver}))) 
        ({ tests/examples/TypeBrackets.hs:10:50 }
         Just (Ann (DP (0,2)) (ColDelta 50) DP (0,2) [] [((G AnnVal),DP (0,0))])
         (HsTyVar 
          (Unqual {OccName: a}))))) 
      (PlaceHolder))))] 
  (Nothing) 
  (Nothing)))
==============
[(AnnKey tests/examples/TypeBrackets.hs:1:1 CN "HsModule",
  (Ann (DP (0,0)) (ColDelta 1) DP (0,0) [] [((G AnnEofPos),DP (2,0))])),
 (AnnKey tests/examples/TypeBrackets.hs:3:1-3 CN "Unqual",
  (Ann (DP (0,0)) (ColDelta 1) DP (0,0) [] [((G AnnVal),DP (0,0))])),
 (AnnKey tests/examples/TypeBrackets.hs:(3,1)-(4,14) CN "Match",
  (Ann (DP (0,0)) (ColDelta 1) DP (0,0) [] [((G AnnEqual),DP (0,1))])),
 (AnnKey tests/examples/TypeBrackets.hs:(3,1)-(4,14) CN "ValD",
  (Ann (DP (2,1)) (ColDelta 1) DP (2,1) [DComment (DP (0,0),DP (0,36)) "{-# LANGUAGE ScopedTypeVariables #-}"] [])),
 (AnnKey tests/examples/TypeBrackets.hs:3:5-27 CN "ParPat",
  (Ann (DP (0,1)) (ColDelta 5) DP (0,1) [] [((G AnnOpenP),DP (0,0)),((G AnnCloseP),DP (0,0))])),
 (AnnKey tests/examples/TypeBrackets.hs:3:6 CN "VarPat",
  (Ann (DP (0,0)) (ColDelta 6) DP (0,0) [] [((G AnnVal),DP (0,0))])),
 (AnnKey tests/examples/TypeBrackets.hs:3:6-26 CN "SigPatIn",
  (Ann (DP (0,0)) (ColDelta 6) DP (0,0) [] [((G AnnDcolon),DP (0,1))])),
 (AnnKey tests/examples/TypeBrackets.hs:3:11-26 CN "HsParTy",
  (Ann (DP (0,1)) (ColDelta 11) DP (0,1) [] [((G AnnOpenP),DP (0,0)),((G AnnCloseP),DP (0,0))])),
 (AnnKey tests/examples/TypeBrackets.hs:3:12-16 CN "HsTyVar",
  (Ann (DP (0,0)) (ColDelta 12) DP (0,0) [] [((G AnnVal),DP (0,0))])),
 (AnnKey tests/examples/TypeBrackets.hs:3:12-18 CN "HsAppTy",
  (Ann (DP (0,0)) (ColDelta 12) DP (0,0) [] [])),
 (AnnKey tests/examples/TypeBrackets.hs:3:12-25 CN "HsFunTy",
  (Ann (DP (0,0)) (ColDelta 12) DP (0,0) [] [((G AnnRarrow),DP (0,1))])),
 (AnnKey tests/examples/TypeBrackets.hs:3:18 CN "HsTyVar",
  (Ann (DP (0,1)) (ColDelta 18) DP (0,1) [] [((G AnnVal),DP (0,0))])),
 (AnnKey tests/examples/TypeBrackets.hs:3:23-25 CN "HsTyVar",
  (Ann (DP (0,1)) (ColDelta 23) DP (0,1) [] [((G AnnVal),DP (0,0))])),
 (AnnKey tests/examples/TypeBrackets.hs:(3,29)-(4,14) CN "GRHS",
  (Ann (DP (0,-1)) (ColDelta 29) DP (0,-1) [] [])),
 (AnnKey tests/examples/TypeBrackets.hs:4:6-14 CN "HsVar",
  (Ann (DP (1,6)) (ColDelta 6) DP (1,6) [] [((G AnnVal),DP (0,0))])),
 (AnnKey tests/examples/TypeBrackets.hs:6:1-46 CN "TyClD",
  (Ann (DP (2,1)) (ColDelta 1) DP (2,1) [] [((G AnnType),DP (0,0)),((G AnnEqual),DP (0,2))])),
 (AnnKey tests/examples/TypeBrackets.hs:6:7 CN "UserTyVar",
  (Ann (DP (0,2)) (ColDelta 7) DP (0,2) [] [((G AnnVal),DP (0,0))])),
 (AnnKey tests/examples/TypeBrackets.hs:6:9-23 CN "Unqual",
  (Ann (DP (0,1)) (ColDelta 9) DP (0,1) [] [((G AnnBackquote),DP (0,0)),((G AnnVal),DP (0,0)),((G AnnBackquote),DP (0,0))])),
 (AnnKey tests/examples/TypeBrackets.hs:6:25 CN "UserTyVar",
  (Ann (DP (0,1)) (ColDelta 25) DP (0,1) [] [((G AnnVal),DP (0,0))])),
 (AnnKey tests/examples/TypeBrackets.hs:6:30-35 CN "HsTyVar",
  (Ann (DP (0,0)) (ColDelta 30) DP (0,0) [] [((G AnnVal),DP (0,0))])),
 (AnnKey tests/examples/TypeBrackets.hs:6:30-37 CN "HsAppTy",
  (Ann (DP (0,0)) (ColDelta 30) DP (0,0) [] [])),
 (AnnKey tests/examples/TypeBrackets.hs:6:30-39 CN "HsAppTy",
  (Ann (DP (0,0)) (ColDelta 30) DP (0,0) [] [])),
 (AnnKey tests/examples/TypeBrackets.hs:6:30-46 CN "HsOpTy",
  (Ann (DP (0,1)) (ColDelta 30) DP (0,1) [] [])),
 (AnnKey tests/examples/TypeBrackets.hs:6:37 CN "HsTyVar",
  (Ann (DP (0,1)) (ColDelta 37) DP (0,1) [] [((G AnnVal),DP (0,0))])),
 (AnnKey tests/examples/TypeBrackets.hs:6:39 CN "HsTyVar",
  (Ann (DP (0,1)) (ColDelta 39) DP (0,1) [] [((G AnnVal),DP (0,0))])),
 (AnnKey tests/examples/TypeBrackets.hs:6:41-44 CN "Unqual",
  (Ann (DP (0,1)) (ColDelta 41) DP (0,1) [] [((G AnnVal),DP (0,0))])),
 (AnnKey tests/examples/TypeBrackets.hs:6:46 CN "HsTyVar",
  (Ann (DP (0,1)) (ColDelta 46) DP (0,1) [] [((G AnnVal),DP (0,0))])),
 (AnnKey tests/examples/TypeBrackets.hs:7:1-46 CN "TyClD",
  (Ann (DP (1,1)) (ColDelta 1) DP (1,1) [] [((G AnnType),DP (0,0)),((G AnnEqual),DP (0,2))])),
 (AnnKey tests/examples/TypeBrackets.hs:7:7 CN "UserTyVar",
  (Ann (DP (0,2)) (ColDelta 7) DP (0,2) [] [((G AnnVal),DP (0,0))])),
 (AnnKey tests/examples/TypeBrackets.hs:7:9-22 CN "Unqual",
  (Ann (DP (0,1)) (ColDelta 9) DP (0,1) [] [((G AnnBackquote),DP (0,0)),((G AnnVal),DP (0,0)),((G AnnBackquote),DP (0,0))])),
 (AnnKey tests/examples/TypeBrackets.hs:7:25 CN "UserTyVar",
  (Ann (DP (0,2)) (ColDelta 25) DP (0,2) [] [((G AnnVal),DP (0,0))])),
 (AnnKey tests/examples/TypeBrackets.hs:7:30 CN "HsTyVar",
  (Ann (DP (0,0)) (ColDelta 30) DP (0,0) [] [((G AnnVal),DP (0,0))])),
 (AnnKey tests/examples/TypeBrackets.hs:7:30-46 CN "HsOpTy",
  (Ann (DP (0,1)) (ColDelta 30) DP (0,1) [] [])),
 (AnnKey tests/examples/TypeBrackets.hs:7:32-35 CN "Unqual",
  (Ann (DP (0,1)) (ColDelta 32) DP (0,1) [] [((G AnnVal),DP (0,0))])),
 (AnnKey tests/examples/TypeBrackets.hs:7:37-42 CN "HsTyVar",
  (Ann (DP (0,0)) (ColDelta 37) DP (0,0) [] [((G AnnVal),DP (0,0))])),
 (AnnKey tests/examples/TypeBrackets.hs:7:37-44 CN "HsAppTy",
  (Ann (DP (0,0)) (ColDelta 37) DP (0,0) [] [])),
 (AnnKey tests/examples/TypeBrackets.hs:7:37-46 CN "HsAppTy",
  (Ann (DP (0,1)) (ColDelta 37) DP (0,1) [] [])),
 (AnnKey tests/examples/TypeBrackets.hs:7:44 CN "HsTyVar",
  (Ann (DP (0,1)) (ColDelta 44) DP (0,1) [] [((G AnnVal),DP (0,0))])),
 (AnnKey tests/examples/TypeBrackets.hs:7:46 CN "HsTyVar",
  (Ann (DP (0,1)) (ColDelta 46) DP (0,1) [] [((G AnnVal),DP (0,0))])),
 (AnnKey tests/examples/TypeBrackets.hs:9:1-50 CN "TyClD",
  (Ann (DP (2,1)) (ColDelta 1) DP (2,1) [] [((G AnnType),DP (0,0)),((G AnnEqual),DP (0,2))])),
 (AnnKey tests/examples/TypeBrackets.hs:9:7 CN "UserTyVar",
  (Ann (DP (0,2)) (ColDelta 7) DP (0,2) [] [((G AnnVal),DP (0,0))])),
 (AnnKey tests/examples/TypeBrackets.hs:9:9-22 CN "Unqual",
  (Ann (DP (0,1)) (ColDelta 9) DP (0,1) [] [((G AnnBackquote),DP (0,0)),((G AnnVal),DP (0,0)),((G AnnBackquote),DP (0,0))])),
 (AnnKey tests/examples/TypeBrackets.hs:9:24 CN "UserTyVar",
  (Ann (DP (0,1)) (ColDelta 24) DP (0,1) [] [((G AnnVal),DP (0,0))])),
 (AnnKey tests/examples/TypeBrackets.hs:9:29-30 CN "HsTyVar",
  (Ann (DP (0,0)) (ColDelta 29) DP (0,0) [] [((G AnnVal),DP (0,0))])),
 (AnnKey tests/examples/TypeBrackets.hs:9:29-32 CN "HsAppTy",
  (Ann (DP (0,0)) (ColDelta 29) DP (0,0) [] [])),
 (AnnKey tests/examples/TypeBrackets.hs:9:29-50 CN "HsOpTy",
  (Ann (DP (0,1)) (ColDelta 29) DP (0,1) [] [])),
 (AnnKey tests/examples/TypeBrackets.hs:9:32 CN "HsTyVar",
  (Ann (DP (0,1)) (ColDelta 32) DP (0,1) [] [((G AnnVal),DP (0,0))])),
 (AnnKey tests/examples/TypeBrackets.hs:9:34-48 CN "Unqual",
  (Ann (DP (0,1)) (ColDelta 34) DP (0,1) [] [((G AnnBackquote),DP (0,0)),((G AnnVal),DP (0,0)),((G AnnBackquote),DP (0,0))])),
 (AnnKey tests/examples/TypeBrackets.hs:9:50 CN "HsTyVar",
  (Ann (DP (0,1)) (ColDelta 50) DP (0,1) [] [((G AnnVal),DP (0,0))])),
 (AnnKey tests/examples/TypeBrackets.hs:10:1-50 CN "TyClD",
  (Ann (DP (1,1)) (ColDelta 1) DP (1,1) [] [((G AnnType),DP (0,0)),((G AnnEqual),DP (0,2))])),
 (AnnKey tests/examples/TypeBrackets.hs:10:7 CN "UserTyVar",
  (Ann (DP (0,2)) (ColDelta 7) DP (0,2) [] [((G AnnVal),DP (0,0))])),
 (AnnKey tests/examples/TypeBrackets.hs:10:9-21 CN "Unqual",
  (Ann (DP (0,1)) (ColDelta 9) DP (0,1) [] [((G AnnBackquote),DP (0,0)),((G AnnVal),DP (0,0)),((G AnnBackquote),DP (0,0))])),
 (AnnKey tests/examples/TypeBrackets.hs:10:24 CN "UserTyVar",
  (Ann (DP (0,2)) (ColDelta 24) DP (0,2) [] [((G AnnVal),DP (0,0))])),
 (AnnKey tests/examples/TypeBrackets.hs:10:29-30 CN "HsTyVar",
  (Ann (DP (0,0)) (ColDelta 29) DP (0,0) [] [((G AnnVal),DP (0,0))])),
 (AnnKey tests/examples/TypeBrackets.hs:10:29-32 CN "HsAppTy",
  (Ann (DP (0,0)) (ColDelta 29) DP (0,0) [] [])),
 (AnnKey tests/examples/TypeBrackets.hs:10:29-50 CN "HsOpTy",
  (Ann (DP (0,1)) (ColDelta 29) DP (0,1) [] [])),
 (AnnKey tests/examples/TypeBrackets.hs:10:32 CN "HsTyVar",
  (Ann (DP (0,1)) (ColDelta 32) DP (0,1) [] [((G AnnVal),DP (0,0))])),
 (AnnKey tests/examples/TypeBrackets.hs:10:34-47 CN "Unqual",
  (Ann (DP (0,1)) (ColDelta 34) DP (0,1) [] [((G AnnBackquote),DP (0,0)),((G AnnVal),DP (0,0)),((G AnnBackquote),DP (0,0))])),
 (AnnKey tests/examples/TypeBrackets.hs:10:50 CN "HsTyVar",
  (Ann (DP (0,2)) (ColDelta 50) DP (0,2) [] [((G AnnVal),DP (0,0))])),
 (AnnKey <no location info> CN "EmptyLocalBinds",
  (Ann (DP (-4,0)) (ColDelta 0) DP (-4,0) [] []))]
==============
([((tests/examples/TypeBrackets.hs:(3,1)-(4,14), AnnEqual),
   [tests/examples/TypeBrackets.hs:3:29]),
  ((tests/examples/TypeBrackets.hs:(3,1)-(4,14), AnnFunId),
   [tests/examples/TypeBrackets.hs:3:1-3]),
  ((tests/examples/TypeBrackets.hs:(3,1)-(4,14), AnnSemi),
   [tests/examples/TypeBrackets.hs:6:1]),
  ((tests/examples/TypeBrackets.hs:3:5-27, AnnCloseP),
   [tests/examples/TypeBrackets.hs:3:27]),
  ((tests/examples/TypeBrackets.hs:3:5-27, AnnOpenP),
   [tests/examples/TypeBrackets.hs:3:5]),
  ((tests/examples/TypeBrackets.hs:3:6-26, AnnDcolon),
   [tests/examples/TypeBrackets.hs:3:8-9]),
  ((tests/examples/TypeBrackets.hs:3:11-26, AnnCloseP),
   [tests/examples/TypeBrackets.hs:3:26]),
  ((tests/examples/TypeBrackets.hs:3:11-26, AnnOpenP),
   [tests/examples/TypeBrackets.hs:3:11]),
  ((tests/examples/TypeBrackets.hs:3:12-25, AnnRarrow),
   [tests/examples/TypeBrackets.hs:3:20-21]),
  ((tests/examples/TypeBrackets.hs:6:1-46, AnnCloseP),
   [tests/examples/TypeBrackets.hs:6:26]),
  ((tests/examples/TypeBrackets.hs:6:1-46, AnnEqual),
   [tests/examples/TypeBrackets.hs:6:28]),
  ((tests/examples/TypeBrackets.hs:6:1-46, AnnOpenP),
   [tests/examples/TypeBrackets.hs:6:6]),
  ((tests/examples/TypeBrackets.hs:6:1-46, AnnSemi),
   [tests/examples/TypeBrackets.hs:7:1]),
  ((tests/examples/TypeBrackets.hs:6:1-46, AnnType),
   [tests/examples/TypeBrackets.hs:6:1-4]),
  ((tests/examples/TypeBrackets.hs:6:6-26, AnnCloseP),
   [tests/examples/TypeBrackets.hs:6:26]),
  ((tests/examples/TypeBrackets.hs:6:6-26, AnnOpenP),
   [tests/examples/TypeBrackets.hs:6:6]),
  ((tests/examples/TypeBrackets.hs:6:9-23, AnnBackquote),
   [tests/examples/TypeBrackets.hs:6:9,
    tests/examples/TypeBrackets.hs:6:23]),
  ((tests/examples/TypeBrackets.hs:6:9-23, AnnVal),
   [tests/examples/TypeBrackets.hs:6:10-22]),
  ((tests/examples/TypeBrackets.hs:7:1-46, AnnCloseP),
   [tests/examples/TypeBrackets.hs:7:26]),
  ((tests/examples/TypeBrackets.hs:7:1-46, AnnEqual),
   [tests/examples/TypeBrackets.hs:7:28]),
  ((tests/examples/TypeBrackets.hs:7:1-46, AnnOpenP),
   [tests/examples/TypeBrackets.hs:7:6]),
  ((tests/examples/TypeBrackets.hs:7:1-46, AnnSemi),
   [tests/examples/TypeBrackets.hs:9:1]),
  ((tests/examples/TypeBrackets.hs:7:1-46, AnnType),
   [tests/examples/TypeBrackets.hs:7:1-4]),
  ((tests/examples/TypeBrackets.hs:7:6-26, AnnCloseP),
   [tests/examples/TypeBrackets.hs:7:26]),
  ((tests/examples/TypeBrackets.hs:7:6-26, AnnOpenP),
   [tests/examples/TypeBrackets.hs:7:6]),
  ((tests/examples/TypeBrackets.hs:7:9-22, AnnBackquote),
   [tests/examples/TypeBrackets.hs:7:9,
    tests/examples/TypeBrackets.hs:7:22]),
  ((tests/examples/TypeBrackets.hs:7:9-22, AnnVal),
   [tests/examples/TypeBrackets.hs:7:10-21]),
  ((tests/examples/TypeBrackets.hs:9:1-50, AnnCloseP),
   [tests/examples/TypeBrackets.hs:9:25]),
  ((tests/examples/TypeBrackets.hs:9:1-50, AnnEqual),
   [tests/examples/TypeBrackets.hs:9:27]),
  ((tests/examples/TypeBrackets.hs:9:1-50, AnnOpenP),
   [tests/examples/TypeBrackets.hs:9:6]),
  ((tests/examples/TypeBrackets.hs:9:1-50, AnnSemi),
   [tests/examples/TypeBrackets.hs:10:1]),
  ((tests/examples/TypeBrackets.hs:9:1-50, AnnType),
   [tests/examples/TypeBrackets.hs:9:1-4]),
  ((tests/examples/TypeBrackets.hs:9:6-25, AnnCloseP),
   [tests/examples/TypeBrackets.hs:9:25]),
  ((tests/examples/TypeBrackets.hs:9:6-25, AnnOpenP),
   [tests/examples/TypeBrackets.hs:9:6]),
  ((tests/examples/TypeBrackets.hs:9:9-22, AnnBackquote),
   [tests/examples/TypeBrackets.hs:9:9,
    tests/examples/TypeBrackets.hs:9:22]),
  ((tests/examples/TypeBrackets.hs:9:9-22, AnnVal),
   [tests/examples/TypeBrackets.hs:9:10-21]),
  ((tests/examples/TypeBrackets.hs:9:34-48, AnnBackquote),
   [tests/examples/TypeBrackets.hs:9:34,
    tests/examples/TypeBrackets.hs:9:48]),
  ((tests/examples/TypeBrackets.hs:9:34-48, AnnVal),
   [tests/examples/TypeBrackets.hs:9:35-47]),
  ((tests/examples/TypeBrackets.hs:10:1-50, AnnCloseP),
   [tests/examples/TypeBrackets.hs:10:25]),
  ((tests/examples/TypeBrackets.hs:10:1-50, AnnEqual),
   [tests/examples/TypeBrackets.hs:10:27]),
  ((tests/examples/TypeBrackets.hs:10:1-50, AnnOpenP),
   [tests/examples/TypeBrackets.hs:10:6]),
  ((tests/examples/TypeBrackets.hs:10:1-50, AnnSemi),
   [tests/examples/TypeBrackets.hs:12:1]),
  ((tests/examples/TypeBrackets.hs:10:1-50, AnnType),
   [tests/examples/TypeBrackets.hs:10:1-4]),
  ((tests/examples/TypeBrackets.hs:10:6-25, AnnCloseP),
   [tests/examples/TypeBrackets.hs:10:25]),
  ((tests/examples/TypeBrackets.hs:10:6-25, AnnOpenP),
   [tests/examples/TypeBrackets.hs:10:6]),
  ((tests/examples/TypeBrackets.hs:10:9-21, AnnBackquote),
   [tests/examples/TypeBrackets.hs:10:9,
    tests/examples/TypeBrackets.hs:10:21]),
  ((tests/examples/TypeBrackets.hs:10:9-21, AnnVal),
   [tests/examples/TypeBrackets.hs:10:10-20]),
  ((tests/examples/TypeBrackets.hs:10:34-47, AnnBackquote),
   [tests/examples/TypeBrackets.hs:10:34,
    tests/examples/TypeBrackets.hs:10:47]),
  ((tests/examples/TypeBrackets.hs:10:34-47, AnnVal),
   [tests/examples/TypeBrackets.hs:10:35-46]),
  ((<no location info>, AnnEofPos),
   [tests/examples/TypeBrackets.hs:12:1])],
 [(<no location info>,
   [AnnBlockComment "{-# LANGUAGE ScopedTypeVariables #-}"])])